Archive member included to satisfy reference by file (symbol)

../Middlewares/ST/AI/Lib/NetworkRuntime511_CM7_GCC.a(ai_platform_interface.o)
                              Src/network.o (ai_platform_runtime_get_revision)
../Middlewares/ST/AI/Lib/NetworkRuntime511_CM7_GCC.a(core_mem_manager.o)
                              ../Middlewares/ST/AI/Lib/NetworkRuntime511_CM7_GCC.a(ai_platform_interface.o) (core_mem_alloc)
../Middlewares/ST/AI/Lib/NetworkRuntime511_CM7_GCC.a(core_common.o)
                              ../Middlewares/ST/AI/Lib/NetworkRuntime511_CM7_GCC.a(ai_platform_interface.o) (core_init)
../Middlewares/ST/AI/Lib/NetworkRuntime511_CM7_GCC.a(layers_conv2d_generic_float.o)
                              Src/network.o (forward_conv2d_nl_pool)
../Middlewares/ST/AI/Lib/NetworkRuntime511_CM7_GCC.a(layers_nl_generic_float.o)
                              Src/network.o (nl_func_relu_array_f32)
../Middlewares/ST/AI/Lib/NetworkRuntime511_CM7_GCC.a(layers_pool_generic_float.o)
                              Src/network.o (pool_func_mp_array_f32)
../Middlewares/ST/AI/Lib/NetworkRuntime511_CM7_GCC.a(layers.o)
                              ../Middlewares/ST/AI/Lib/NetworkRuntime511_CM7_GCC.a(ai_platform_interface.o) (ai_check_custom_types)
../Middlewares/ST/AI/Lib/NetworkRuntime511_CM7_GCC.a(arm_mat_init_f32.o)
                              ../Middlewares/ST/AI/Lib/NetworkRuntime511_CM7_GCC.a(layers_conv2d_generic_float.o) (arm_mat_init_f32)
../Middlewares/ST/AI/Lib/NetworkRuntime511_CM7_GCC.a(ai_datatypes_format.o)
                              ../Middlewares/ST/AI/Lib/NetworkRuntime511_CM7_GCC.a(ai_platform_interface.o) (ai_array_to_buffer_fmt)
../Middlewares/ST/AI/Lib/NetworkRuntime511_CM7_GCC.a(ai_math_helpers.o)
                              ../Middlewares/ST/AI/Lib/NetworkRuntime511_CM7_GCC.a(layers_nl_generic_float.o) (ai_math_sqrt)
/opt/st/stm32cubeide_1.2.0/plugins/com.st.stm32cube.ide.mcu.externaltools.gnu-tools-for-stm32.7-2018-q2-update.linux64_1.0.0.201904181610/tools/bin/../lib/gcc/arm-none-eabi/7.3.1/../../../../arm-none-eabi/lib/thumb/v7e-m/fpv5/hard/libc_nano.a(lib_a-errno.o)
                              Src/aiSystemPerformance.o (__errno)
/opt/st/stm32cubeide_1.2.0/plugins/com.st.stm32cube.ide.mcu.externaltools.gnu-tools-for-stm32.7-2018-q2-update.linux64_1.0.0.201904181610/tools/bin/../lib/gcc/arm-none-eabi/7.3.1/../../../../arm-none-eabi/lib/thumb/v7e-m/fpv5/hard/libc_nano.a(lib_a-exit.o)
                              /opt/st/stm32cubeide_1.2.0/plugins/com.st.stm32cube.ide.mcu.externaltools.gnu-tools-for-stm32.7-2018-q2-update.linux64_1.0.0.201904181610/tools/bin/../lib/gcc/arm-none-eabi/7.3.1/../../../../arm-none-eabi/lib/thumb/v7e-m/fpv5/hard/crt0.o (exit)
/opt/st/stm32cubeide_1.2.0/plugins/com.st.stm32cube.ide.mcu.externaltools.gnu-tools-for-stm32.7-2018-q2-update.linux64_1.0.0.201904181610/tools/bin/../lib/gcc/arm-none-eabi/7.3.1/../../../../arm-none-eabi/lib/thumb/v7e-m/fpv5/hard/libc_nano.a(lib_a-fflush.o)
                              Src/aiSystemPerformance.o (fflush)
/opt/st/stm32cubeide_1.2.0/plugins/com.st.stm32cube.ide.mcu.externaltools.gnu-tools-for-stm32.7-2018-q2-update.linux64_1.0.0.201904181610/tools/bin/../lib/gcc/arm-none-eabi/7.3.1/../../../../arm-none-eabi/lib/thumb/v7e-m/fpv5/hard/libc_nano.a(lib_a-findfp.o)
                              /opt/st/stm32cubeide_1.2.0/plugins/com.st.stm32cube.ide.mcu.externaltools.gnu-tools-for-stm32.7-2018-q2-update.linux64_1.0.0.201904181610/tools/bin/../lib/gcc/arm-none-eabi/7.3.1/../../../../arm-none-eabi/lib/thumb/v7e-m/fpv5/hard/libc_nano.a(lib_a-fflush.o) (__sinit)
/opt/st/stm32cubeide_1.2.0/plugins/com.st.stm32cube.ide.mcu.externaltools.gnu-tools-for-stm32.7-2018-q2-update.linux64_1.0.0.201904181610/tools/bin/../lib/gcc/arm-none-eabi/7.3.1/../../../../arm-none-eabi/lib/thumb/v7e-m/fpv5/hard/libc_nano.a(lib_a-fwalk.o)
                              /opt/st/stm32cubeide_1.2.0/plugins/com.st.stm32cube.ide.mcu.externaltools.gnu-tools-for-stm32.7-2018-q2-update.linux64_1.0.0.201904181610/tools/bin/../lib/gcc/arm-none-eabi/7.3.1/../../../../arm-none-eabi/lib/thumb/v7e-m/fpv5/hard/libc_nano.a(lib_a-findfp.o) (_fwalk)
/opt/st/stm32cubeide_1.2.0/plugins/com.st.stm32cube.ide.mcu.externaltools.gnu-tools-for-stm32.7-2018-q2-update.linux64_1.0.0.201904181610/tools/bin/../lib/gcc/arm-none-eabi/7.3.1/../../../../arm-none-eabi/lib/thumb/v7e-m/fpv5/hard/libc_nano.a(lib_a-impure.o)
                              /opt/st/stm32cubeide_1.2.0/plugins/com.st.stm32cube.ide.mcu.externaltools.gnu-tools-for-stm32.7-2018-q2-update.linux64_1.0.0.201904181610/tools/bin/../lib/gcc/arm-none-eabi/7.3.1/../../../../arm-none-eabi/lib/thumb/v7e-m/fpv5/hard/libc_nano.a(lib_a-exit.o) (_global_impure_ptr)
/opt/st/stm32cubeide_1.2.0/plugins/com.st.stm32cube.ide.mcu.externaltools.gnu-tools-for-stm32.7-2018-q2-update.linux64_1.0.0.201904181610/tools/bin/../lib/gcc/arm-none-eabi/7.3.1/../../../../arm-none-eabi/lib/thumb/v7e-m/fpv5/hard/libc_nano.a(lib_a-init.o)
[...]
Memory Configuration

Name             Origin             Length             Attributes
DTCMRAM          0x0000000020000000 0x0000000000020000 xrw
ITCMRAM          0x0000000000000000 0x0000000000010000 xrw
RAM_D1           0x0000000024000000 0x0000000000080000 xrw
RAM_D2           0x0000000030000000 0x0000000000048000 xrw
RAM_D3           0x0000000038000000 0x0000000000010000 xrw
FLASH            0x0000000008000000 0x0000000000200000 xr
*default*        0x0000000000000000 0xffffffffffffffff

Linker script and memory map

LOAD /opt/st/stm32cubeide_1.2.0/plugins/com.st.stm32cube.ide.mcu.externaltools.gnu-tools-for-stm32.7-2018-q2-update.linux64_1.0.0.201904181610/tools/bin/../lib/gcc/arm-none-eabi/7.3.1/thumb/v7e-m/fpv5/hard/crti.o
LOAD /opt/st/stm32cubeide_1.2.0/plugins/com.st.stm32cube.ide.mcu.externaltools.gnu-tools-for-stm32.7-2018-q2-update.linux64_1.0.0.201904181610/tools/bin/../lib/gcc/arm-none-eabi/7.3.1/thumb/v7e-m/fpv5/hard/crtbegin.o
LOAD /opt/st/stm32cubeide_1.2.0/plugins/com.st.stm32cube.ide.mcu.externaltools.gnu-tools-for-stm32.7-2018-q2-update.linux64_1.0.0.201904181610/tools/bin/../lib/gcc/arm-none-eabi/7.3.1/../../../../arm-none-eabi/lib/thumb/v7e-m/fpv5/hard/crt0.o
LOAD Drivers/STM32H7xx_HAL_Driver/Src/stm32h7xx_hal.o
LOAD Drivers/STM32H7xx_HAL_Driver/Src/stm32h7xx_hal_cortex.o
LOAD Drivers/STM32H7xx_HAL_Driver/Src/stm32h7xx_hal_crc.o
LOAD Drivers/STM32H7xx_HAL_Driver/Src/stm32h7xx_hal_crc_ex.o
LOAD Drivers/STM32H7xx_HAL_Driver/Src/stm32h7xx_hal_dma.o
LOAD Drivers/STM32H7xx_HAL_Driver/Src/stm32h7xx_hal_dma_ex.o
LOAD Drivers/STM32H7xx_HAL_Driver/Src/stm32h7xx_hal_eth.o
LOAD Drivers/STM32H7xx_HAL_Driver/Src/stm32h7xx_hal_eth_ex.o
LOAD Drivers/STM32H7xx_HAL_Driver/Src/stm32h7xx_hal_exti.o
LOAD Drivers/STM32H7xx_HAL_Driver/Src/stm32h7xx_hal_flash.o
LOAD Drivers/STM32H7xx_HAL_Driver/Src/stm32h7xx_hal_flash_ex.o
LOAD Drivers/STM32H7xx_HAL_Driver/Src/stm32h7xx_hal_gpio.o
LOAD Drivers/STM32H7xx_HAL_Driver/Src/stm32h7xx_hal_hsem.o
LOAD Drivers/STM32H7xx_HAL_Driver/Src/stm32h7xx_hal_i2c.o
LOAD Drivers/STM32H7xx_HAL_Driver/Src/stm32h7xx_hal_i2c_ex.o
LOAD Drivers/STM32H7xx_HAL_Driver/Src/stm32h7xx_hal_mdma.o
LOAD Drivers/STM32H7xx_HAL_Driver/Src/stm32h7xx_hal_pcd.o
LOAD Drivers/STM32H7xx_HAL_Driver/Src/stm32h7xx_hal_pcd_ex.o
LOAD Drivers/STM32H7xx_HAL_Driver/Src/stm32h7xx_hal_pwr.o
LOAD Drivers/STM32H7xx_HAL_Driver/Src/stm32h7xx_hal_pwr_ex.o
LOAD Drivers/STM32H7xx_HAL_Driver/Src/stm32h7xx_hal_rcc.o
LOAD Drivers/STM32H7xx_HAL_Driver/Src/stm32h7xx_hal_rcc_ex.o
LOAD Drivers/STM32H7xx_HAL_Driver/Src/stm32h7xx_hal_tim.o
LOAD Drivers/STM32H7xx_HAL_Driver/Src/stm32h7xx_hal_tim_ex.o
LOAD Drivers/STM32H7xx_HAL_Driver/Src/stm32h7xx_hal_uart.o
LOAD Drivers/STM32H7xx_HAL_Driver/Src/stm32h7xx_hal_uart_ex.o
LOAD Drivers/STM32H7xx_HAL_Driver/Src/stm32h7xx_ll_usb.o
LOAD Src/aiSystemPerformance.o
LOAD Src/app_x-cube-ai.o
LOAD Src/main.o
LOAD Src/network.o
LOAD Src/network_data.o
LOAD Src/stm32h7xx_hal_msp.o
LOAD Src/stm32h7xx_it.o
LOAD Src/syscalls.o
LOAD Src/sysmem.o
LOAD Src/system_stm32h7xx.o
LOAD Startup/startup_stm32h743zitx.o
LOAD ../Middlewares/ST/AI/Lib/NetworkRuntime511_CM7_GCC.a
START GROUP
LOAD /opt/st/stm32cubeide_1.2.0/plugins/com.st.stm32cube.ide.mcu.externaltools.gnu-tools-for-stm32.7-2018-q2-update.linux64_1.0.0.201904181610/tools/bin/../lib/gcc/arm-none-eabi/7.3.1/../../../../arm-none-eabi/lib/thumb/v7e-m/fpv5/hard/libc_nano.a
LOAD /opt/st/stm32cubeide_1.2.0/plugins/com.st.stm32cube.ide.mcu.externaltools.gnu-tools-for-stm32.7-2018-q2-update.linux64_1.0.0.201904181610/tools/bin/../lib/gcc/arm-none-eabi/7.3.1/../../../../arm-none-eabi/lib/thumb/v7e-m/fpv5/hard/libm.a
END GROUP
START GROUP
LOAD /opt/st/stm32cubeide_1.2.0/plugins/com.st.stm32cube.ide.mcu.externaltools.gnu-tools-for-stm32.7-2018-q2-update.linux64_1.0.0.201904181610/tools/bin/../lib/gcc/arm-none-eabi/7.3.1/thumb/v7e-m/fpv5/hard/libgcc.a
LOAD /opt/st/stm32cubeide_1.2.0/plugins/com.st.stm32cube.ide.mcu.externaltools.gnu-tools-for-stm32.7-2018-q2-update.linux64_1.0.0.201904181610/tools/bin/../lib/gcc/arm-none-eabi/7.3.1/../../../../arm-none-eabi/lib/thumb/v7e-m/fpv5/hard/libc_nano.a
END GROUP
START GROUP
LOAD /opt/st/stm32cubeide_1.2.0/plugins/com.st.stm32cube.ide.mcu.externaltools.gnu-tools-for-stm32.7-2018-q2-update.linux64_1.0.0.201904181610/tools/bin/../lib/gcc/arm-none-eabi/7.3.1/thumb/v7e-m/fpv5/hard/libgcc.a
LOAD /opt/st/stm32cubeide_1.2.0/plugins/com.st.stm32cube.ide.mcu.externaltools.gnu-tools-for-stm32.7-2018-q2-update.linux64_1.0.0.201904181610/tools/bin/../lib/gcc/arm-none-eabi/7.3.1/../../../../arm-none-eabi/lib/thumb/v7e-m/fpv5/hard/libc_nano.a
LOAD /opt/st/stm32cubeide_1.2.0/plugins/com.st.stm32cube.ide.mcu.externaltools.gnu-tools-for-stm32.7-2018-q2-update.linux64_1.0.0.201904181610/tools/bin/../lib/gcc/arm-none-eabi/7.3.1/../../../../arm-none-eabi/lib/thumb/v7e-m/fpv5/hard/libnosys.a
END GROUP
START GROUP
LOAD /opt/st/stm32cubeide_1.2.0/plugins/com.st.stm32cube.ide.mcu.externaltools.gnu-tools-for-stm32.7-2018-q2-update.linux64_1.0.0.201904181610/tools/bin/../lib/gcc/arm-none-eabi/7.3.1/thumb/v7e-m/fpv5/hard/libgcc.a
LOAD /opt/st/stm32cubeide_1.2.0/plugins/com.st.stm32cube.ide.mcu.externaltools.gnu-tools-for-stm32.7-2018-q2-update.linux64_1.0.0.201904181610/tools/bin/../lib/gcc/arm-none-eabi/7.3.1/../../../../arm-none-eabi/lib/thumb/v7e-m/fpv5/hard/libc_nano.a
LOAD /opt/st/stm32cubeide_1.2.0/plugins/com.st.stm32cube.ide.mcu.externaltools.gnu-tools-for-stm32.7-2018-q2-update.linux64_1.0.0.201904181610/tools/bin/../lib/gcc/arm-none-eabi/7.3.1/../../../../arm-none-eabi/lib/thumb/v7e-m/fpv5/hard/libnosys.a
END GROUP
LOAD /opt/st/stm32cubeide_1.2.0/plugins/com.st.stm32cube.ide.mcu.externaltools.gnu-tools-for-stm32.7-2018-q2-update.linux64_1.0.0.201904181610/tools/bin/../lib/gcc/arm-none-eabi/7.3.1/thumb/v7e-m/fpv5/hard/crtend.o
LOAD /opt/st/stm32cubeide_1.2.0/plugins/com.st.stm32cube.ide.mcu.externaltools.gnu-tools-for-stm32.7-2018-q2-update.linux64_1.0.0.201904181610/tools/bin/../lib/gcc/arm-none-eabi/7.3.1/thumb/v7e-m/fpv5/hard/crtn.o
                0x0000000024080000                _estack = (ORIGIN (RAM_D1) + LENGTH (RAM_D1))
                0x0000000000000200                _Min_Heap_Size = 0x200
                0x0000000000000800                _Min_Stack_Size = 0x800

.isr_vector     0x0000000008000000      0x298
                0x0000000008000000                . = ALIGN (0x4)
 *(.isr_vector)
 .isr_vector    0x0000000008000000      0x298 Startup/startup_stm32h743zitx.o
                0x0000000008000000                g_pfnVectors
                0x0000000008000298                . = ALIGN (0x4)

.text           0x00000000080002a0     0xf714
                0x00000000080002a0                . = ALIGN (0x4)
 *(.text)
 .text          0x00000000080002a0       0x40 /opt/st/stm32cubeide_1.2.0/plugins/com.st.stm32cube.ide.mcu.externaltools.gnu-tools-for-stm32.7-2018-q2-update.linux64_1.0.0.201904181610/tools/bin/../lib/gcc/arm-none-eabi/7.3.1/thumb/v7e-m/fpv5/hard/crtbegin.o
 .text          0x00000000080002e0       0x10 /opt/st/stm32cubeide_1.2.0/plugins/com.st.stm32cube.ide.mcu.externaltools.gnu-tools-for-stm32.7-2018-q2-update.linux64_1.0.0.201904181610/tools/bin/../lib/gcc/arm-none-eabi/7.3.1/../../../../arm-none-eabi/lib/thumb/v7e-m/fpv5/hard/libc_nano.a(lib_a-strlen.o)
                0x00000000080002e0                strlen
 .text          0x00000000080002f0       0xa0 /opt/st/stm32cubeide_1.2.0/plugins/com.st.stm32cube.ide.mcu.externaltools.gnu-tools-for-stm32.7-2018-q2-update.linux64_1.0.0.201904181610/tools/bin/../lib/gcc/arm-none-eabi/7.3.1/../../../../arm-none-eabi/lib/thumb/v7e-m/fpv5/hard/libc_nano.a(lib_a-memchr.o)
                0x00000000080002f0                memchr
 .text          0x0000000008000390       0x30 /opt/st/stm32cubeide_1.2.0/plugins/com.st.stm32cube.ide.mcu.externaltools.gnu-tools-for-stm32.7-2018-q2-update.linux64_1.0.0.201904181610/tools/bin/../lib/gcc/arm-none-eabi/7.3.1/thumb/v7e-m/fpv5/hard/libgcc.a(_aeabi_uldivmod.o)
                0x0000000008000390                __aeabi_uldivmod
 .text          0x00000000080003c0      0x2cc /opt/st/stm32cubeide_1.2.0/plugins/com.st.stm32cube.ide.mcu.externaltools.gnu-tools-for-stm32.7-2018-q2-update.linux64_1.0.0.201904181610/tools/bin/../lib/gcc/arm-none-eabi/7.3.1/thumb/v7e-m/fpv5/hard/libgcc.a(_udivmoddi4.o)
                0x00000000080003c0                __udivmoddi4
 .text          0x000000000800068c        0x4 /opt/st/stm32cubeide_1.2.0/plugins/com.st.stm32cube.ide.mcu.externaltools.gnu-tools-for-stm32.7-2018-q2-update.linux64_1.0.0.201904181610/tools/bin/../lib/gcc/arm-none-eabi/7.3.1/thumb/v7e-m/fpv5/hard/libgcc.a(_dvmd_tls.o)
                0x000000000800068c                __aeabi_ldiv0
                0x000000000800068c                __aeabi_idiv0
 *(.text*)
 .text.HAL_Init
                0x0000000008000690       0x78 Drivers/STM32H7xx_HAL_Driver/Src/stm32h7xx_hal.o
                0x0000000008000690                HAL_Init
 .text.HAL_InitTick
                0x0000000008000708       0x6c Drivers/STM32H7xx_HAL_Driver/Src/stm32h7xx_hal.o
                0x0000000008000708                HAL_InitTick
 .text.HAL_IncTick
                0x0000000008000774       0x28 Drivers/STM32H7xx_HAL_Driver/Src/stm32h7xx_hal.o
                0x0000000008000774                HAL_IncTick
 .text.HAL_GetTick
                0x000000000800079c       0x18 Drivers/STM32H7xx_HAL_Driver/Src/stm32h7xx_hal.o
                0x000000000800079c                HAL_GetTick
 .text.HAL_Delay
                0x00000000080007b4       0x44 Drivers/STM32H7xx_HAL_Driver/Src/stm32h7xx_hal.o
                0x00000000080007b4                HAL_Delay
 .text.HAL_GetHalVersion
                0x00000000080007f8       0x12 Drivers/STM32H7xx_HAL_Driver/Src/stm32h7xx_hal.o
                0x00000000080007f8                HAL_GetHalVersion
 *fill*         0x000000000800080a        0x2 
 .text.HAL_GetREVID
                0x000000000800080c       0x18 Drivers/STM32H7xx_HAL_Driver/Src/stm32h7xx_hal.o
                0x000000000800080c                HAL_GetREVID
 .text.HAL_GetDEVID
                0x0000000008000824       0x1c Drivers/STM32H7xx_HAL_Driver/Src/stm32h7xx_hal.o
                0x0000000008000824                HAL_GetDEVID
 .text.HAL_SYSCFG_ETHInterfaceSelect
                0x0000000008000840       0x28 Drivers/STM32H7xx_HAL_Driver/Src/stm32h7xx_hal.o
                0x0000000008000840                HAL_SYSCFG_ETHInterfaceSelect
 .text.__NVIC_SetPriorityGrouping
                0x0000000008000868       0x48 Drivers/STM32H7xx_HAL_Driver/Src/stm32h7xx_hal_cortex.o
 .text.__NVIC_GetPriorityGrouping
                0x00000000080008b0       0x1c Drivers/STM32H7xx_HAL_Driver/Src/stm32h7xx_hal_cortex.o
 .text.__NVIC_SetPriority
                0x00000000080008cc       0x54 Drivers/STM32H7xx_HAL_Driver/Src/stm32h7xx_hal_cortex.o
 .text.NVIC_EncodePriority
                0x0000000008000920       0x66 Drivers/STM32H7xx_HAL_Driver/Src/stm32h7xx_hal_cortex.o
 *fill*         0x0000000008000986        0x2 
 .text.SysTick_Config
                0x0000000008000988       0x44 Drivers/STM32H7xx_HAL_Driver/Src/stm32h7xx_hal_cortex.o
 .text.HAL_NVIC_SetPriorityGrouping
                0x00000000080009cc       0x16 Drivers/STM32H7xx_HAL_Driver/Src/stm32h7xx_hal_cortex.o
                0x00000000080009cc                HAL_NVIC_SetPriorityGrouping
 .text.HAL_NVIC_SetPriority
                0x00000000080009e2       0x34 Drivers/STM32H7xx_HAL_Driver/Src/stm32h7xx_hal_cortex.o
                0x00000000080009e2                HAL_NVIC_SetPriority
 .text.HAL_SYSTICK_Config
                0x0000000008000a16       0x18 Drivers/STM32H7xx_HAL_Driver/Src/stm32h7xx_hal_cortex.o
                0x0000000008000a16                HAL_SYSTICK_Config
 *fill*         0x0000000008000a2e        0x2 
 .text.HAL_CRC_Init
                0x0000000008000a30       0xc8 Drivers/STM32H7xx_HAL_Driver/Src/stm32h7xx_hal_crc.o
                0x0000000008000a30                HAL_CRC_Init
 .text.HAL_CRCEx_Polynomial_Set
                0x0000000008000af8      0x10c Drivers/STM32H7xx_HAL_Driver/Src/stm32h7xx_hal_crc_ex.o
                0x0000000008000af8                HAL_CRCEx_Polynomial_Set
 .text.HAL_ETH_Init
                0x0000000008000c04      0x1b4 Drivers/STM32H7xx_HAL_Driver/Src/stm32h7xx_hal_eth.o
                0x0000000008000c04                HAL_ETH_Init
 .text.ETH_SetMACConfig
                0x0000000008000db8      0x238 Drivers/STM32H7xx_HAL_Driver/Src/stm32h7xx_hal_eth.o
 .text.ETH_SetDMAConfig
                0x0000000008000ff0      0x10c Drivers/STM32H7xx_HAL_Driver/Src/stm32h7xx_hal_eth.o
 .text.ETH_MACDMAConfig
                0x00000000080010fc      0x13a Drivers/STM32H7xx_HAL_Driver/Src/stm32h7xx_hal_eth.o
 *fill*         0x0000000008001236        0x2 
 .text.ETH_MAC_MDIO_ClkConfig
                0x0000000008001238       0xb0 Drivers/STM32H7xx_HAL_Driver/Src/stm32h7xx_hal_eth.o
 .text.ETH_DMATxDescListInit
                0x00000000080012e8       0x8e Drivers/STM32H7xx_HAL_Driver/Src/stm32h7xx_hal_eth.o
 .text.ETH_DMARxDescListInit
                0x0000000008001376       0xba Drivers/STM32H7xx_HAL_Driver/Src/stm32h7xx_hal_eth.o
 .text.HAL_GPIO_Init
                0x0000000008001430      0x360 Drivers/STM32H7xx_HAL_Driver/Src/stm32h7xx_hal_gpio.o
                0x0000000008001430                HAL_GPIO_Init
 .text.HAL_GPIO_WritePin
                0x0000000008001790       0x32 Drivers/STM32H7xx_HAL_Driver/Src/stm32h7xx_hal_gpio.o
                0x0000000008001790                HAL_GPIO_WritePin
 .text.HAL_PCD_Init
                0x00000000080017c2      0x248 Drivers/STM32H7xx_HAL_Driver/Src/stm32h7xx_hal_pcd.o
                0x00000000080017c2                HAL_PCD_Init
 *fill*         0x0000000008001a0a        0x2 
 .text.HAL_PCDEx_ActivateLPM
                0x0000000008001a0c       0x48 Drivers/STM32H7xx_HAL_Driver/Src/stm32h7xx_hal_pcd_ex.o
                0x0000000008001a0c                HAL_PCDEx_ActivateLPM
 .text.HAL_PWREx_ConfigSupply
                0x0000000008001a54       0x74 Drivers/STM32H7xx_HAL_Driver/Src/stm32h7xx_hal_pwr_ex.o
                0x0000000008001a54                HAL_PWREx_ConfigSupply
 .text.HAL_PWREx_EnableUSBVoltageDetector
                0x0000000008001ac8       0x20 Drivers/STM32H7xx_HAL_Driver/Src/stm32h7xx_hal_pwr_ex.o
                0x0000000008001ac8                HAL_PWREx_EnableUSBVoltageDetector
 .text.HAL_RCC_OscConfig
                0x0000000008001ae8      0x7b0 Drivers/STM32H7xx_HAL_Driver/Src/stm32h7xx_hal_rcc.o
                0x0000000008001ae8                HAL_RCC_OscConfig
 .text.HAL_RCC_ClockConfig
                0x0000000008002298      0x36c Drivers/STM32H7xx_HAL_Driver/Src/stm32h7xx_hal_rcc.o
                0x0000000008002298                HAL_RCC_ClockConfig
 .text.HAL_RCC_GetSysClockFreq
                0x0000000008002604      0x2e4 Drivers/STM32H7xx_HAL_Driver/Src/stm32h7xx_hal_rcc.o
                0x0000000008002604                HAL_RCC_GetSysClockFreq
 .text.HAL_RCC_GetHCLKFreq
                0x00000000080028e8       0x60 Drivers/STM32H7xx_HAL_Driver/Src/stm32h7xx_hal_rcc.o
                0x00000000080028e8                HAL_RCC_GetHCLKFreq
 .text.HAL_RCC_GetPCLK1Freq
                0x0000000008002948       0x2c Drivers/STM32H7xx_HAL_Driver/Src/stm32h7xx_hal_rcc.o
                0x0000000008002948                HAL_RCC_GetPCLK1Freq
 .text.HAL_RCC_GetPCLK2Freq
                0x0000000008002974       0x2c Drivers/STM32H7xx_HAL_Driver/Src/stm32h7xx_hal_rcc.o
                0x0000000008002974                HAL_RCC_GetPCLK2Freq
 .text.HAL_RCCEx_PeriphCLKConfig
                0x00000000080029a0      0xdbc Drivers/STM32H7xx_HAL_Driver/Src/stm32h7xx_hal_rcc_ex.o
                0x00000000080029a0                HAL_RCCEx_PeriphCLKConfig
 .text.HAL_RCCEx_GetD3PCLK1Freq
                0x000000000800375c       0x2c Drivers/STM32H7xx_HAL_Driver/Src/stm32h7xx_hal_rcc_ex.o
                0x000000000800375c                HAL_RCCEx_GetD3PCLK1Freq
 .text.HAL_RCCEx_GetPLL2ClockFreq
                0x0000000008003788      0x298 Drivers/STM32H7xx_HAL_Driver/Src/stm32h7xx_hal_rcc_ex.o
                0x0000000008003788                HAL_RCCEx_GetPLL2ClockFreq
 .text.HAL_RCCEx_GetPLL3ClockFreq
                0x0000000008003a20      0x298 Drivers/STM32H7xx_HAL_Driver/Src/stm32h7xx_hal_rcc_ex.o
                0x0000000008003a20                HAL_RCCEx_GetPLL3ClockFreq
 .text.RCCEx_PLL2_Config
                0x0000000008003cb8      0x164 Drivers/STM32H7xx_HAL_Driver/Src/stm32h7xx_hal_rcc_ex.o
 .text.RCCEx_PLL3_Config
                0x0000000008003e1c      0x164 Drivers/STM32H7xx_HAL_Driver/Src/stm32h7xx_hal_rcc_ex.o
 .text.HAL_UART_Init
                0x0000000008003f80       0xa0 Drivers/STM32H7xx_HAL_Driver/Src/stm32h7xx_hal_uart.o
                0x0000000008003f80                HAL_UART_Init
 .text.HAL_UART_Transmit
                0x0000000008004020      0x12c Drivers/STM32H7xx_HAL_Driver/Src/stm32h7xx_hal_uart.o
                0x0000000008004020                HAL_UART_Transmit
 *fill*         0x000000000800414c        0x4 
 .text.UART_SetConfig
                0x0000000008004150     0x22fc Drivers/STM32H7xx_HAL_Driver/Src/stm32h7xx_hal_uart.o
                0x0000000008004150                UART_SetConfig
 .text.UART_AdvFeatureConfig
                0x000000000800644c      0x144 Drivers/STM32H7xx_HAL_Driver/Src/stm32h7xx_hal_uart.o
                0x000000000800644c                UART_AdvFeatureConfig
 .text.UART_CheckIdleState
                0x0000000008006590       0x90 Drivers/STM32H7xx_HAL_Driver/Src/stm32h7xx_hal_uart.o
                0x0000000008006590                UART_CheckIdleState
 .text.UART_WaitOnFlagUntilTimeout
                0x0000000008006620      0x100 Drivers/STM32H7xx_HAL_Driver/Src/stm32h7xx_hal_uart.o
                0x0000000008006620                UART_WaitOnFlagUntilTimeout
 .text.HAL_UARTEx_DisableFifoMode
                0x0000000008006720       0x72 Drivers/STM32H7xx_HAL_Driver/Src/stm32h7xx_hal_uart_ex.o
                0x0000000008006720                HAL_UARTEx_DisableFifoMode
 .text.HAL_UARTEx_SetTxFifoThreshold
                0x0000000008006792       0x7c Drivers/STM32H7xx_HAL_Driver/Src/stm32h7xx_hal_uart_ex.o
                0x0000000008006792                HAL_UARTEx_SetTxFifoThreshold
 .text.HAL_UARTEx_SetRxFifoThreshold
                0x000000000800680e       0x7c Drivers/STM32H7xx_HAL_Driver/Src/stm32h7xx_hal_uart_ex.o
                0x000000000800680e                HAL_UARTEx_SetRxFifoThreshold
 *fill*         0x000000000800688a        0x2 
 .text.UARTEx_SetNbDataToProcess
                0x000000000800688c       0xd0 Drivers/STM32H7xx_HAL_Driver/Src/stm32h7xx_hal_uart_ex.o
 .text.USB_CoreInit
                0x000000000800695c       0xc4 Drivers/STM32H7xx_HAL_Driver/Src/stm32h7xx_ll_usb.o
                0x000000000800695c                USB_CoreInit
 .text.USB_DisableGlobalInt
                0x0000000008006a20       0x22 Drivers/STM32H7xx_HAL_Driver/Src/stm32h7xx_ll_usb.o
                0x0000000008006a20                USB_DisableGlobalInt
 .text.USB_SetCurrentMode
                0x0000000008006a42       0x54 Drivers/STM32H7xx_HAL_Driver/Src/stm32h7xx_ll_usb.o
                0x0000000008006a42                USB_SetCurrentMode
 *fill*         0x0000000008006a96        0x2 
 .text.USB_DevInit
                0x0000000008006a98      0x2bc Drivers/STM32H7xx_HAL_Driver/Src/stm32h7xx_ll_usb.o
                0x0000000008006a98                USB_DevInit
 .text.USB_FlushTxFifo
                0x0000000008006d54       0x4c Drivers/STM32H7xx_HAL_Driver/Src/stm32h7xx_ll_usb.o
                0x0000000008006d54                USB_FlushTxFifo
 .text.USB_FlushRxFifo
                0x0000000008006da0       0x44 Drivers/STM32H7xx_HAL_Driver/Src/stm32h7xx_ll_usb.o
                0x0000000008006da0                USB_FlushRxFifo
 .text.USB_SetDevSpeed
                0x0000000008006de4       0x32 Drivers/STM32H7xx_HAL_Driver/Src/stm32h7xx_ll_usb.o
                0x0000000008006de4                USB_SetDevSpeed
 .text.USB_DevDisconnect
                0x0000000008006e16       0x30 Drivers/STM32H7xx_HAL_Driver/Src/stm32h7xx_ll_usb.o
                0x0000000008006e16                USB_DevDisconnect
 *fill*         0x0000000008006e46        0x2 
 .text.USB_CoreReset
                0x0000000008006e48       0x68 Drivers/STM32H7xx_HAL_Driver/Src/stm32h7xx_ll_usb.o
 .text.crcIpInit
                0x0000000008006eb0       0x34 Src/aiSystemPerformance.o
 .text.dwtIpInit
                0x0000000008006ee4       0x38 Src/aiSystemPerformance.o
 .text.dwtReset
                0x0000000008006f1c       0x18 Src/aiSystemPerformance.o
 .text.dwtGetCycles
                0x0000000008006f34       0x18 Src/aiSystemPerformance.o
 .text.cyclesCounterInit
                0x0000000008006f4c       0x3c Src/aiSystemPerformance.o
 .text.systemCoreClock
                0x0000000008006f88        0xe Src/aiSystemPerformance.o
 .text.dwtCyclesToTime
                0x0000000008006f96      0x266 Src/aiSystemPerformance.o
 .text.devIdToStr
                0x00000000080071fc      0x22c Src/aiSystemPerformance.o
 .text.bitToStr
                0x0000000008007428       0x28 Src/aiSystemPerformance.o
 .text.logDeviceConf
                0x0000000008007450      0x14c Src/aiSystemPerformance.o
 .text._write   0x000000000800759c       0x5c Src/aiSystemPerformance.o
                0x000000000800759c                _write
 .text.aiLogErr
                0x00000000080075f8       0x48 Src/aiSystemPerformance.o
 .text.aiPrintLayoutBuffer
                0x0000000008007640      0x3e8 Src/aiSystemPerformance.o
 .text.aiPrintNetworkInfo
                0x0000000008007a28      0x1b4 Src/aiSystemPerformance.o
 .text.aiBootstrap
                0x0000000008007bdc      0x1d0 Src/aiSystemPerformance.o
 .text.aiInit   0x0000000008007dac       0x60 Src/aiSystemPerformance.o
 .text.aiSystemPerformanceInit
                0x0000000008007e0c       0x5c Src/aiSystemPerformance.o
                0x0000000008007e0c                aiSystemPerformanceInit
 .text.aiSystemPerformanceProcess
                0x0000000008007e68      0xaa8 Src/aiSystemPerformance.o
                0x0000000008007e68                aiSystemPerformanceProcess
 .text.MX_X_CUBE_AI_Init
                0x0000000008008910       0x10 Src/app_x-cube-ai.o
                0x0000000008008910                MX_X_CUBE_AI_Init
 .text.MX_X_CUBE_AI_Process
                0x0000000008008920       0x14 Src/app_x-cube-ai.o
                0x0000000008008920                MX_X_CUBE_AI_Process
 .text.ai_mnetwork_is_valid
                0x0000000008008934       0x56 Src/app_x-cube-ai.o
 *fill*         0x000000000800898a        0x2 
 .text.ai_mnetwork_handle
                0x000000000800898c       0x74 Src/app_x-cube-ai.o
 .text.ai_mnetwork_release_handle
                0x0000000008008a00       0x58 Src/app_x-cube-ai.o
 .text.ai_mnetwork_find
                0x0000000008008a58       0x60 Src/app_x-cube-ai.o
                0x0000000008008a58                ai_mnetwork_find
 .text.ai_mnetwork_create
                0x0000000008008ab8       0xd8 Src/app_x-cube-ai.o
                0x0000000008008ab8                ai_mnetwork_create
 .text.ai_mnetwork_destroy
                0x0000000008008b90       0x44 Src/app_x-cube-ai.o
                0x0000000008008b90                ai_mnetwork_destroy
 .text.ai_mnetwork_get_info
                0x0000000008008bd4       0x36 Src/app_x-cube-ai.o
                0x0000000008008bd4                ai_mnetwork_get_info
 .text.ai_mnetwork_get_error
                0x0000000008008c0a       0x40 Src/app_x-cube-ai.o
                0x0000000008008c0a                ai_mnetwork_get_error
 .text.ai_mnetwork_init
                0x0000000008008c4a       0xa2 Src/app_x-cube-ai.o
                0x0000000008008c4a                ai_mnetwork_init
 .text.ai_mnetwork_run
                0x0000000008008cec       0x38 Src/app_x-cube-ai.o
                0x0000000008008cec                ai_mnetwork_run
 .text.ai_mnetwork_get_ext_data_activations
                0x0000000008008d24       0x4a Src/app_x-cube-ai.o
                0x0000000008008d24                ai_mnetwork_get_ext_data_activations
 *fill*         0x0000000008008d6e        0x2 
 .text.SCB_EnableICache
                0x0000000008008d70       0x40 Src/main.o
 .text.SCB_EnableDCache
                0x0000000008008db0       0x80 Src/main.o
 .text.main     0x0000000008008e30       0x32 Src/main.o
                0x0000000008008e30                main
 *fill*         0x0000000008008e62        0x2 
 .text.SystemClock_Config
                0x0000000008008e64      0x170 Src/main.o
                0x0000000008008e64                SystemClock_Config
 .text.MX_CRC_Init
                0x0000000008008fd4       0x44 Src/main.o
 .text.MX_ETH_Init
                0x0000000008009018       0xa4 Src/main.o
 .text.MX_USART3_UART_Init
                0x00000000080090bc       0x98 Src/main.o
                0x00000000080090bc                MX_USART3_UART_Init
 .text.MX_USB_OTG_FS_PCD_Init
                0x0000000008009154       0x64 Src/main.o
 .text.MX_GPIO_Init
                0x00000000080091b8      0x168 Src/main.o
 .text.Error_Handler
                0x0000000008009320        0xe Src/main.o
                0x0000000008009320                Error_Handler
 *fill*         0x000000000800932e        0x2 
 .text.network_configure_activations
                0x0000000008009330       0xb0 Src/network.o
 .text.network_configure_weights
                0x00000000080093e0       0xe8 Src/network.o
 .text.ai_network_get_info
                0x00000000080094c8       0xd4 Src/network.o
                0x00000000080094c8                ai_network_get_info
 .text.ai_network_get_error
                0x000000000800959c       0x18 Src/network.o
                0x000000000800959c                ai_network_get_error
 .text.ai_network_create
                0x00000000080095b4       0x2c Src/network.o
                0x00000000080095b4                ai_network_create
 .text.ai_network_destroy
                0x00000000080095e0       0x18 Src/network.o
                0x00000000080095e0                ai_network_destroy
 .text.ai_network_init
                0x00000000080095f8       0x7e Src/network.o
                0x00000000080095f8                ai_network_init
 .text.ai_network_run
                0x0000000008009676       0x20 Src/network.o
                0x0000000008009676                ai_network_run
 .text.ai_network_forward
                0x0000000008009696       0x1e Src/network.o
                0x0000000008009696                ai_network_forward
 .text.ai_network_data_weights_get
                0x00000000080096b4       0x14 Src/network_data.o
                0x00000000080096b4                ai_network_data_weights_get
 .text.HAL_MspInit
                0x00000000080096c8       0x34 Src/stm32h7xx_hal_msp.o
                0x00000000080096c8                HAL_MspInit
 .text.HAL_CRC_MspInit
                0x00000000080096fc       0x44 Src/stm32h7xx_hal_msp.o
                0x00000000080096fc                HAL_CRC_MspInit
 .text.HAL_ETH_MspInit
                0x0000000008009740      0x19c Src/stm32h7xx_hal_msp.o
                0x0000000008009740                HAL_ETH_MspInit
 .text.HAL_UART_MspInit
                0x00000000080098dc       0x94 Src/stm32h7xx_hal_msp.o
                0x00000000080098dc                HAL_UART_MspInit
 .text.HAL_PCD_MspInit
                0x0000000008009970       0xb0 Src/stm32h7xx_hal_msp.o
                0x0000000008009970                HAL_PCD_MspInit
 .text.NMI_Handler
                0x0000000008009a20        0xe Src/stm32h7xx_it.o
                0x0000000008009a20                NMI_Handler
 .text.HardFault_Handler
                0x0000000008009a2e        0x6 Src/stm32h7xx_it.o
                0x0000000008009a2e                HardFault_Handler
 .text.MemManage_Handler
                0x0000000008009a34        0x6 Src/stm32h7xx_it.o
                0x0000000008009a34                MemManage_Handler
 .text.BusFault_Handler
                0x0000000008009a3a        0x6 Src/stm32h7xx_it.o
                0x0000000008009a3a                BusFault_Handler
 .text.UsageFault_Handler
                0x0000000008009a40        0x6 Src/stm32h7xx_it.o
                0x0000000008009a40                UsageFault_Handler
 .text.SVC_Handler
                0x0000000008009a46        0xe Src/stm32h7xx_it.o
                0x0000000008009a46                SVC_Handler
 .text.DebugMon_Handler
                0x0000000008009a54        0xe Src/stm32h7xx_it.o
                0x0000000008009a54                DebugMon_Handler
 .text.PendSV_Handler
                0x0000000008009a62        0xe Src/stm32h7xx_it.o
                0x0000000008009a62                PendSV_Handler
 .text.SysTick_Handler
                0x0000000008009a70        0xc Src/stm32h7xx_it.o
                0x0000000008009a70                SysTick_Handler
 .text._read    0x0000000008009a7c       0x3a Src/syscalls.o
                0x0000000008009a7c                _read
 .text._close   0x0000000008009ab6       0x18 Src/syscalls.o
                0x0000000008009ab6                _close
 .text._fstat   0x0000000008009ace       0x20 Src/syscalls.o
                0x0000000008009ace                _fstat
 .text._isatty  0x0000000008009aee       0x16 Src/syscalls.o
                0x0000000008009aee                _isatty
 .text._lseek   0x0000000008009b04       0x1a Src/syscalls.o
                0x0000000008009b04                _lseek
 *fill*         0x0000000008009b1e        0x2 
 .text._sbrk    0x0000000008009b20       0x58 Src/sysmem.o
                0x0000000008009b20                _sbrk
 .text.SystemInit
                0x0000000008009b78       0xc4 Src/system_stm32h7xx.o
                0x0000000008009b78                SystemInit
 .text.Reset_Handler
                0x0000000008009c3c       0x50 Startup/startup_stm32h743zitx.o
                0x0000000008009c3c                Reset_Handler
 .text.Default_Handler
                0x0000000008009c8c        0x2 Startup/startup_stm32h743zitx.o
                0x0000000008009c8c                RTC_Alarm_IRQHandler
                0x0000000008009c8c                EXTI2_IRQHandler
                0x0000000008009c8c                TIM8_CC_IRQHandler
                0x0000000008009c8c                HRTIM1_Master_IRQHandler
                0x0000000008009c8c                UART8_IRQHandler
                0x0000000008009c8c                SPI4_IRQHandler
                0x0000000008009c8c                TIM1_CC_IRQHandler
                0x0000000008009c8c                BDMA_Channel6_IRQHandler
                0x0000000008009c8c                DMA2_Stream5_IRQHandler
                0x0000000008009c8c                HRTIM1_FLT_IRQHandler
                0x0000000008009c8c                JPEG_IRQHandler
                0x0000000008009c8c                DMA1_Stream5_IRQHandler
                0x0000000008009c8c                BDMA_Channel1_IRQHandler
                0x0000000008009c8c                HRTIM1_TIMD_IRQHandler
                0x0000000008009c8c                TAMP_STAMP_IRQHandler
                0x0000000008009c8c                EXTI3_IRQHandler
                0x0000000008009c8c                LPTIM4_IRQHandler
                0x0000000008009c8c                TIM8_TRG_COM_TIM14_IRQHandler
                0x0000000008009c8c                LPTIM2_IRQHandler
                0x0000000008009c8c                DFSDM1_FLT1_IRQHandler
                0x0000000008009c8c                DMAMUX2_OVR_IRQHandler
                0x0000000008009c8c                TIM8_UP_TIM13_IRQHandler
                0x0000000008009c8c                I2C3_ER_IRQHandler
                0x0000000008009c8c                DFSDM1_FLT2_IRQHandler
                0x0000000008009c8c                MDMA_IRQHandler
                0x0000000008009c8c                LPTIM3_IRQHandler
                0x0000000008009c8c                HSEM1_IRQHandler
                0x0000000008009c8c                EXTI0_IRQHandler
                0x0000000008009c8c                I2C2_EV_IRQHandler
                0x0000000008009c8c                DMA1_Stream2_IRQHandler
                0x0000000008009c8c                FPU_IRQHandler
                0x0000000008009c8c                OTG_HS_WKUP_IRQHandler
                0x0000000008009c8c                FDCAN1_IT1_IRQHandler
                0x0000000008009c8c                LTDC_ER_IRQHandler
                0x0000000008009c8c                DMA2_Stream2_IRQHandler
                0x0000000008009c8c                HRTIM1_TIME_IRQHandler
                0x0000000008009c8c                SPI1_IRQHandler
                0x0000000008009c8c                TIM6_DAC_IRQHandler
                0x0000000008009c8c                DCMI_IRQHandler
                0x0000000008009c8c                HRTIM1_TIMC_IRQHandler
                0x0000000008009c8c                DMA2_Stream3_IRQHandler
                0x0000000008009c8c                SAI2_IRQHandler
                0x0000000008009c8c                DFSDM1_FLT3_IRQHandler
                0x0000000008009c8c                USART6_IRQHandler
                0x0000000008009c8c                TIM17_IRQHandler
                0x0000000008009c8c                USART3_IRQHandler
                0x0000000008009c8c                BDMA_Channel7_IRQHandler
                0x0000000008009c8c                LPTIM5_IRQHandler
                0x0000000008009c8c                UART5_IRQHandler
                0x0000000008009c8c                ADC3_IRQHandler
                0x0000000008009c8c                DMA2_Stream0_IRQHandler
                0x0000000008009c8c                TIM4_IRQHandler
                0x0000000008009c8c                BDMA_Channel2_IRQHandler
                0x0000000008009c8c                QUADSPI_IRQHandler
                0x0000000008009c8c                I2C1_EV_IRQHandler
                0x0000000008009c8c                DMA1_Stream6_IRQHandler
                0x0000000008009c8c                DMAMUX1_OVR_IRQHandler
                0x0000000008009c8c                DMA1_Stream1_IRQHandler
                0x0000000008009c8c                TIM16_IRQHandler
                0x0000000008009c8c                UART4_IRQHandler
                0x0000000008009c8c                BDMA_Channel5_IRQHandler
                0x0000000008009c8c                TIM3_IRQHandler
                0x0000000008009c8c                RCC_IRQHandler
                0x0000000008009c8c                TIM8_BRK_TIM12_IRQHandler
                0x0000000008009c8c                TIM1_TRG_COM_IRQHandler
                0x0000000008009c8c                Default_Handler
                0x0000000008009c8c                ECC_IRQHandler
                0x0000000008009c8c                CEC_IRQHandler
                0x0000000008009c8c                EXTI15_10_IRQHandler
                0x0000000008009c8c                BDMA_Channel0_IRQHandler
                0x0000000008009c8c                ADC_IRQHandler
                0x0000000008009c8c                DMA1_Stream7_IRQHandler
                0x0000000008009c8c                HRTIM1_TIMA_IRQHandler
                0x0000000008009c8c                SPI5_IRQHandler
                0x0000000008009c8c                TIM7_IRQHandler
                0x0000000008009c8c                SDMMC1_IRQHandler
                0x0000000008009c8c                TIM5_IRQHandler
                0x0000000008009c8c                DMA2_Stream7_IRQHandler
                0x0000000008009c8c                TIM15_IRQHandler
                0x0000000008009c8c                PVD_AVD_IRQHandler
                0x0000000008009c8c                I2C3_EV_IRQHandler
                0x0000000008009c8c                EXTI9_5_IRQHandler
                0x0000000008009c8c                RTC_WKUP_IRQHandler
                0x0000000008009c8c                LTDC_IRQHandler
                0x0000000008009c8c                SAI3_IRQHandler
                0x0000000008009c8c                ETH_WKUP_IRQHandler
                0x0000000008009c8c                SPDIF_RX_IRQHandler
                0x0000000008009c8c                SPI2_IRQHandler
                0x0000000008009c8c                OTG_HS_EP1_IN_IRQHandler
                0x0000000008009c8c                DMA1_Stream0_IRQHandler
                0x0000000008009c8c                CRS_IRQHandler
                0x0000000008009c8c                EXTI4_IRQHandler
                0x0000000008009c8c                RNG_IRQHandler
                0x0000000008009c8c                HRTIM1_TIMB_IRQHandler
                0x0000000008009c8c                FDCAN2_IT1_IRQHandler
                0x0000000008009c8c                ETH_IRQHandler
                0x0000000008009c8c                TIM1_UP_IRQHandler
                0x0000000008009c8c                BDMA_Channel4_IRQHandler
                0x0000000008009c8c                OTG_HS_EP1_OUT_IRQHandler
                0x0000000008009c8c                WWDG_IRQHandler
                0x0000000008009c8c                SPI6_IRQHandler
                0x0000000008009c8c                MDIOS_IRQHandler
                0x0000000008009c8c                I2C4_EV_IRQHandler
                0x0000000008009c8c                FDCAN2_IT0_IRQHandler
                0x0000000008009c8c                LPUART1_IRQHandler
                0x0000000008009c8c                FDCAN1_IT0_IRQHandler
                0x0000000008009c8c                TIM2_IRQHandler
                0x0000000008009c8c                OTG_FS_WKUP_IRQHandler
                0x0000000008009c8c                OTG_HS_IRQHandler
                0x0000000008009c8c                DMA2D_IRQHandler
                0x0000000008009c8c                TIM1_BRK_IRQHandler
                0x0000000008009c8c                EXTI1_IRQHandler
                0x0000000008009c8c                SDMMC2_IRQHandler
                0x0000000008009c8c                OTG_FS_EP1_OUT_IRQHandler
                0x0000000008009c8c                BDMA_Channel3_IRQHandler
                0x0000000008009c8c                UART7_IRQHandler
                0x0000000008009c8c                MDIOS_WKUP_IRQHandler
                0x0000000008009c8c                USART2_IRQHandler
                0x0000000008009c8c                DFSDM1_FLT0_IRQHandler
                0x0000000008009c8c                SAI4_IRQHandler
                0x0000000008009c8c                I2C2_ER_IRQHandler
                0x0000000008009c8c                DMA2_Stream1_IRQHandler
                0x0000000008009c8c                FLASH_IRQHandler
                0x0000000008009c8c                DMA2_Stream4_IRQHandler
                0x0000000008009c8c                USART1_IRQHandler
                0x0000000008009c8c                OTG_FS_IRQHandler
                0x0000000008009c8c                SPI3_IRQHandler
                0x0000000008009c8c                WAKEUP_PIN_IRQHandler
                0x0000000008009c8c                DMA1_Stream4_IRQHandler
                0x0000000008009c8c                OTG_FS_EP1_IN_IRQHandler
                0x0000000008009c8c                I2C1_ER_IRQHandler
                0x0000000008009c8c                FMC_IRQHandler
                0x0000000008009c8c                FDCAN_CAL_IRQHandler
                0x0000000008009c8c                SWPMI1_IRQHandler
                0x0000000008009c8c                COMP1_IRQHandler
                0x0000000008009c8c                LPTIM1_IRQHandler
                0x0000000008009c8c                I2C4_ER_IRQHandler
                0x0000000008009c8c                DMA2_Stream6_IRQHandler
                0x0000000008009c8c                SAI1_IRQHandler
                0x0000000008009c8c                DMA1_Stream3_IRQHandler
 *fill*         0x0000000008009c8e        0x2 
 .text.ai_platform_runtime_get_revision
                0x0000000008009c90       0x9c ../Middlewares/ST/AI/Lib/NetworkRuntime511_CM7_GCC.a(ai_platform_interface.o)
                0x0000000008009c90                ai_platform_runtime_get_revision
 .text.ai_platform_runtime_get_version
                0x0000000008009d2c       0xc4 ../Middlewares/ST/AI/Lib/NetworkRuntime511_CM7_GCC.a(ai_platform_interface.o)
                0x0000000008009d2c                ai_platform_runtime_get_version
 .text.ai_platform_api_get_version
                0x0000000008009df0       0xc4 ../Middlewares/ST/AI/Lib/NetworkRuntime511_CM7_GCC.a(ai_platform_interface.o)
                0x0000000008009df0                ai_platform_api_get_version
 .text.ai_platform_interface_api_get_version
                0x0000000008009eb4       0xc4 ../Middlewares/ST/AI/Lib/NetworkRuntime511_CM7_GCC.a(ai_platform_interface.o)
                0x0000000008009eb4                ai_platform_interface_api_get_version
 .text.ai_platform_context_acquire
                0x0000000008009f78       0xa4 ../Middlewares/ST/AI/Lib/NetworkRuntime511_CM7_GCC.a(ai_platform_interface.o)
                0x0000000008009f78                ai_platform_context_acquire
 .text.ai_platform_network_get_error
                0x000000000800a01c      0x11c ../Middlewares/ST/AI/Lib/NetworkRuntime511_CM7_GCC.a(ai_platform_interface.o)
                0x000000000800a01c                ai_platform_network_get_error
 .text.ai_platform_api_get_network_report
                0x000000000800a138      0x51c ../Middlewares/ST/AI/Lib/NetworkRuntime511_CM7_GCC.a(ai_platform_interface.o)
                0x000000000800a138                ai_platform_api_get_network_report
 .text.ai_platform_network_create
                0x000000000800a654      0x108 ../Middlewares/ST/AI/Lib/NetworkRuntime511_CM7_GCC.a(ai_platform_interface.o)
                0x000000000800a654                ai_platform_network_create
 .text.ai_platform_network_destroy
                0x000000000800a75c      0x114 ../Middlewares/ST/AI/Lib/NetworkRuntime511_CM7_GCC.a(ai_platform_interface.o)
                0x000000000800a75c                ai_platform_network_destroy
 .text.ai_platform_network_init
                0x000000000800a870      0x1d0 ../Middlewares/ST/AI/Lib/NetworkRuntime511_CM7_GCC.a(ai_platform_interface.o)
                0x000000000800a870                ai_platform_network_init
 .text.ai_platform_network_post_init
                0x000000000800aa40      0x158 ../Middlewares/ST/AI/Lib/NetworkRuntime511_CM7_GCC.a(ai_platform_interface.o)
                0x000000000800aa40                ai_platform_network_post_init
 .text.ai_platform_network_process
                0x000000000800ab98      0x560 ../Middlewares/ST/AI/Lib/NetworkRuntime511_CM7_GCC.a(ai_platform_interface.o)
                0x000000000800ab98                ai_platform_network_process
 .text.core_init
                0x000000000800b0f8        0x4 ../Middlewares/ST/AI/Lib/NetworkRuntime511_CM7_GCC.a(core_common.o)
                0x000000000800b0f8                core_init
 .text.core_get_error
                0x000000000800b0fc        0xc ../Middlewares/ST/AI/Lib/NetworkRuntime511_CM7_GCC.a(core_common.o)
                0x000000000800b0fc                core_get_error
 .text.core_set_error
                0x000000000800b108       0x18 ../Middlewares/ST/AI/Lib/NetworkRuntime511_CM7_GCC.a(core_common.o)
                0x000000000800b108                core_set_error
 .text.func_dummy
                0x000000000800b120        0x4 ../Middlewares/ST/AI/Lib/NetworkRuntime511_CM7_GCC.a(layers_conv2d_generic_float.o)
 .text.ai_dict8_dot_array_f32
                0x000000000800b124      0x460 ../Middlewares/ST/AI/Lib/NetworkRuntime511_CM7_GCC.a(layers_conv2d_generic_float.o)
                0x000000000800b124                ai_dict8_dot_array_f32
 .text.ai_dict4_dot_array_f32
                0x000000000800b584      0x17c ../Middlewares/ST/AI/Lib/NetworkRuntime511_CM7_GCC.a(layers_conv2d_generic_float.o)
                0x000000000800b584                ai_dict4_dot_array_f32
 .text.ai_dict_decompress_f32
                0x000000000800b700       0xa0 ../Middlewares/ST/AI/Lib/NetworkRuntime511_CM7_GCC.a(layers_conv2d_generic_float.o)
                0x000000000800b700                ai_dict_decompress_f32
 .text.forward_conv2d_nl_pool
                0x000000000800b7a0      0xf64 ../Middlewares/ST/AI/Lib/NetworkRuntime511_CM7_GCC.a(layers_conv2d_generic_float.o)
                0x000000000800b7a0                forward_conv2d_nl_pool
 .text.forward_dense
                0x000000000800c704      0x44c ../Middlewares/ST/AI/Lib/NetworkRuntime511_CM7_GCC.a(layers_conv2d_generic_float.o)
                0x000000000800c704                forward_dense
 .text.nl_func_relu_array_f32
                0x000000000800cb50       0x40 ../Middlewares/ST/AI/Lib/NetworkRuntime511_CM7_GCC.a(layers_nl_generic_float.o)
                0x000000000800cb50                nl_func_relu_array_f32
 .text.forward_sm
                0x000000000800cb90      0x124 ../Middlewares/ST/AI/Lib/NetworkRuntime511_CM7_GCC.a(layers_nl_generic_float.o)
                0x000000000800cb90                forward_sm
 .text.pool_func_mp_array_f32
                0x000000000800ccb4      0x318 ../Middlewares/ST/AI/Lib/NetworkRuntime511_CM7_GCC.a(layers_pool_generic_float.o)
                0x000000000800ccb4                pool_func_mp_array_f32
 .text.ai_check_custom_types
                0x000000000800cfcc       0x54 ../Middlewares/ST/AI/Lib/NetworkRuntime511_CM7_GCC.a(layers.o)
                0x000000000800cfcc                ai_check_custom_types
 .text.ai_layers_forward_all
                0x000000000800d020       0x74 ../Middlewares/ST/AI/Lib/NetworkRuntime511_CM7_GCC.a(layers.o)
                0x000000000800d020                ai_layers_forward_all
 .text.ai_array_to_buffer_fmt
                0x000000000800d094       0x98 ../Middlewares/ST/AI/Lib/NetworkRuntime511_CM7_GCC.a(ai_datatypes_format.o)
                0x000000000800d094                ai_array_to_buffer_fmt
 .text.ai_array_get_byte_size
                0x000000000800d12c       0x50 ../Middlewares/ST/AI/Lib/NetworkRuntime511_CM7_GCC.a(ai_datatypes_format.o)
                0x000000000800d12c                ai_array_get_byte_size
 .text.__errno  0x000000000800d17c        0xc /opt/st/stm32cubeide_1.2.0/plugins/com.st.stm32cube.ide.mcu.externaltools.gnu-tools-for-stm32.7-2018-q2-update.linux64_1.0.0.201904181610/tools/bin/../lib/gcc/arm-none-eabi/7.3.1/../../../../arm-none-eabi/lib/thumb/v7e-m/fpv5/hard/libc_nano.a(lib_a-errno.o)
                0x000000000800d17c                __errno
 .text.__sflush_r
                0x000000000800d188      0x10c /opt/st/stm32cubeide_1.2.0/plugins/com.st.stm32cube.ide.mcu.externaltools.gnu-tools-for-stm32.7-2018-q2-update.linux64_1.0.0.201904181610/tools/bin/../lib/gcc/arm-none-eabi/7.3.1/../../../../arm-none-eabi/lib/thumb/v7e-m/fpv5/hard/libc_nano.a(lib_a-fflush.o)
                0x000000000800d188                __sflush_r
 .text._fflush_r
                0x000000000800d294       0x54 /opt/st/stm32cubeide_1.2.0/plugins/com.st.stm32cube.ide.mcu.externaltools.gnu-tools-for-stm32.7-2018-q2-update.linux64_1.0.0.201904181610/tools/bin/../lib/gcc/arm-none-eabi/7.3.1/../../../../arm-none-eabi/lib/thumb/v7e-m/fpv5/hard/libc_nano.a(lib_a-fflush.o)
                0x000000000800d294                _fflush_r
 .text.std      0x000000000800d2e8       0x48 /opt/st/stm32cubeide_1.2.0/plugins/com.st.stm32cube.ide.mcu.externaltools.gnu-tools-for-stm32.7-2018-q2-update.linux64_1.0.0.201904181610/tools/bin/../lib/gcc/arm-none-eabi/7.3.1/../../../../arm-none-eabi/lib/thumb/v7e-m/fpv5/hard/libc_nano.a(lib_a-findfp.o)
 .text._cleanup_r
                0x000000000800d330        0xc /opt/st/stm32cubeide_1.2.0/plugins/com.st.stm32cube.ide.mcu.externaltools.gnu-tools-for-stm32.7-2018-q2-update.linux64_1.0.0.201904181610/tools/bin/../lib/gcc/arm-none-eabi/7.3.1/../../../../arm-none-eabi/lib/thumb/v7e-m/fpv5/hard/libc_nano.a(lib_a-findfp.o)
                0x000000000800d330                _cleanup_r
 .text.__sfmoreglue
                0x000000000800d33c       0x2c /opt/st/stm32cubeide_1.2.0/plugins/com.st.stm32cube.ide.mcu.externaltools.gnu-tools-for-stm32.7-2018-q2-update.linux64_1.0.0.201904181610/tools/bin/../lib/gcc/arm-none-eabi/7.3.1/../../../../arm-none-eabi/lib/thumb/v7e-m/fpv5/hard/libc_nano.a(lib_a-findfp.o)
                0x000000000800d33c                __sfmoreglue
 .text.__sinit  0x000000000800d368       0x60 /opt/st/stm32cubeide_1.2.0/plugins/com.st.stm32cube.ide.mcu.externaltools.gnu-tools-for-stm32.7-2018-q2-update.linux64_1.0.0.201904181610/tools/bin/../lib/gcc/arm-none-eabi/7.3.1/../../../../arm-none-eabi/lib/thumb/v7e-m/fpv5/hard/libc_nano.a(lib_a-findfp.o)
                0x000000000800d368                __sinit
 .text.__sfp    0x000000000800d3c8       0x78 /opt/st/stm32cubeide_1.2.0/plugins/com.st.stm32cube.ide.mcu.externaltools.gnu-tools-for-stm32.7-2018-q2-update.linux64_1.0.0.201904181610/tools/bin/../lib/gcc/arm-none-eabi/7.3.1/../../../../arm-none-eabi/lib/thumb/v7e-m/fpv5/hard/libc_nano.a(lib_a-findfp.o)
                0x000000000800d3c8                __sfp
 .text._fwalk_reent
                0x000000000800d440       0x3c /opt/st/stm32cubeide_1.2.0/plugins/com.st.stm32cube.ide.mcu.externaltools.gnu-tools-for-stm32.7-2018-q2-update.linux64_1.0.0.201904181610/tools/bin/../lib/gcc/arm-none-eabi/7.3.1/../../../../arm-none-eabi/lib/thumb/v7e-m/fpv5/hard/libc_nano.a(lib_a-fwalk.o)
                0x000000000800d440                _fwalk_reent
 .text.__libc_init_array
                0x000000000800d47c       0x48 /opt/st/stm32cubeide_1.2.0/plugins/com.st.stm32cube.ide.mcu.externaltools.gnu-tools-for-stm32.7-2018-q2-update.linux64_1.0.0.201904181610/tools/bin/../lib/gcc/arm-none-eabi/7.3.1/../../../../arm-none-eabi/lib/thumb/v7e-m/fpv5/hard/libc_nano.a(lib_a-init.o)
                0x000000000800d47c                __libc_init_array
 .text.malloc   0x000000000800d4c4       0x10 /opt/st/stm32cubeide_1.2.0/plugins/com.st.stm32cube.ide.mcu.externaltools.gnu-tools-for-stm32.7-2018-q2-update.linux64_1.0.0.201904181610/tools/bin/../lib/gcc/arm-none-eabi/7.3.1/../../../../arm-none-eabi/lib/thumb/v7e-m/fpv5/hard/libc_nano.a(lib_a-malloc.o)
                0x000000000800d4c4                malloc
 .text.memcpy   0x000000000800d4d4       0x16 /opt/st/stm32cubeide_1.2.0/plugins/com.st.stm32cube.ide.mcu.externaltools.gnu-tools-for-stm32.7-2018-q2-update.linux64_1.0.0.201904181610/tools/bin/../lib/gcc/arm-none-eabi/7.3.1/../../../../arm-none-eabi/lib/thumb/v7e-m/fpv5/hard/libc_nano.a(lib_a-memcpy-stub.o)
                0x000000000800d4d4                memcpy
 .text.memset   0x000000000800d4ea       0x10 /opt/st/stm32cubeide_1.2.0/plugins/com.st.stm32cube.ide.mcu.externaltools.gnu-tools-for-stm32.7-2018-q2-update.linux64_1.0.0.201904181610/tools/bin/../lib/gcc/arm-none-eabi/7.3.1/../../../../arm-none-eabi/lib/thumb/v7e-m/fpv5/hard/libc_nano.a(lib_a-memset.o)
                0x000000000800d4ea                memset
 *fill*         0x000000000800d4fa        0x2 
 .text._free_r  0x000000000800d4fc       0x9c /opt/st/stm32cubeide_1.2.0/plugins/com.st.stm32cube.ide.mcu.externaltools.gnu-tools-for-stm32.7-2018-q2-update.linux64_1.0.0.201904181610/tools/bin/../lib/gcc/arm-none-eabi/7.3.1/../../../../arm-none-eabi/lib/thumb/v7e-m/fpv5/hard/libc_nano.a(lib_a-nano-freer.o)
                0x000000000800d4fc                _free_r
 .text._malloc_r
                0x000000000800d598       0xb4 /opt/st/stm32cubeide_1.2.0/plugins/com.st.stm32cube.ide.mcu.externaltools.gnu-tools-for-stm32.7-2018-q2-update.linux64_1.0.0.201904181610/tools/bin/../lib/gcc/arm-none-eabi/7.3.1/../../../../arm-none-eabi/lib/thumb/v7e-m/fpv5/hard/libc_nano.a(lib_a-nano-mallocr.o)
                0x000000000800d598                _malloc_r
 .text.__cvt    0x000000000800d64c       0xa4 /opt/st/stm32cubeide_1.2.0/plugins/com.st.stm32cube.ide.mcu.externaltools.gnu-tools-for-stm32.7-2018-q2-update.linux64_1.0.0.201904181610/tools/bin/../lib/gcc/arm-none-eabi/7.3.1/../../../../arm-none-eabi/lib/thumb/v7e-m/fpv5/hard/libc_nano.a(lib_a-nano-vfprintf_float.o)
                0x000000000800d64c                __cvt
 .text.__exponent
                0x000000000800d6f0       0x66 /opt/st/stm32cubeide_1.2.0/plugins/com.st.stm32cube.ide.mcu.externaltools.gnu-tools-for-stm32.7-2018-q2-update.linux64_1.0.0.201904181610/tools/bin/../lib/gcc/arm-none-eabi/7.3.1/../../../../arm-none-eabi/lib/thumb/v7e-m/fpv5/hard/libc_nano.a(lib_a-nano-vfprintf_float.o)
                0x000000000800d6f0                __exponent
 *fill*         0x000000000800d756        0x2 
 .text._printf_float
                0x000000000800d758      0x458 /opt/st/stm32cubeide_1.2.0/plugins/com.st.stm32cube.ide.mcu.externaltools.gnu-tools-for-stm32.7-2018-q2-update.linux64_1.0.0.201904181610/tools/bin/../lib/gcc/arm-none-eabi/7.3.1/../../../../arm-none-eabi/lib/thumb/v7e-m/fpv5/hard/libc_nano.a(lib_a-nano-vfprintf_float.o)
                0x000000000800d758                _printf_float
 .text._printf_common
                0x000000000800dbb0       0xea /opt/st/stm32cubeide_1.2.0/plugins/com.st.stm32cube.ide.mcu.externaltools.gnu-tools-for-stm32.7-2018-q2-update.linux64_1.0.0.201904181610/tools/bin/../lib/gcc/arm-none-eabi/7.3.1/../../../../arm-none-eabi/lib/thumb/v7e-m/fpv5/hard/libc_nano.a(lib_a-nano-vfprintf_i.o)
                0x000000000800dbb0                _printf_common
 *fill*         0x000000000800dc9a        0x2 
 .text._printf_i
                0x000000000800dc9c      0x224 /opt/st/stm32cubeide_1.2.0/plugins/com.st.stm32cube.ide.mcu.externaltools.gnu-tools-for-stm32.7-2018-q2-update.linux64_1.0.0.201904181610/tools/bin/../lib/gcc/arm-none-eabi/7.3.1/../../../../arm-none-eabi/lib/thumb/v7e-m/fpv5/hard/libc_nano.a(lib_a-nano-vfprintf_i.o)
                0x000000000800dc9c                _printf_i
 .text.printf   0x000000000800dec0       0x30 /opt/st/stm32cubeide_1.2.0/plugins/com.st.stm32cube.ide.mcu.externaltools.gnu-tools-for-stm32.7-2018-q2-update.linux64_1.0.0.201904181610/tools/bin/../lib/gcc/arm-none-eabi/7.3.1/../../../../arm-none-eabi/lib/thumb/v7e-m/fpv5/hard/libc_nano.a(lib_a-printf.o)
                0x000000000800dec0                printf
                0x000000000800dec0                iprintf
 .text._puts_r  0x000000000800def0       0xb8 /opt/st/stm32cubeide_1.2.0/plugins/com.st.stm32cube.ide.mcu.externaltools.gnu-tools-for-stm32.7-2018-q2-update.linux64_1.0.0.201904181610/tools/bin/../lib/gcc/arm-none-eabi/7.3.1/../../../../arm-none-eabi/lib/thumb/v7e-m/fpv5/hard/libc_nano.a(lib_a-puts.o)
                0x000000000800def0                _puts_r
 .text.puts     0x000000000800dfa8       0x10 /opt/st/stm32cubeide_1.2.0/plugins/com.st.stm32cube.ide.mcu.externaltools.gnu-tools-for-stm32.7-2018-q2-update.linux64_1.0.0.201904181610/tools/bin/../lib/gcc/arm-none-eabi/7.3.1/../../../../arm-none-eabi/lib/thumb/v7e-m/fpv5/hard/libc_nano.a(lib_a-puts.o)
                0x000000000800dfa8                puts
 .text.srand    0x000000000800dfb8       0x48 /opt/st/stm32cubeide_1.2.0/plugins/com.st.stm32cube.ide.mcu.externaltools.gnu-tools-for-stm32.7-2018-q2-update.linux64_1.0.0.201904181610/tools/bin/../lib/gcc/arm-none-eabi/7.3.1/../../../../arm-none-eabi/lib/thumb/v7e-m/fpv5/hard/libc_nano.a(lib_a-rand.o)
                0x000000000800dfb8                srand
 .text._sbrk_r  0x000000000800e000       0x20 /opt/st/stm32cubeide_1.2.0/plugins/com.st.stm32cube.ide.mcu.externaltools.gnu-tools-for-stm32.7-2018-q2-update.linux64_1.0.0.201904181610/tools/bin/../lib/gcc/arm-none-eabi/7.3.1/../../../../arm-none-eabi/lib/thumb/v7e-m/fpv5/hard/libc_nano.a(lib_a-sbrkr.o)
                0x000000000800e000                _sbrk_r
 .text.__sread  0x000000000800e020       0x22 /opt/st/stm32cubeide_1.2.0/plugins/com.st.stm32cube.ide.mcu.externaltools.gnu-tools-for-stm32.7-2018-q2-update.linux64_1.0.0.201904181610/tools/bin/../lib/gcc/arm-none-eabi/7.3.1/../../../../arm-none-eabi/lib/thumb/v7e-m/fpv5/hard/libc_nano.a(lib_a-stdio.o)
                0x000000000800e020                __sread
 .text.__swrite
                0x000000000800e042       0x38 /opt/st/stm32cubeide_1.2.0/plugins/com.st.stm32cube.ide.mcu.externaltools.gnu-tools-for-stm32.7-2018-q2-update.linux64_1.0.0.201904181610/tools/bin/../lib/gcc/arm-none-eabi/7.3.1/../../../../arm-none-eabi/lib/thumb/v7e-m/fpv5/hard/libc_nano.a(lib_a-stdio.o)
                0x000000000800e042                __swrite
 .text.__sseek  0x000000000800e07a       0x24 /opt/st/stm32cubeide_1.2.0/plugins/com.st.stm32cube.ide.mcu.externaltools.gnu-tools-for-stm32.7-2018-q2-update.linux64_1.0.0.201904181610/tools/bin/../lib/gcc/arm-none-eabi/7.3.1/../../../../arm-none-eabi/lib/thumb/v7e-m/fpv5/hard/libc_nano.a(lib_a-stdio.o)
                0x000000000800e07a                __sseek
 .text.__sclose
                0x000000000800e09e        0x8 /opt/st/stm32cubeide_1.2.0/plugins/com.st.stm32cube.ide.mcu.externaltools.gnu-tools-for-stm32.7-2018-q2-update.linux64_1.0.0.201904181610/tools/bin/../lib/gcc/arm-none-eabi/7.3.1/../../../../arm-none-eabi/lib/thumb/v7e-m/fpv5/hard/libc_nano.a(lib_a-stdio.o)
                0x000000000800e09e                __sclose
 .text.strncmp  0x000000000800e0a6       0x24 /opt/st/stm32cubeide_1.2.0/plugins/com.st.stm32cube.ide.mcu.externaltools.gnu-tools-for-stm32.7-2018-q2-update.linux64_1.0.0.201904181610/tools/bin/../lib/gcc/arm-none-eabi/7.3.1/../../../../arm-none-eabi/lib/thumb/v7e-m/fpv5/hard/libc_nano.a(lib_a-strncmp.o)
                0x000000000800e0a6                strncmp
 *fill*         0x000000000800e0ca        0x2 
 .text.__swbuf_r
                0x000000000800e0cc       0xa4 /opt/st/stm32cubeide_1.2.0/plugins/com.st.stm32cube.ide.mcu.externaltools.gnu-tools-for-stm32.7-2018-q2-update.linux64_1.0.0.201904181610/tools/bin/../lib/gcc/arm-none-eabi/7.3.1/../../../../arm-none-eabi/lib/thumb/v7e-m/fpv5/hard/libc_nano.a(lib_a-wbuf.o)
                0x000000000800e0cc                __swbuf_r
 .text._write_r
                0x000000000800e170       0x24 /opt/st/stm32cubeide_1.2.0/plugins/com.st.stm32cube.ide.mcu.externaltools.gnu-tools-for-stm32.7-2018-q2-update.linux64_1.0.0.201904181610/tools/bin/../lib/gcc/arm-none-eabi/7.3.1/../../../../arm-none-eabi/lib/thumb/v7e-m/fpv5/hard/libc_nano.a(lib_a-writer.o)
                0x000000000800e170                _write_r
 .text.__swsetup_r
                0x000000000800e194       0xdc /opt/st/stm32cubeide_1.2.0/plugins/com.st.stm32cube.ide.mcu.externaltools.gnu-tools-for-stm32.7-2018-q2-update.linux64_1.0.0.201904181610/tools/bin/../lib/gcc/arm-none-eabi/7.3.1/../../../../arm-none-eabi/lib/thumb/v7e-m/fpv5/hard/libc_nano.a(lib_a-wsetup.o)
                0x000000000800e194                __swsetup_r
 .text._close_r
                0x000000000800e270       0x20 /opt/st/stm32cubeide_1.2.0/plugins/com.st.stm32cube.ide.mcu.externaltools.gnu-tools-for-stm32.7-2018-q2-update.linux64_1.0.0.201904181610/tools/bin/../lib/gcc/arm-none-eabi/7.3.1/../../../../arm-none-eabi/lib/thumb/v7e-m/fpv5/hard/libc_nano.a(lib_a-closer.o)
                0x000000000800e270                _close_r
 .text.quorem   0x000000000800e290      0x118 /opt/st/stm32cubeide_1.2.0/plugins/com.st.stm32cube.ide.mcu.externaltools.gnu-tools-for-stm32.7-2018-q2-update.linux64_1.0.0.201904181610/tools/bin/../lib/gcc/arm-none-eabi/7.3.1/../../../../arm-none-eabi/lib/thumb/v7e-m/fpv5/hard/libc_nano.a(lib_a-dtoa.o)
 .text._dtoa_r  0x000000000800e3a8      0xa98 /opt/st/stm32cubeide_1.2.0/plugins/com.st.stm32cube.ide.mcu.externaltools.gnu-tools-for-stm32.7-2018-q2-update.linux64_1.0.0.201904181610/tools/bin/../lib/gcc/arm-none-eabi/7.3.1/../../../../arm-none-eabi/lib/thumb/v7e-m/fpv5/hard/libc_nano.a(lib_a-dtoa.o)
                0x000000000800e3a8                _dtoa_r
 .text._localeconv_r
                0x000000000800ee40       0x1c /opt/st/stm32cubeide_1.2.0/plugins/com.st.stm32cube.ide.mcu.externaltools.gnu-tools-for-stm32.7-2018-q2-update.linux64_1.0.0.201904181610/tools/bin/../lib/gcc/arm-none-eabi/7.3.1/../../../../arm-none-eabi/lib/thumb/v7e-m/fpv5/hard/libc_nano.a(lib_a-localeconv.o)
                0x000000000800ee40                _localeconv_r
 .text._lseek_r
                0x000000000800ee5c       0x24 /opt/st/stm32cubeide_1.2.0/plugins/com.st.stm32cube.ide.mcu.externaltools.gnu-tools-for-stm32.7-2018-q2-update.linux64_1.0.0.201904181610/tools/bin/../lib/gcc/arm-none-eabi/7.3.1/../../../../arm-none-eabi/lib/thumb/v7e-m/fpv5/hard/libc_nano.a(lib_a-lseekr.o)
                0x000000000800ee5c                _lseek_r
 .text.__swhatbuf_r
                0x000000000800ee80       0x48 /opt/st/stm32cubeide_1.2.0/plugins/com.st.stm32cube.ide.mcu.externaltools.gnu-tools-for-stm32.7-2018-q2-update.linux64_1.0.0.201904181610/tools/bin/../lib/gcc/arm-none-eabi/7.3.1/../../../../arm-none-eabi/lib/thumb/v7e-m/fpv5/hard/libc_nano.a(lib_a-makebuf.o)
                0x000000000800ee80                __swhatbuf_r
 .text.__smakebuf_r
                0x000000000800eec8       0x80 /opt/st/stm32cubeide_1.2.0/plugins/com.st.stm32cube.ide.mcu.externaltools.gnu-tools-for-stm32.7-2018-q2-update.linux64_1.0.0.201904181610/tools/bin/../lib/gcc/arm-none-eabi/7.3.1/../../../../arm-none-eabi/lib/thumb/v7e-m/fpv5/hard/libc_nano.a(lib_a-makebuf.o)
                0x000000000800eec8                __smakebuf_r
 .text.__malloc_lock
                0x000000000800ef48        0x2 /opt/st/stm32cubeide_1.2.0/plugins/com.st.stm32cube.ide.mcu.externaltools.gnu-tools-for-stm32.7-2018-q2-update.linux64_1.0.0.201904181610/tools/bin/../lib/gcc/arm-none-eabi/7.3.1/../../../../arm-none-eabi/lib/thumb/v7e-m/fpv5/hard/libc_nano.a(lib_a-mlock.o)
                0x000000000800ef48                __malloc_lock
 .text.__malloc_unlock
                0x000000000800ef4a        0x2 /opt/st/stm32cubeide_1.2.0/plugins/com.st.stm32cube.ide.mcu.externaltools.gnu-tools-for-stm32.7-2018-q2-update.linux64_1.0.0.201904181610/tools/bin/../lib/gcc/arm-none-eabi/7.3.1/../../../../arm-none-eabi/lib/thumb/v7e-m/fpv5/hard/libc_nano.a(lib_a-mlock.o)
                0x000000000800ef4a                __malloc_unlock
 .text._Balloc  0x000000000800ef4c       0x68 /opt/st/stm32cubeide_1.2.0/plugins/com.st.stm32cube.ide.mcu.externaltools.gnu-tools-for-stm32.7-2018-q2-update.linux64_1.0.0.201904181610/tools/bin/../lib/gcc/arm-none-eabi/7.3.1/../../../../arm-none-eabi/lib/thumb/v7e-m/fpv5/hard/libc_nano.a(lib_a-mprec.o)
                0x000000000800ef4c                _Balloc
 .text._Bfree   0x000000000800efb4       0x2e /opt/st/stm32cubeide_1.2.0/plugins/com.st.stm32cube.ide.mcu.externaltools.gnu-tools-for-stm32.7-2018-q2-update.linux64_1.0.0.201904181610/tools/bin/../lib/gcc/arm-none-eabi/7.3.1/../../../../arm-none-eabi/lib/thumb/v7e-m/fpv5/hard/libc_nano.a(lib_a-mprec.o)
                0x000000000800efb4                _Bfree
 .text.__multadd
                0x000000000800efe2       0x76 /opt/st/stm32cubeide_1.2.0/plugins/com.st.stm32cube.ide.mcu.externaltools.gnu-tools-for-stm32.7-2018-q2-update.linux64_1.0.0.201904181610/tools/bin/../lib/gcc/arm-none-eabi/7.3.1/../../../../arm-none-eabi/lib/thumb/v7e-m/fpv5/hard/libc_nano.a(lib_a-mprec.o)
                0x000000000800efe2                __multadd
 .text.__hi0bits
                0x000000000800f058       0x3e /opt/st/stm32cubeide_1.2.0/plugins/com.st.stm32cube.ide.mcu.externaltools.gnu-tools-for-stm32.7-2018-q2-update.linux64_1.0.0.201904181610/tools/bin/../lib/gcc/arm-none-eabi/7.3.1/../../../../arm-none-eabi/lib/thumb/v7e-m/fpv5/hard/libc_nano.a(lib_a-mprec.o)
                0x000000000800f058                __hi0bits
 .text.__lo0bits
                0x000000000800f096       0x5e /opt/st/stm32cubeide_1.2.0/plugins/com.st.stm32cube.ide.mcu.externaltools.gnu-tools-for-stm32.7-2018-q2-update.linux64_1.0.0.201904181610/tools/bin/../lib/gcc/arm-none-eabi/7.3.1/../../../../arm-none-eabi/lib/thumb/v7e-m/fpv5/hard/libc_nano.a(lib_a-mprec.o)
                0x000000000800f096                __lo0bits
 .text.__i2b    0x000000000800f0f4       0x12 /opt/st/stm32cubeide_1.2.0/plugins/com.st.stm32cube.ide.mcu.externaltools.gnu-tools-for-stm32.7-2018-q2-update.linux64_1.0.0.201904181610/tools/bin/../lib/gcc/arm-none-eabi/7.3.1/../../../../arm-none-eabi/lib/thumb/v7e-m/fpv5/hard/libc_nano.a(lib_a-mprec.o)
                0x000000000800f0f4                __i2b
 .text.__multiply
                0x000000000800f106      0x12c /opt/st/stm32cubeide_1.2.0/plugins/com.st.stm32cube.ide.mcu.externaltools.gnu-tools-for-stm32.7-2018-q2-update.linux64_1.0.0.201904181610/tools/bin/../lib/gcc/arm-none-eabi/7.3.1/../../../../arm-none-eabi/lib/thumb/v7e-m/fpv5/hard/libc_nano.a(lib_a-mprec.o)
                0x000000000800f106                __multiply
 *fill*         0x000000000800f232        0x2 
 .text.__pow5mult
                0x000000000800f234       0x9c /opt/st/stm32cubeide_1.2.0/plugins/com.st.stm32cube.ide.mcu.externaltools.gnu-tools-for-stm32.7-2018-q2-update.linux64_1.0.0.201904181610/tools/bin/../lib/gcc/arm-none-eabi/7.3.1/../../../../arm-none-eabi/lib/thumb/v7e-m/fpv5/hard/libc_nano.a(lib_a-mprec.o)
                0x000000000800f234                __pow5mult
 .text.__lshift
                0x000000000800f2d0       0xa8 /opt/st/stm32cubeide_1.2.0/plugins/com.st.stm32cube.ide.mcu.externaltools.gnu-tools-for-stm32.7-2018-q2-update.linux64_1.0.0.201904181610/tools/bin/../lib/gcc/arm-none-eabi/7.3.1/../../../../arm-none-eabi/lib/thumb/v7e-m/fpv5/hard/libc_nano.a(lib_a-mprec.o)
                0x000000000800f2d0                __lshift
 .text.__mcmp   0x000000000800f378       0x34 /opt/st/stm32cubeide_1.2.0/plugins/com.st.stm32cube.ide.mcu.externaltools.gnu-tools-for-stm32.7-2018-q2-update.linux64_1.0.0.201904181610/tools/bin/../lib/gcc/arm-none-eabi/7.3.1/../../../../arm-none-eabi/lib/thumb/v7e-m/fpv5/hard/libc_nano.a(lib_a-mprec.o)
                0x000000000800f378                __mcmp
 .text.__mdiff  0x000000000800f3ac       0xba /opt/st/stm32cubeide_1.2.0/plugins/com.st.stm32cube.ide.mcu.externaltools.gnu-tools-for-stm32.7-2018-q2-update.linux64_1.0.0.201904181610/tools/bin/../lib/gcc/arm-none-eabi/7.3.1/../../../../arm-none-eabi/lib/thumb/v7e-m/fpv5/hard/libc_nano.a(lib_a-mprec.o)
                0x000000000800f3ac                __mdiff
 .text.__d2b    0x000000000800f466       0x9e /opt/st/stm32cubeide_1.2.0/plugins/com.st.stm32cube.ide.mcu.externaltools.gnu-tools-for-stm32.7-2018-q2-update.linux64_1.0.0.201904181610/tools/bin/../lib/gcc/arm-none-eabi/7.3.1/../../../../arm-none-eabi/lib/thumb/v7e-m/fpv5/hard/libc_nano.a(lib_a-mprec.o)
                0x000000000800f466                __d2b
 .text._calloc_r
                0x000000000800f504       0x1c /opt/st/stm32cubeide_1.2.0/plugins/com.st.stm32cube.ide.mcu.externaltools.gnu-tools-for-stm32.7-2018-q2-update.linux64_1.0.0.201904181610/tools/bin/../lib/gcc/arm-none-eabi/7.3.1/../../../../arm-none-eabi/lib/thumb/v7e-m/fpv5/hard/libc_nano.a(lib_a-nano-callocr.o)
                0x000000000800f504                _calloc_r
 .text.__sfputc_r
                0x000000000800f520       0x2e /opt/st/stm32cubeide_1.2.0/plugins/com.st.stm32cube.ide.mcu.externaltools.gnu-tools-for-stm32.7-2018-q2-update.linux64_1.0.0.201904181610/tools/bin/../lib/gcc/arm-none-eabi/7.3.1/../../../../arm-none-eabi/lib/thumb/v7e-m/fpv5/hard/libc_nano.a(lib_a-nano-vfprintf.o)
 .text.__sfputs_r
                0x000000000800f54e       0x24 /opt/st/stm32cubeide_1.2.0/plugins/com.st.stm32cube.ide.mcu.externaltools.gnu-tools-for-stm32.7-2018-q2-update.linux64_1.0.0.201904181610/tools/bin/../lib/gcc/arm-none-eabi/7.3.1/../../../../arm-none-eabi/lib/thumb/v7e-m/fpv5/hard/libc_nano.a(lib_a-nano-vfprintf.o)
                0x000000000800f54e                __sfputs_r
 *fill*         0x000000000800f572        0x2 
 .text._vfprintf_r
                0x000000000800f574      0x22c /opt/st/stm32cubeide_1.2.0/plugins/com.st.stm32cube.ide.mcu.externaltools.gnu-tools-for-stm32.7-2018-q2-update.linux64_1.0.0.201904181610/tools/bin/../lib/gcc/arm-none-eabi/7.3.1/../../../../arm-none-eabi/lib/thumb/v7e-m/fpv5/hard/libc_nano.a(lib_a-nano-vfprintf.o)
                0x000000000800f574                _vfiprintf_r
                0x000000000800f574                _vfprintf_r
 .text._read_r  0x000000000800f7a0       0x24 /opt/st/stm32cubeide_1.2.0/plugins/com.st.stm32cube.ide.mcu.externaltools.gnu-tools-for-stm32.7-2018-q2-update.linux64_1.0.0.201904181610/tools/bin/../lib/gcc/arm-none-eabi/7.3.1/../../../../arm-none-eabi/lib/thumb/v7e-m/fpv5/hard/libc_nano.a(lib_a-readr.o)
                0x000000000800f7a0                _read_r
 .text._fstat_r
                0x000000000800f7c4       0x24 /opt/st/stm32cubeide_1.2.0/plugins/com.st.stm32cube.ide.mcu.externaltools.gnu-tools-for-stm32.7-2018-q2-update.linux64_1.0.0.201904181610/tools/bin/../lib/gcc/arm-none-eabi/7.3.1/../../../../arm-none-eabi/lib/thumb/v7e-m/fpv5/hard/libc_nano.a(lib_a-fstatr.o)
                0x000000000800f7c4                _fstat_r
 .text._isatty_r
                0x000000000800f7e8       0x20 /opt/st/stm32cubeide_1.2.0/plugins/com.st.stm32cube.ide.mcu.externaltools.gnu-tools-for-stm32.7-2018-q2-update.linux64_1.0.0.201904181610/tools/bin/../lib/gcc/arm-none-eabi/7.3.1/../../../../arm-none-eabi/lib/thumb/v7e-m/fpv5/hard/libc_nano.a(lib_a-isattyr.o)
                0x000000000800f7e8                _isatty_r
 .text.__ascii_mbtowc
                0x000000000800f808       0x24 /opt/st/stm32cubeide_1.2.0/plugins/com.st.stm32cube.ide.mcu.externaltools.gnu-tools-for-stm32.7-2018-q2-update.linux64_1.0.0.201904181610/tools/bin/../lib/gcc/arm-none-eabi/7.3.1/../../../../arm-none-eabi/lib/thumb/v7e-m/fpv5/hard/libc_nano.a(lib_a-mbtowc_r.o)
                0x000000000800f808                __ascii_mbtowc
 .text.__ascii_wctomb
                0x000000000800f82c       0x1a /opt/st/stm32cubeide_1.2.0/plugins/com.st.stm32cube.ide.mcu.externaltools.gnu-tools-for-stm32.7-2018-q2-update.linux64_1.0.0.201904181610/tools/bin/../lib/gcc/arm-none-eabi/7.3.1/../../../../arm-none-eabi/lib/thumb/v7e-m/fpv5/hard/libc_nano.a(lib_a-wctomb_r.o)
                0x000000000800f82c                __ascii_wctomb
 *fill*         0x000000000800f846        0x2 
 .text.expf     0x000000000800f848       0xfc /opt/st/stm32cubeide_1.2.0/plugins/com.st.stm32cube.ide.mcu.externaltools.gnu-tools-for-stm32.7-2018-q2-update.linux64_1.0.0.201904181610/tools/bin/../lib/gcc/arm-none-eabi/7.3.1/../../../../arm-none-eabi/lib/thumb/v7e-m/fpv5/hard/libm.a(lib_a-sf_exp.o)
                0x000000000800f848                expf
 .text.with_errnof
                0x000000000800f944       0x1c /opt/st/stm32cubeide_1.2.0/plugins/com.st.stm32cube.ide.mcu.externaltools.gnu-tools-for-stm32.7-2018-q2-update.linux64_1.0.0.201904181610/tools/bin/../lib/gcc/arm-none-eabi/7.3.1/../../../../arm-none-eabi/lib/thumb/v7e-m/fpv5/hard/libm.a(lib_a-math_errf.o)
 .text.xflowf   0x000000000800f960       0x16 /opt/st/stm32cubeide_1.2.0/plugins/com.st.stm32cube.ide.mcu.externaltools.gnu-tools-for-stm32.7-2018-q2-update.linux64_1.0.0.201904181610/tools/bin/../lib/gcc/arm-none-eabi/7.3.1/../../../../arm-none-eabi/lib/thumb/v7e-m/fpv5/hard/libm.a(lib_a-math_errf.o)
 *fill*         0x000000000800f976        0x2 
 .text.__math_uflowf
                0x000000000800f978        0xc /opt/st/stm32cubeide_1.2.0/plugins/com.st.stm32cube.ide.mcu.externaltools.gnu-tools-for-stm32.7-2018-q2-update.linux64_1.0.0.201904181610/tools/bin/../lib/gcc/arm-none-eabi/7.3.1/../../../../arm-none-eabi/lib/thumb/v7e-m/fpv5/hard/libm.a(lib_a-math_errf.o)
                0x000000000800f978                __math_uflowf
 .text.__math_may_uflowf
                0x000000000800f984        0xc /opt/st/stm32cubeide_1.2.0/plugins/com.st.stm32cube.ide.mcu.externaltools.gnu-tools-for-stm32.7-2018-q2-update.linux64_1.0.0.201904181610/tools/bin/../lib/gcc/arm-none-eabi/7.3.1/../../../../arm-none-eabi/lib/thumb/v7e-m/fpv5/hard/libm.a(lib_a-math_errf.o)
                0x000000000800f984                __math_may_uflowf
 .text.__math_oflowf
                0x000000000800f990        0xc /opt/st/stm32cubeide_1.2.0/plugins/com.st.stm32cube.ide.mcu.externaltools.gnu-tools-for-stm32.7-2018-q2-update.linux64_1.0.0.201904181610/tools/bin/../lib/gcc/arm-none-eabi/7.3.1/../../../../arm-none-eabi/lib/thumb/v7e-m/fpv5/hard/libm.a(lib_a-math_errf.o)
                0x000000000800f990                __math_oflowf
 *(.glue_7)
 .glue_7        0x000000000800f99c        0x0 linker stubs
 *(.glue_7t)
 .glue_7t       0x000000000800f99c        0x0 linker stubs
 *(.eh_frame)
 .eh_frame      0x000000000800f99c        0x0 /opt/st/stm32cubeide_1.2.0/plugins/com.st.stm32cube.ide.mcu.externaltools.gnu-tools-for-stm32.7-2018-q2-update.linux64_1.0.0.201904181610/tools/bin/../lib/gcc/arm-none-eabi/7.3.1/thumb/v7e-m/fpv5/hard/crtbegin.o
 *(.init)
 .init          0x000000000800f99c        0x4 /opt/st/stm32cubeide_1.2.0/plugins/com.st.stm32cube.ide.mcu.externaltools.gnu-tools-for-stm32.7-2018-q2-update.linux64_1.0.0.201904181610/tools/bin/../lib/gcc/arm-none-eabi/7.3.1/thumb/v7e-m/fpv5/hard/crti.o
                0x000000000800f99c                _init
 .init          0x000000000800f9a0        0x8 /opt/st/stm32cubeide_1.2.0/plugins/com.st.stm32cube.ide.mcu.externaltools.gnu-tools-for-stm32.7-2018-q2-update.linux64_1.0.0.201904181610/tools/bin/../lib/gcc/arm-none-eabi/7.3.1/thumb/v7e-m/fpv5/hard/crtn.o
 *(.fini)
 .fini          0x000000000800f9a8        0x4 /opt/st/stm32cubeide_1.2.0/plugins/com.st.stm32cube.ide.mcu.externaltools.gnu-tools-for-stm32.7-2018-q2-update.linux64_1.0.0.201904181610/tools/bin/../lib/gcc/arm-none-eabi/7.3.1/thumb/v7e-m/fpv5/hard/crti.o
                0x000000000800f9a8                _fini
 .fini          0x000000000800f9ac        0x8 /opt/st/stm32cubeide_1.2.0/plugins/com.st.stm32cube.ide.mcu.externaltools.gnu-tools-for-stm32.7-2018-q2-update.linux64_1.0.0.201904181610/tools/bin/../lib/gcc/arm-none-eabi/7.3.1/thumb/v7e-m/fpv5/hard/crtn.o
                0x000000000800f9b4                . = ALIGN (0x4)
                0x000000000800f9b4                _etext = .

.vfp11_veneer   0x000000000800f9b4        0x0
 .vfp11_veneer  0x000000000800f9b4        0x0 linker stubs

.v4_bx          0x000000000800f9b4        0x0
 .v4_bx         0x000000000800f9b4        0x0 linker stubs

.iplt           0x000000000800f9b4        0x0
 .iplt          0x000000000800f9b4        0x0 /opt/st/stm32cubeide_1.2.0/plugins/com.st.stm32cube.ide.mcu.externaltools.gnu-tools-for-stm32.7-2018-q2-update.linux64_1.0.0.201904181610/tools/bin/../lib/gcc/arm-none-eabi/7.3.1/thumb/v7e-m/fpv5/hard/crtbegin.o

.rodata         0x000000000800f9b8     0x35e8
                0x000000000800f9b8                . = ALIGN (0x4)
 *(.rodata)
 .rodata        0x000000000800f9b8       0x10 Drivers/STM32H7xx_HAL_Driver/Src/stm32h7xx_hal_uart_ex.o
 .rodata        0x000000000800f9c8      0xc0d Src/aiSystemPerformance.o
 *fill*         0x00000000080105d5        0x3 
 .rodata        0x00000000080105d8        0x8 Src/app_x-cube-ai.o
 .rodata        0x00000000080105e0       0x6c Src/network.o
 .rodata        0x000000000801064c        0x4 ../Middlewares/ST/AI/Lib/NetworkRuntime511_CM7_GCC.a(layers.o)
 *(.rodata*)
 .rodata.networks
                0x0000000008010650       0x60 Src/app_x-cube-ai.o
 .rodata.conv1_chain
                0x00000000080106b0        0x8 Src/network.o
 .rodata.conv2_chain
                0x00000000080106b8        0x8 Src/network.o
 .rodata.dense_chain
                0x00000000080106c0        0x8 Src/network.o
 .rodata.dense_nl_chain
                0x00000000080106c8        0x8 Src/network.o
 .rodata.s_network_weights.5656
                0x00000000080106d0     0x24a8 Src/network_data.o
 .rodata.D1CorePrescTable
                0x0000000008012b78       0x10 Src/system_stm32h7xx.o
                0x0000000008012b78                D1CorePrescTable
 .rodata.ai_platform_runtime_get_revision.str1.4
                0x0000000008012b88        0x4 ../Middlewares/ST/AI/Lib/NetworkRuntime511_CM7_GCC.a(ai_platform_interface.o)
                                          0x1 (size before relaxing)
 .rodata.v.8034
                0x0000000008012b8c        0x4 ../Middlewares/ST/AI/Lib/NetworkRuntime511_CM7_GCC.a(ai_platform_interface.o)
 .rodata.v.8038
                0x0000000008012b90        0x4 ../Middlewares/ST/AI/Lib/NetworkRuntime511_CM7_GCC.a(ai_platform_interface.o)
 .rodata.v.8042
                0x0000000008012b94        0x4 ../Middlewares/ST/AI/Lib/NetworkRuntime511_CM7_GCC.a(ai_platform_interface.o)
 .rodata.__sf_fake_stderr
                0x0000000008012b98       0x20 /opt/st/stm32cubeide_1.2.0/plugins/com.st.stm32cube.ide.mcu.externaltools.gnu-tools-for-stm32.7-2018-q2-update.linux64_1.0.0.201904181610/tools/bin/../lib/gcc/arm-none-eabi/7.3.1/../../../../arm-none-eabi/lib/thumb/v7e-m/fpv5/hard/libc_nano.a(lib_a-findfp.o)
                0x0000000008012b98                __sf_fake_stderr
 .rodata.__sf_fake_stdin
                0x0000000008012bb8       0x20 /opt/st/stm32cubeide_1.2.0/plugins/com.st.stm32cube.ide.mcu.externaltools.gnu-tools-for-stm32.7-2018-q2-update.linux64_1.0.0.201904181610/tools/bin/../lib/gcc/arm-none-eabi/7.3.1/../../../../arm-none-eabi/lib/thumb/v7e-m/fpv5/hard/libc_nano.a(lib_a-findfp.o)
                0x0000000008012bb8                __sf_fake_stdin
 .rodata.__sf_fake_stdout
                0x0000000008012bd8       0x20 /opt/st/stm32cubeide_1.2.0/plugins/com.st.stm32cube.ide.mcu.externaltools.gnu-tools-for-stm32.7-2018-q2-update.linux64_1.0.0.201904181610/tools/bin/../lib/gcc/arm-none-eabi/7.3.1/../../../../arm-none-eabi/lib/thumb/v7e-m/fpv5/hard/libc_nano.a(lib_a-findfp.o)
                0x0000000008012bd8                __sf_fake_stdout
 .rodata._global_impure_ptr
                0x0000000008012bf8        0x4 /opt/st/stm32cubeide_1.2.0/plugins/com.st.stm32cube.ide.mcu.externaltools.gnu-tools-for-stm32.7-2018-q2-update.linux64_1.0.0.201904181610/tools/bin/../lib/gcc/arm-none-eabi/7.3.1/../../../../arm-none-eabi/lib/thumb/v7e-m/fpv5/hard/libc_nano.a(lib_a-impure.o)
                0x0000000008012bf8                _global_impure_ptr
 .rodata._printf_float.str1.1
                0x0000000008012bfc       0x12 /opt/st/stm32cubeide_1.2.0/plugins/com.st.stm32cube.ide.mcu.externaltools.gnu-tools-for-stm32.7-2018-q2-update.linux64_1.0.0.201904181610/tools/bin/../lib/gcc/arm-none-eabi/7.3.1/../../../../arm-none-eabi/lib/thumb/v7e-m/fpv5/hard/libc_nano.a(lib_a-nano-vfprintf_float.o)
 .rodata._printf_i.str1.1
                0x0000000008012c0e       0x22 /opt/st/stm32cubeide_1.2.0/plugins/com.st.stm32cube.ide.mcu.externaltools.gnu-tools-for-stm32.7-2018-q2-update.linux64_1.0.0.201904181610/tools/bin/../lib/gcc/arm-none-eabi/7.3.1/../../../../arm-none-eabi/lib/thumb/v7e-m/fpv5/hard/libc_nano.a(lib_a-nano-vfprintf_i.o)
 .rodata._dtoa_r.str1.1
                0x0000000008012c30        0xd /opt/st/stm32cubeide_1.2.0/plugins/com.st.stm32cube.ide.mcu.externaltools.gnu-tools-for-stm32.7-2018-q2-update.linux64_1.0.0.201904181610/tools/bin/../lib/gcc/arm-none-eabi/7.3.1/../../../../arm-none-eabi/lib/thumb/v7e-m/fpv5/hard/libc_nano.a(lib_a-dtoa.o)
                                          0xf (size before relaxing)
 *fill*         0x0000000008012c3d        0x3 
 .rodata.__mprec_bigtens
                0x0000000008012c40       0x28 /opt/st/stm32cubeide_1.2.0/plugins/com.st.stm32cube.ide.mcu.externaltools.gnu-tools-for-stm32.7-2018-q2-update.linux64_1.0.0.201904181610/tools/bin/../lib/gcc/arm-none-eabi/7.3.1/../../../../arm-none-eabi/lib/thumb/v7e-m/fpv5/hard/libc_nano.a(lib_a-mprec.o)
                0x0000000008012c40                __mprec_bigtens
 .rodata.__mprec_tens
                0x0000000008012c68       0xc8 /opt/st/stm32cubeide_1.2.0/plugins/com.st.stm32cube.ide.mcu.externaltools.gnu-tools-for-stm32.7-2018-q2-update.linux64_1.0.0.201904181610/tools/bin/../lib/gcc/arm-none-eabi/7.3.1/../../../../arm-none-eabi/lib/thumb/v7e-m/fpv5/hard/libc_nano.a(lib_a-mprec.o)
                0x0000000008012c68                __mprec_tens
 .rodata.p05.7359
                0x0000000008012d30        0xc /opt/st/stm32cubeide_1.2.0/plugins/com.st.stm32cube.ide.mcu.externaltools.gnu-tools-for-stm32.7-2018-q2-update.linux64_1.0.0.201904181610/tools/bin/../lib/gcc/arm-none-eabi/7.3.1/../../../../arm-none-eabi/lib/thumb/v7e-m/fpv5/hard/libc_nano.a(lib_a-mprec.o)
 .rodata._vfprintf_r.str1.1
                0x0000000008012d3c       0x11 /opt/st/stm32cubeide_1.2.0/plugins/com.st.stm32cube.ide.mcu.externaltools.gnu-tools-for-stm32.7-2018-q2-update.linux64_1.0.0.201904181610/tools/bin/../lib/gcc/arm-none-eabi/7.3.1/../../../../arm-none-eabi/lib/thumb/v7e-m/fpv5/hard/libc_nano.a(lib_a-nano-vfprintf.o)
 .rodata._setlocale_r.str1.1
                0x0000000008012d4d        0x8 /opt/st/stm32cubeide_1.2.0/plugins/com.st.stm32cube.ide.mcu.externaltools.gnu-tools-for-stm32.7-2018-q2-update.linux64_1.0.0.201904181610/tools/bin/../lib/gcc/arm-none-eabi/7.3.1/../../../../arm-none-eabi/lib/thumb/v7e-m/fpv5/hard/libc_nano.a(lib_a-locale.o)
                                          0x9 (size before relaxing)
 .rodata.str1.1
                0x0000000008012d55        0x2 /opt/st/stm32cubeide_1.2.0/plugins/com.st.stm32cube.ide.mcu.externaltools.gnu-tools-for-stm32.7-2018-q2-update.linux64_1.0.0.201904181610/tools/bin/../lib/gcc/arm-none-eabi/7.3.1/../../../../arm-none-eabi/lib/thumb/v7e-m/fpv5/hard/libc_nano.a(lib_a-locale.o)
 .rodata._ctype_
                0x0000000008012d57      0x101 /opt/st/stm32cubeide_1.2.0/plugins/com.st.stm32cube.ide.mcu.externaltools.gnu-tools-for-stm32.7-2018-q2-update.linux64_1.0.0.201904181610/tools/bin/../lib/gcc/arm-none-eabi/7.3.1/../../../../arm-none-eabi/lib/thumb/v7e-m/fpv5/hard/libc_nano.a(lib_a-ctype_.o)
                0x0000000008012d57                _ctype_
 .rodata.__exp2f_data
                0x0000000008012e58      0x148 /opt/st/stm32cubeide_1.2.0/plugins/com.st.stm32cube.ide.mcu.externaltools.gnu-tools-for-stm32.7-2018-q2-update.linux64_1.0.0.201904181610/tools/bin/../lib/gcc/arm-none-eabi/7.3.1/../../../../arm-none-eabi/lib/thumb/v7e-m/fpv5/hard/libm.a(lib_a-sf_exp2_data.o)
                0x0000000008012e58                __exp2f_data
                0x0000000008012fa0                . = ALIGN (0x4)

.ARM.extab      0x0000000008012fa0        0x0
                0x0000000008012fa0                . = ALIGN (0x4)
 *(.ARM.extab* .gnu.linkonce.armextab.*)
                0x0000000008012fa0                . = ALIGN (0x4)

.ARM            0x0000000008012fa0        0x8
                0x0000000008012fa0                . = ALIGN (0x4)
                0x0000000008012fa0                __exidx_start = .
 *(.ARM.exidx*)
 .ARM.exidx     0x0000000008012fa0        0x8 /opt/st/stm32cubeide_1.2.0/plugins/com.st.stm32cube.ide.mcu.externaltools.gnu-tools-for-stm32.7-2018-q2-update.linux64_1.0.0.201904181610/tools/bin/../lib/gcc/arm-none-eabi/7.3.1/thumb/v7e-m/fpv5/hard/libgcc.a(_udivmoddi4.o)
                0x0000000008012fa8                __exidx_end = .
                0x0000000008012fa8                . = ALIGN (0x4)

.rel.dyn        0x0000000008012fa8        0x0
 .rel.iplt      0x0000000008012fa8        0x0 /opt/st/stm32cubeide_1.2.0/plugins/com.st.stm32cube.ide.mcu.externaltools.gnu-tools-for-stm32.7-2018-q2-update.linux64_1.0.0.201904181610/tools/bin/../lib/gcc/arm-none-eabi/7.3.1/thumb/v7e-m/fpv5/hard/crtbegin.o

.preinit_array  0x0000000008012fa8        0x0
                0x0000000008012fa8                . = ALIGN (0x4)
                0x0000000008012fa8                PROVIDE (__preinit_array_start = .)
 *(.preinit_array*)
                0x0000000008012fa8                PROVIDE (__preinit_array_end = .)
                0x0000000008012fa8                . = ALIGN (0x4)

.init_array     0x0000000008012fa8        0x4
                0x0000000008012fa8                . = ALIGN (0x4)
                0x0000000008012fa8                PROVIDE (__init_array_start = .)
 *(SORT_BY_NAME(.init_array.*))
 *(.init_array*)
 .init_array    0x0000000008012fa8        0x4 /opt/st/stm32cubeide_1.2.0/plugins/com.st.stm32cube.ide.mcu.externaltools.gnu-tools-for-stm32.7-2018-q2-update.linux64_1.0.0.201904181610/tools/bin/../lib/gcc/arm-none-eabi/7.3.1/thumb/v7e-m/fpv5/hard/crtbegin.o
                0x0000000008012fac                PROVIDE (__init_array_end = .)
                0x0000000008012fac                . = ALIGN (0x4)

.fini_array     0x0000000008012fac        0x4
                0x0000000008012fac                . = ALIGN (0x4)
                [!provide]                        PROVIDE (__fini_array_start = .)
 *(SORT_BY_NAME(.fini_array.*))
 *(.fini_array*)
 .fini_array    0x0000000008012fac        0x4 /opt/st/stm32cubeide_1.2.0/plugins/com.st.stm32cube.ide.mcu.externaltools.gnu-tools-for-stm32.7-2018-q2-update.linux64_1.0.0.201904181610/tools/bin/../lib/gcc/arm-none-eabi/7.3.1/thumb/v7e-m/fpv5/hard/crtbegin.o
                [!provide]                        PROVIDE (__fini_array_end = .)
                0x0000000008012fb0                . = ALIGN (0x4)
                0x0000000008012fb0                _sidata = LOADADDR (.data)

.data           0x0000000024000000      0x87c load address 0x0000000008012fb0
                0x0000000024000000                . = ALIGN (0x4)
                0x0000000024000000                _sdata = .
 *(.data)
 *(.data*)
 .data.uwTickPrio
                0x0000000024000000        0x4 Drivers/STM32H7xx_HAL_Driver/Src/stm32h7xx_hal.o
                0x0000000024000000                uwTickPrio
 .data.uwTickFreq
                0x0000000024000004        0x1 Drivers/STM32H7xx_HAL_Driver/Src/stm32h7xx_hal.o
                0x0000000024000004                uwTickFreq
 *fill*         0x0000000024000005        0x3 
 .data.g_network
                0x0000000024000008       0x60 Src/network.o
 .data.conv2_scratch0_array
                0x0000000024000068       0x10 Src/network.o
 .data.conv1_scratch0_array
                0x0000000024000078       0x10 Src/network.o
 .data.dense_bias_array
                0x0000000024000088       0x10 Src/network.o
 .data.dense_weights_array
                0x0000000024000098       0x10 Src/network.o
 .data.conv2_bias_array
                0x00000000240000a8       0x10 Src/network.o
 .data.conv2_weights_array
                0x00000000240000b8       0x10 Src/network.o
 .data.conv1_bias_array
                0x00000000240000c8       0x10 Src/network.o
 .data.conv1_weights_array
                0x00000000240000d8       0x10 Src/network.o
 .data.input_0_output_array
                0x00000000240000e8       0x10 Src/network.o
 .data.conv1_output_array
                0x00000000240000f8       0x10 Src/network.o
 .data.conv2_output_array
                0x0000000024000108       0x10 Src/network.o
 .data.dense_output_array
                0x0000000024000118       0x10 Src/network.o
 .data.dense_nl_output_array
                0x0000000024000128       0x10 Src/network.o
 .data.conv2_scratch0
                0x0000000024000138       0x1c Src/network.o
 .data.conv1_scratch0
                0x0000000024000154       0x1c Src/network.o
 .data.dense_bias
                0x0000000024000170       0x1c Src/network.o
 .data.dense_weights
                0x000000002400018c       0x1c Src/network.o
 .data.conv2_bias
                0x00000000240001a8       0x1c Src/network.o
 .data.conv2_weights
                0x00000000240001c4       0x1c Src/network.o
 .data.conv1_bias
                0x00000000240001e0       0x1c Src/network.o
 .data.conv1_weights
                0x00000000240001fc       0x1c Src/network.o
 .data.input_0_output
                0x0000000024000218       0x1c Src/network.o
 .data.conv1_output
                0x0000000024000234       0x1c Src/network.o
 .data.conv2_output
                0x0000000024000250       0x1c Src/network.o
 .data.conv2_output0
                0x000000002400026c       0x1c Src/network.o
 .data.dense_output
                0x0000000024000288       0x1c Src/network.o
 .data.dense_nl_output
                0x00000000240002a4       0x1c Src/network.o
 .data.conv1_layer
                0x00000000240002c0       0x58 Src/network.o
 .data.conv2_layer
                0x0000000024000318       0x58 Src/network.o
 .data.dense_layer
                0x0000000024000370       0x18 Src/network.o
 .data.dense_nl_layer
                0x0000000024000388       0x1c Src/network.o
 .data.__compound_literal.0
                0x00000000240003a4       0x10 Src/network.o
 .data.__compound_literal.1
                0x00000000240003b4       0x10 Src/network.o
 .data.__compound_literal.2
                0x00000000240003c4       0x10 Src/network.o
 .data.__compound_literal.3
                0x00000000240003d4       0x10 Src/network.o
 .data.__compound_literal.4
                0x00000000240003e4       0x10 Src/network.o
 .data.__compound_literal.5
                0x00000000240003f4       0x10 Src/network.o
 .data.__compound_literal.6
                0x0000000024000404       0x10 Src/network.o
 .data.__compound_literal.7
                0x0000000024000414       0x10 Src/network.o
 .data.__compound_literal.8
                0x0000000024000424       0x10 Src/network.o
 .data.__compound_literal.9
                0x0000000024000434       0x10 Src/network.o
 .data.__compound_literal.10
                0x0000000024000444       0x10 Src/network.o
 .data.__compound_literal.11
                0x0000000024000454       0x10 Src/network.o
 .data.__compound_literal.12
                0x0000000024000464       0x10 Src/network.o
 .data.__compound_literal.13
                0x0000000024000474       0x10 Src/network.o
 .data.__compound_literal.14
                0x0000000024000484       0x10 Src/network.o
 .data.__compound_literal.15
                0x0000000024000494       0x10 Src/network.o
 .data.__compound_literal.16
                0x00000000240004a4       0x10 Src/network.o
 .data.__compound_literal.17
                0x00000000240004b4       0x10 Src/network.o
 .data.__compound_literal.18
                0x00000000240004c4       0x10 Src/network.o
 .data.__compound_literal.19
                0x00000000240004d4       0x10 Src/network.o
 .data.__compound_literal.20
                0x00000000240004e4       0x10 Src/network.o
 .data.__compound_literal.21
                0x00000000240004f4       0x10 Src/network.o
 .data.__compound_literal.22
                0x0000000024000504       0x10 Src/network.o
 .data.__compound_literal.23
                0x0000000024000514       0x10 Src/network.o
 .data.__compound_literal.24
                0x0000000024000524       0x10 Src/network.o
 .data.__compound_literal.25
                0x0000000024000534       0x10 Src/network.o
 .data.__compound_literal.26
                0x0000000024000544       0x10 Src/network.o
 .data.__compound_literal.27
                0x0000000024000554       0x10 Src/network.o
 .data.__compound_literal.28
                0x0000000024000564        0x4 Src/network.o
 .data.__compound_literal.29
                0x0000000024000568        0x4 Src/network.o
 .data.__compound_literal.30
                0x000000002400056c        0xc Src/network.o
 .data.__compound_literal.31
                0x0000000024000578        0x4 Src/network.o
 .data.__compound_literal.32
                0x000000002400057c       0x30 Src/network.o
 .data.__compound_literal.35
                0x00000000240005ac        0x4 Src/network.o
 .data.__compound_literal.36
                0x00000000240005b0        0x4 Src/network.o
 .data.__compound_literal.37
                0x00000000240005b4        0xc Src/network.o
 .data.__compound_literal.38
                0x00000000240005c0        0x4 Src/network.o
 .data.__compound_literal.39
                0x00000000240005c4       0x30 Src/network.o
 .data.__compound_literal.42
                0x00000000240005f4        0x4 Src/network.o
 .data.__compound_literal.43
                0x00000000240005f8        0x4 Src/network.o
 .data.__compound_literal.44
                0x00000000240005fc        0x8 Src/network.o
 .data.__compound_literal.46
                0x0000000024000604       0x30 Src/network.o
 .data.__compound_literal.47
                0x0000000024000634        0x4 Src/network.o
 .data.__compound_literal.48
                0x0000000024000638        0x4 Src/network.o
 .data.__compound_literal.51
                0x000000002400063c       0x30 Src/network.o
 .data.__compound_literal.52
                0x000000002400066c        0x4 Src/network.o
 .data.__compound_literal.56
                0x0000000024000670        0xc Src/network.o
 .data.__compound_literal.57
                0x000000002400067c        0x4 Src/network.o
 .data.__compound_literal.61
                0x0000000024000680        0xc Src/network.o
 .data.__compound_literal.62
                0x000000002400068c       0x18 Src/network.o
 .data.SystemCoreClock
                0x00000000240006a4        0x4 Src/system_stm32h7xx.o
                0x00000000240006a4                SystemCoreClock
 .data.SystemD2Clock
                0x00000000240006a8        0x4 Src/system_stm32h7xx.o
                0x00000000240006a8                SystemD2Clock
 .data._impure_ptr
                0x00000000240006ac        0x4 /opt/st/stm32cubeide_1.2.0/plugins/com.st.stm32cube.ide.mcu.externaltools.gnu-tools-for-stm32.7-2018-q2-update.linux64_1.0.0.201904181610/tools/bin/../lib/gcc/arm-none-eabi/7.3.1/../../../../arm-none-eabi/lib/thumb/v7e-m/fpv5/hard/libc_nano.a(lib_a-impure.o)
                0x00000000240006ac                _impure_ptr
 .data.impure_data
                0x00000000240006b0       0x60 /opt/st/stm32cubeide_1.2.0/plugins/com.st.stm32cube.ide.mcu.externaltools.gnu-tools-for-stm32.7-2018-q2-update.linux64_1.0.0.201904181610/tools/bin/../lib/gcc/arm-none-eabi/7.3.1/../../../../arm-none-eabi/lib/thumb/v7e-m/fpv5/hard/libc_nano.a(lib_a-impure.o)
 .data.__global_locale
                0x0000000024000710      0x16c /opt/st/stm32cubeide_1.2.0/plugins/com.st.stm32cube.ide.mcu.externaltools.gnu-tools-for-stm32.7-2018-q2-update.linux64_1.0.0.201904181610/tools/bin/../lib/gcc/arm-none-eabi/7.3.1/../../../../arm-none-eabi/lib/thumb/v7e-m/fpv5/hard/libc_nano.a(lib_a-locale.o)
                0x0000000024000710                __global_locale
                0x000000002400087c                . = ALIGN (0x4)
                0x000000002400087c                _edata = .

.igot.plt       0x000000002400087c        0x0 load address 0x000000000801382c
 .igot.plt      0x000000002400087c        0x0 /opt/st/stm32cubeide_1.2.0/plugins/com.st.stm32cube.ide.mcu.externaltools.gnu-tools-for-stm32.7-2018-q2-update.linux64_1.0.0.201904181610/tools/bin/../lib/gcc/arm-none-eabi/7.3.1/thumb/v7e-m/fpv5/hard/crtbegin.o
