Archive member included to satisfy reference by file (symbol)

../../Middlewares/ST/AI/Lib/NetworkRuntime511_CM7_GCC.a(ai_platform_interface.o)
                              Application/User/network.o (ai_platform_runtime_get_revision)
../../Middlewares/ST/AI/Lib/NetworkRuntime511_CM7_GCC.a(core_mem_manager.o)
                              ../../Middlewares/ST/AI/Lib/NetworkRuntime511_CM7_GCC.a(ai_platform_interface.o) (core_mem_alloc)
../../Middlewares/ST/AI/Lib/NetworkRuntime511_CM7_GCC.a(core_common.o)
                              ../../Middlewares/ST/AI/Lib/NetworkRuntime511_CM7_GCC.a(ai_platform_interface.o) (core_init)
../../Middlewares/ST/AI/Lib/NetworkRuntime511_CM7_GCC.a(layers_conv2d_generic_float.o)
                              Application/User/network.o (forward_dense)
../../Middlewares/ST/AI/Lib/NetworkRuntime511_CM7_GCC.a(layers.o)
                              ../../Middlewares/ST/AI/Lib/NetworkRuntime511_CM7_GCC.a(ai_platform_interface.o) (ai_check_custom_types)
../../Middlewares/ST/AI/Lib/NetworkRuntime511_CM7_GCC.a(arm_mat_init_f32.o)
                              ../../Middlewares/ST/AI/Lib/NetworkRuntime511_CM7_GCC.a(layers_conv2d_generic_float.o) (arm_mat_init_f32)
../../Middlewares/ST/AI/Lib/NetworkRuntime511_CM7_GCC.a(ai_datatypes_format.o)
                              ../../Middlewares/ST/AI/Lib/NetworkRuntime511_CM7_GCC.a(ai_platform_interface.o) (ai_array_to_buffer_fmt)
/opt/st/stm32cubeide_1.2.0/plugins/com.st.stm32cube.ide.mcu.externaltools.gnu-tools-for-stm32.7-2018-q2-update.linux64_1.0.0.201904181610/tools/bin/../lib/gcc/arm-none-eabi/7.3.1/../../../../arm-none-eabi/lib/thumb/v7e-m/fpv5/hard/libc_nano.a(lib_a-errno.o)
                              Application/User/aiSystemPerformance.o (__errno)
/opt/st/stm32cubeide_1.2.0/plugins/com.st.stm32cube.ide.mcu.externaltools.gnu-tools-for-stm32.7-2018-q2-update.linux64_1.0.0.201904181610/tools/bin/../lib/gcc/arm-none-eabi/7.3.1/../../../../arm-none-eabi/lib/thumb/v7e-m/fpv5/hard/libc_nano.a(lib_a-exit.o)
                              /opt/st/stm32cubeide_1.2.0/plugins/com.st.stm32cube.ide.mcu.externaltools.gnu-tools-for-stm32.7-2018-q2-update.linux64_1.0.0.201904181610/tools/bin/../lib/gcc/arm-none-eabi/7.3.1/../../../../arm-none-eabi/lib/thumb/v7e-m/fpv5/hard/crt0.o (exit)
/opt/st/stm32cubeide_1.2.0/plugins/com.st.stm32cube.ide.mcu.externaltools.gnu-tools-for-stm32.7-2018-q2-update.linux64_1.0.0.201904181610/tools/bin/../lib/gcc/arm-none-eabi/7.3.1/../../../../arm-none-eabi/lib/thumb/v7e-m/fpv5/hard/libc_nano.a(lib_a-fflush.o)
                              Application/User/aiSystemPerformance.o (fflush)
/opt/st/stm32cubeide_1.2.0/plugins/com.st.stm32cube.ide.mcu.externaltools.gnu-tools-for-stm32.7-2018-q2-update.linux64_1.0.0.201904181610/tools/bin/../lib/gcc/arm-none-eabi/7.3.1/../../../../arm-none-eabi/lib/thumb/v7e-m/fpv5/hard/libc_nano.a(lib_a-findfp.o)
                              /opt/st/stm32cubeide_1.2.0/plugins/com.st.stm32cube.ide.mcu.externaltools.gnu-tools-for-stm32.7-2018-q2-update.linux64_1.0.0.201904181610/tools/bin/../lib/gcc/arm-none-eabi/7.3.1/../../../../arm-none-eabi/lib/thumb/v7e-m/fpv5/hard/libc_nano.a(lib_a-fflush.o) (__sinit)
/opt/st/stm32cubeide_1.2.0/plugins/com.st.stm32cube.ide.mcu.externaltools.gnu-tools-for-stm32.7-2018-q2-update.linux64_1.0.0.201904181610/tools/bin/../lib/gcc/arm-none-eabi/7.3.1/../../../../arm-none-eabi/lib/thumb/v7e-m/fpv5/hard/libc_nano.a(lib_a-fwalk.o)
                              /opt/st/stm32cubeide_1.2.0/plugins/com.st.stm32cube.ide.mcu.externaltools.gnu-tools-for-stm32.7-2018-q2-update.linux64_1.0.0.201904181610/tools/bin/../lib/gcc/arm-none-eabi/7.3.1/../../../../arm-none-eabi/lib/thumb/v7e-m/fpv5/hard/libc_nano.a(lib_a-findfp.o) (_fwalk)
/opt/st/stm32cubeide_1.2.0/plugins/com.st.stm32cube.ide.mcu.externaltools.gnu-tools-for-stm32.7-2018-q2-update.linux64_1.0.0.201904181610/tools/bin/../lib/gcc/arm-none-eabi/7.3.1/../../../../arm-none-eabi/lib/thumb/v7e-m/fpv5/hard/libc_nano.a(lib_a-impure.o)
                              /opt/st/stm32cubeide_1.2.0/plugins/com.st.stm32cube.ide.mcu.externaltools.gnu-tools-for-stm32.7-2018-q2-update.linux64_1.0.0.201904181610/tools/bin/../lib/gcc/arm-none-eabi/7.3.1/../../../../arm-none-eabi/lib/thumb/v7e-m/fpv5/hard/libc_nano.a(lib_a-exit.o) (_global_impure_ptr)
/opt/st/stm32cubeide_1.2.0/plugins/com.st.stm32cube.ide.mcu.externaltools.gnu-tools-for-stm32.7-2018-q2-update.linux64_1.0.0.201904181610/tools/bin/../lib/gcc/arm-none-eabi/7.3.1/../../../../arm-none-eabi/lib/thumb/v7e-m/fpv5/hard/libc_nano.a(lib_a-init.o)
                              /opt/st/stm32cubeide_1.2.0/plugins/com.st.stm32cube.ide.mcu.externaltools.gnu-tools-for-stm32.7-2018-q2-update.linux64_1.0.0.201904181610/tools/bin/../lib/gcc/arm-none-eabi/7.3.1/../../../../arm-none-eabi/lib/thumb/v7e-m/fpv5/hard/crt0.o (__libc_init_array)
[...]
Memory Configuration

Name             Origin             Length             Attributes
DTCMRAM          0x0000000020000000 0x0000000000020000 xrw
ITCMRAM          0x0000000000000000 0x0000000000010000 xrw
RAM_D1           0x0000000024000000 0x0000000000080000 xrw
RAM_D2           0x0000000030000000 0x0000000000048000 xrw
RAM_D3           0x0000000038000000 0x0000000000010000 xrw
FLASH            0x0000000008000000 0x0000000000200000 xr
*default*        0x0000000000000000 0xffffffffffffffff

Linker script and memory map

LOAD /opt/st/stm32cubeide_1.2.0/plugins/com.st.stm32cube.ide.mcu.externaltools.gnu-tools-for-stm32.7-2018-q2-update.linux64_1.0.0.201904181610/tools/bin/../lib/gcc/arm-none-eabi/7.3.1/thumb/v7e-m/fpv5/hard/crti.o
LOAD /opt/st/stm32cubeide_1.2.0/plugins/com.st.stm32cube.ide.mcu.externaltools.gnu-tools-for-stm32.7-2018-q2-update.linux64_1.0.0.201904181610/tools/bin/../lib/gcc/arm-none-eabi/7.3.1/thumb/v7e-m/fpv5/hard/crtbegin.o
LOAD /opt/st/stm32cubeide_1.2.0/plugins/com.st.stm32cube.ide.mcu.externaltools.gnu-tools-for-stm32.7-2018-q2-update.linux64_1.0.0.201904181610/tools/bin/../lib/gcc/arm-none-eabi/7.3.1/../../../../arm-none-eabi/lib/thumb/v7e-m/fpv5/hard/crt0.o
LOAD Application/Startup/startup_stm32h743zitx.o
LOAD Application/User/aiSystemPerformance.o
LOAD Application/User/app_x-cube-ai.o
LOAD Application/User/main.o
LOAD Application/User/network.o
LOAD Application/User/network_data.o
LOAD Application/User/stm32h7xx_hal_msp.o
LOAD Application/User/stm32h7xx_it.o
LOAD Application/User/syscalls.o
LOAD Application/User/sysmem.o
LOAD Drivers/CMSIS/system_stm32h7xx.o
LOAD Drivers/STM32H7xx_HAL_Driver/stm32h7xx_hal.o
LOAD Drivers/STM32H7xx_HAL_Driver/stm32h7xx_hal_cortex.o
LOAD Drivers/STM32H7xx_HAL_Driver/stm32h7xx_hal_crc.o
LOAD Drivers/STM32H7xx_HAL_Driver/stm32h7xx_hal_crc_ex.o
LOAD Drivers/STM32H7xx_HAL_Driver/stm32h7xx_hal_dma.o
LOAD Drivers/STM32H7xx_HAL_Driver/stm32h7xx_hal_dma_ex.o
LOAD Drivers/STM32H7xx_HAL_Driver/stm32h7xx_hal_eth.o
LOAD Drivers/STM32H7xx_HAL_Driver/stm32h7xx_hal_eth_ex.o
LOAD Drivers/STM32H7xx_HAL_Driver/stm32h7xx_hal_exti.o
LOAD Drivers/STM32H7xx_HAL_Driver/stm32h7xx_hal_flash.o
LOAD Drivers/STM32H7xx_HAL_Driver/stm32h7xx_hal_flash_ex.o
LOAD Drivers/STM32H7xx_HAL_Driver/stm32h7xx_hal_gpio.o
LOAD Drivers/STM32H7xx_HAL_Driver/stm32h7xx_hal_hsem.o
LOAD Drivers/STM32H7xx_HAL_Driver/stm32h7xx_hal_i2c.o
LOAD Drivers/STM32H7xx_HAL_Driver/stm32h7xx_hal_i2c_ex.o
LOAD Drivers/STM32H7xx_HAL_Driver/stm32h7xx_hal_mdma.o
LOAD Drivers/STM32H7xx_HAL_Driver/stm32h7xx_hal_pcd.o
LOAD Drivers/STM32H7xx_HAL_Driver/stm32h7xx_hal_pcd_ex.o
LOAD Drivers/STM32H7xx_HAL_Driver/stm32h7xx_hal_pwr.o
LOAD Drivers/STM32H7xx_HAL_Driver/stm32h7xx_hal_pwr_ex.o
LOAD Drivers/STM32H7xx_HAL_Driver/stm32h7xx_hal_rcc.o
LOAD Drivers/STM32H7xx_HAL_Driver/stm32h7xx_hal_rcc_ex.o
LOAD Drivers/STM32H7xx_HAL_Driver/stm32h7xx_hal_tim.o
LOAD Drivers/STM32H7xx_HAL_Driver/stm32h7xx_hal_tim_ex.o
LOAD Drivers/STM32H7xx_HAL_Driver/stm32h7xx_hal_uart.o
LOAD Drivers/STM32H7xx_HAL_Driver/stm32h7xx_hal_uart_ex.o
LOAD Drivers/STM32H7xx_HAL_Driver/stm32h7xx_ll_usb.o
LOAD ../../Middlewares/ST/AI/Lib/NetworkRuntime511_CM7_GCC.a
START GROUP
LOAD /opt/st/stm32cubeide_1.2.0/plugins/com.st.stm32cube.ide.mcu.externaltools.gnu-tools-for-stm32.7-2018-q2-update.linux64_1.0.0.201904181610/tools/bin/../lib/gcc/arm-none-eabi/7.3.1/../../../../arm-none-eabi/lib/thumb/v7e-m/fpv5/hard/libc_nano.a
LOAD /opt/st/stm32cubeide_1.2.0/plugins/com.st.stm32cube.ide.mcu.externaltools.gnu-tools-for-stm32.7-2018-q2-update.linux64_1.0.0.201904181610/tools/bin/../lib/gcc/arm-none-eabi/7.3.1/../../../../arm-none-eabi/lib/thumb/v7e-m/fpv5/hard/libm.a
END GROUP
START GROUP
LOAD /opt/st/stm32cubeide_1.2.0/plugins/com.st.stm32cube.ide.mcu.externaltools.gnu-tools-for-stm32.7-2018-q2-update.linux64_1.0.0.201904181610/tools/bin/../lib/gcc/arm-none-eabi/7.3.1/thumb/v7e-m/fpv5/hard/libgcc.a
LOAD /opt/st/stm32cubeide_1.2.0/plugins/com.st.stm32cube.ide.mcu.externaltools.gnu-tools-for-stm32.7-2018-q2-update.linux64_1.0.0.201904181610/tools/bin/../lib/gcc/arm-none-eabi/7.3.1/../../../../arm-none-eabi/lib/thumb/v7e-m/fpv5/hard/libc_nano.a
END GROUP
START GROUP
LOAD /opt/st/stm32cubeide_1.2.0/plugins/com.st.stm32cube.ide.mcu.externaltools.gnu-tools-for-stm32.7-2018-q2-update.linux64_1.0.0.201904181610/tools/bin/../lib/gcc/arm-none-eabi/7.3.1/thumb/v7e-m/fpv5/hard/libgcc.a
LOAD /opt/st/stm32cubeide_1.2.0/plugins/com.st.stm32cube.ide.mcu.externaltools.gnu-tools-for-stm32.7-2018-q2-update.linux64_1.0.0.201904181610/tools/bin/../lib/gcc/arm-none-eabi/7.3.1/../../../../arm-none-eabi/lib/thumb/v7e-m/fpv5/hard/libc_nano.a
LOAD /opt/st/stm32cubeide_1.2.0/plugins/com.st.stm32cube.ide.mcu.externaltools.gnu-tools-for-stm32.7-2018-q2-update.linux64_1.0.0.201904181610/tools/bin/../lib/gcc/arm-none-eabi/7.3.1/../../../../arm-none-eabi/lib/thumb/v7e-m/fpv5/hard/libnosys.a
END GROUP
START GROUP
LOAD /opt/st/stm32cubeide_1.2.0/plugins/com.st.stm32cube.ide.mcu.externaltools.gnu-tools-for-stm32.7-2018-q2-update.linux64_1.0.0.201904181610/tools/bin/../lib/gcc/arm-none-eabi/7.3.1/thumb/v7e-m/fpv5/hard/libgcc.a
LOAD /opt/st/stm32cubeide_1.2.0/plugins/com.st.stm32cube.ide.mcu.externaltools.gnu-tools-for-stm32.7-2018-q2-update.linux64_1.0.0.201904181610/tools/bin/../lib/gcc/arm-none-eabi/7.3.1/../../../../arm-none-eabi/lib/thumb/v7e-m/fpv5/hard/libc_nano.a
LOAD /opt/st/stm32cubeide_1.2.0/plugins/com.st.stm32cube.ide.mcu.externaltools.gnu-tools-for-stm32.7-2018-q2-update.linux64_1.0.0.201904181610/tools/bin/../lib/gcc/arm-none-eabi/7.3.1/../../../../arm-none-eabi/lib/thumb/v7e-m/fpv5/hard/libnosys.a
END GROUP
LOAD /opt/st/stm32cubeide_1.2.0/plugins/com.st.stm32cube.ide.mcu.externaltools.gnu-tools-for-stm32.7-2018-q2-update.linux64_1.0.0.201904181610/tools/bin/../lib/gcc/arm-none-eabi/7.3.1/thumb/v7e-m/fpv5/hard/crtend.o
LOAD /opt/st/stm32cubeide_1.2.0/plugins/com.st.stm32cube.ide.mcu.externaltools.gnu-tools-for-stm32.7-2018-q2-update.linux64_1.0.0.201904181610/tools/bin/../lib/gcc/arm-none-eabi/7.3.1/thumb/v7e-m/fpv5/hard/crtn.o
                0x0000000024080000                _estack = (ORIGIN (RAM_D1) + LENGTH (RAM_D1))
                0x0000000000000200                _Min_Heap_Size = 0x200
                0x0000000000000800                _Min_Stack_Size = 0x800

.isr_vector     0x0000000008000000      0x298
                0x0000000008000000                . = ALIGN (0x4)
 *(.isr_vector)
 .isr_vector    0x0000000008000000      0x298 Application/Startup/startup_stm32h743zitx.o
                0x0000000008000000                g_pfnVectors
                0x0000000008000298                . = ALIGN (0x4)

.text           0x00000000080002a0     0xdd24
                0x00000000080002a0                . = ALIGN (0x4)
 *(.text)
 .text          0x00000000080002a0       0x40 /opt/st/stm32cubeide_1.2.0/plugins/com.st.stm32cube.ide.mcu.externaltools.gnu-tools-for-stm32.7-2018-q2-update.linux64_1.0.0.201904181610/tools/bin/../lib/gcc/arm-none-eabi/7.3.1/thumb/v7e-m/fpv5/hard/crtbegin.o
 .text          0x00000000080002e0       0x10 /opt/st/stm32cubeide_1.2.0/plugins/com.st.stm32cube.ide.mcu.externaltools.gnu-tools-for-stm32.7-2018-q2-update.linux64_1.0.0.201904181610/tools/bin/../lib/gcc/arm-none-eabi/7.3.1/../../../../arm-none-eabi/lib/thumb/v7e-m/fpv5/hard/libc_nano.a(lib_a-strlen.o)
                0x00000000080002e0                strlen
 .text          0x00000000080002f0       0xa0 /opt/st/stm32cubeide_1.2.0/plugins/com.st.stm32cube.ide.mcu.externaltools.gnu-tools-for-stm32.7-2018-q2-update.linux64_1.0.0.201904181610/tools/bin/../lib/gcc/arm-none-eabi/7.3.1/../../../../arm-none-eabi/lib/thumb/v7e-m/fpv5/hard/libc_nano.a(lib_a-memchr.o)
                0x00000000080002f0                memchr
 .text          0x0000000008000390      0x21c /opt/st/stm32cubeide_1.2.0/plugins/com.st.stm32cube.ide.mcu.externaltools.gnu-tools-for-stm32.7-2018-q2-update.linux64_1.0.0.201904181610/tools/bin/../lib/gcc/arm-none-eabi/7.3.1/thumb/v7e-m/fpv5/hard/libgcc.a(_arm_addsubsf3.o)
                0x0000000008000390                __aeabi_frsub
                0x0000000008000398                __subsf3
                0x0000000008000398                __aeabi_fsub
                0x000000000800039c                __aeabi_fadd
                0x000000000800039c                __addsf3
                0x00000000080004fc                __aeabi_ui2f
                0x00000000080004fc                __floatunsisf
                0x0000000008000504                __aeabi_i2f
                0x0000000008000504                __floatsisf
                0x0000000008000520                __floatundisf
                0x0000000008000520                __aeabi_ul2f
                0x0000000008000530                __floatdisf
                0x0000000008000530                __aeabi_l2f
 .text          0x00000000080005ac       0x30 /opt/st/stm32cubeide_1.2.0/plugins/com.st.stm32cube.ide.mcu.externaltools.gnu-tools-for-stm32.7-2018-q2-update.linux64_1.0.0.201904181610/tools/bin/../lib/gcc/arm-none-eabi/7.3.1/thumb/v7e-m/fpv5/hard/libgcc.a(_aeabi_uldivmod.o)
                0x00000000080005ac                __aeabi_uldivmod
 .text          0x00000000080005dc      0x2cc /opt/st/stm32cubeide_1.2.0/plugins/com.st.stm32cube.ide.mcu.externaltools.gnu-tools-for-stm32.7-2018-q2-update.linux64_1.0.0.201904181610/tools/bin/../lib/gcc/arm-none-eabi/7.3.1/thumb/v7e-m/fpv5/hard/libgcc.a(_udivmoddi4.o)
                0x00000000080005dc                __udivmoddi4
 .text          0x00000000080008a8        0x4 /opt/st/stm32cubeide_1.2.0/plugins/com.st.stm32cube.ide.mcu.externaltools.gnu-tools-for-stm32.7-2018-q2-update.linux64_1.0.0.201904181610/tools/bin/../lib/gcc/arm-none-eabi/7.3.1/thumb/v7e-m/fpv5/hard/libgcc.a(_dvmd_tls.o)
                0x00000000080008a8                __aeabi_ldiv0
                0x00000000080008a8                __aeabi_idiv0
 *(.text*)
 .text.Reset_Handler
                0x00000000080008ac       0x50 Application/Startup/startup_stm32h743zitx.o
                0x00000000080008ac                Reset_Handler
 .text.Default_Handler
                0x00000000080008fc        0x2 Application/Startup/startup_stm32h743zitx.o
                0x00000000080008fc                RTC_Alarm_IRQHandler
                0x00000000080008fc                EXTI2_IRQHandler
                0x00000000080008fc                TIM8_CC_IRQHandler
                0x00000000080008fc                HRTIM1_Master_IRQHandler
                0x00000000080008fc                UART8_IRQHandler
                0x00000000080008fc                SPI4_IRQHandler
                0x00000000080008fc                TIM1_CC_IRQHandler
                0x00000000080008fc                BDMA_Channel6_IRQHandler
                0x00000000080008fc                DMA2_Stream5_IRQHandler
                0x00000000080008fc                HRTIM1_FLT_IRQHandler
                0x00000000080008fc                JPEG_IRQHandler
                0x00000000080008fc                DMA1_Stream5_IRQHandler
                0x00000000080008fc                BDMA_Channel1_IRQHandler
                0x00000000080008fc                HRTIM1_TIMD_IRQHandler
                0x00000000080008fc                TAMP_STAMP_IRQHandler
                0x00000000080008fc                EXTI3_IRQHandler
                0x00000000080008fc                LPTIM4_IRQHandler
                0x00000000080008fc                TIM8_TRG_COM_TIM14_IRQHandler
                0x00000000080008fc                LPTIM2_IRQHandler
                0x00000000080008fc                DFSDM1_FLT1_IRQHandler
                0x00000000080008fc                DMAMUX2_OVR_IRQHandler
                0x00000000080008fc                TIM8_UP_TIM13_IRQHandler
                0x00000000080008fc                I2C3_ER_IRQHandler
                0x00000000080008fc                DFSDM1_FLT2_IRQHandler
                0x00000000080008fc                MDMA_IRQHandler
                0x00000000080008fc                LPTIM3_IRQHandler
                0x00000000080008fc                HSEM1_IRQHandler
                0x00000000080008fc                EXTI0_IRQHandler
                0x00000000080008fc                I2C2_EV_IRQHandler
                0x00000000080008fc                DMA1_Stream2_IRQHandler
                0x00000000080008fc                FPU_IRQHandler
                0x00000000080008fc                OTG_HS_WKUP_IRQHandler
                0x00000000080008fc                FDCAN1_IT1_IRQHandler
                0x00000000080008fc                LTDC_ER_IRQHandler
                0x00000000080008fc                DMA2_Stream2_IRQHandler
                0x00000000080008fc                HRTIM1_TIME_IRQHandler
                0x00000000080008fc                SPI1_IRQHandler
                0x00000000080008fc                TIM6_DAC_IRQHandler
                0x00000000080008fc                DCMI_IRQHandler
                0x00000000080008fc                HRTIM1_TIMC_IRQHandler
                0x00000000080008fc                DMA2_Stream3_IRQHandler
                0x00000000080008fc                SAI2_IRQHandler
                0x00000000080008fc                DFSDM1_FLT3_IRQHandler
                0x00000000080008fc                USART6_IRQHandler
                0x00000000080008fc                TIM17_IRQHandler
                0x00000000080008fc                USART3_IRQHandler
                0x00000000080008fc                BDMA_Channel7_IRQHandler
                0x00000000080008fc                LPTIM5_IRQHandler
                0x00000000080008fc                UART5_IRQHandler
                0x00000000080008fc                ADC3_IRQHandler
                0x00000000080008fc                DMA2_Stream0_IRQHandler
                0x00000000080008fc                TIM4_IRQHandler
                0x00000000080008fc                BDMA_Channel2_IRQHandler
                0x00000000080008fc                QUADSPI_IRQHandler
                0x00000000080008fc                I2C1_EV_IRQHandler
                0x00000000080008fc                DMA1_Stream6_IRQHandler
                0x00000000080008fc                DMAMUX1_OVR_IRQHandler
                0x00000000080008fc                DMA1_Stream1_IRQHandler
                0x00000000080008fc                TIM16_IRQHandler
                0x00000000080008fc                UART4_IRQHandler
                0x00000000080008fc                BDMA_Channel5_IRQHandler
                0x00000000080008fc                TIM3_IRQHandler
                0x00000000080008fc                RCC_IRQHandler
                0x00000000080008fc                TIM8_BRK_TIM12_IRQHandler
                0x00000000080008fc                TIM1_TRG_COM_IRQHandler
                0x00000000080008fc                Default_Handler
                0x00000000080008fc                ECC_IRQHandler
                0x00000000080008fc                CEC_IRQHandler
                0x00000000080008fc                EXTI15_10_IRQHandler
                0x00000000080008fc                BDMA_Channel0_IRQHandler
                0x00000000080008fc                ADC_IRQHandler
                0x00000000080008fc                DMA1_Stream7_IRQHandler
                0x00000000080008fc                HRTIM1_TIMA_IRQHandler
                0x00000000080008fc                SPI5_IRQHandler
                0x00000000080008fc                TIM7_IRQHandler
                0x00000000080008fc                SDMMC1_IRQHandler
                0x00000000080008fc                TIM5_IRQHandler
                0x00000000080008fc                DMA2_Stream7_IRQHandler
                0x00000000080008fc                TIM15_IRQHandler
                0x00000000080008fc                PVD_AVD_IRQHandler
                0x00000000080008fc                I2C3_EV_IRQHandler
                0x00000000080008fc                EXTI9_5_IRQHandler
                0x00000000080008fc                RTC_WKUP_IRQHandler
                0x00000000080008fc                LTDC_IRQHandler
                0x00000000080008fc                SAI3_IRQHandler
                0x00000000080008fc                ETH_WKUP_IRQHandler
                0x00000000080008fc                SPDIF_RX_IRQHandler
                0x00000000080008fc                SPI2_IRQHandler
                0x00000000080008fc                OTG_HS_EP1_IN_IRQHandler
                0x00000000080008fc                DMA1_Stream0_IRQHandler
                0x00000000080008fc                CRS_IRQHandler
                0x00000000080008fc                EXTI4_IRQHandler
                0x00000000080008fc                RNG_IRQHandler
                0x00000000080008fc                HRTIM1_TIMB_IRQHandler
                0x00000000080008fc                FDCAN2_IT1_IRQHandler
                0x00000000080008fc                ETH_IRQHandler
                0x00000000080008fc                TIM1_UP_IRQHandler
                0x00000000080008fc                BDMA_Channel4_IRQHandler
                0x00000000080008fc                OTG_HS_EP1_OUT_IRQHandler
                0x00000000080008fc                WWDG_IRQHandler
                0x00000000080008fc                SPI6_IRQHandler
                0x00000000080008fc                MDIOS_IRQHandler
                0x00000000080008fc                I2C4_EV_IRQHandler
                0x00000000080008fc                FDCAN2_IT0_IRQHandler
                0x00000000080008fc                LPUART1_IRQHandler
                0x00000000080008fc                FDCAN1_IT0_IRQHandler
                0x00000000080008fc                TIM2_IRQHandler
                0x00000000080008fc                OTG_FS_WKUP_IRQHandler
                0x00000000080008fc                OTG_HS_IRQHandler
                0x00000000080008fc                DMA2D_IRQHandler
                0x00000000080008fc                TIM1_BRK_IRQHandler
                0x00000000080008fc                EXTI1_IRQHandler
                0x00000000080008fc                SDMMC2_IRQHandler
                0x00000000080008fc                OTG_FS_EP1_OUT_IRQHandler
                0x00000000080008fc                BDMA_Channel3_IRQHandler
                0x00000000080008fc                UART7_IRQHandler
                0x00000000080008fc                MDIOS_WKUP_IRQHandler
                0x00000000080008fc                USART2_IRQHandler
                0x00000000080008fc                DFSDM1_FLT0_IRQHandler
                0x00000000080008fc                SAI4_IRQHandler
                0x00000000080008fc                I2C2_ER_IRQHandler
                0x00000000080008fc                DMA2_Stream1_IRQHandler
                0x00000000080008fc                FLASH_IRQHandler
                0x00000000080008fc                DMA2_Stream4_IRQHandler
                0x00000000080008fc                USART1_IRQHandler
                0x00000000080008fc                OTG_FS_IRQHandler
                0x00000000080008fc                SPI3_IRQHandler
                0x00000000080008fc                WAKEUP_PIN_IRQHandler
                0x00000000080008fc                DMA1_Stream4_IRQHandler
                0x00000000080008fc                OTG_FS_EP1_IN_IRQHandler
                0x00000000080008fc                I2C1_ER_IRQHandler
                0x00000000080008fc                FMC_IRQHandler
                0x00000000080008fc                FDCAN_CAL_IRQHandler
                0x00000000080008fc                SWPMI1_IRQHandler
                0x00000000080008fc                COMP1_IRQHandler
                0x00000000080008fc                LPTIM1_IRQHandler
                0x00000000080008fc                I2C4_ER_IRQHandler
                0x00000000080008fc                DMA2_Stream6_IRQHandler
                0x00000000080008fc                SAI1_IRQHandler
                0x00000000080008fc                DMA1_Stream3_IRQHandler
 *fill*         0x00000000080008fe        0x2 
 .text.crcIpInit
                0x0000000008000900       0x34 Application/User/aiSystemPerformance.o
 .text.dwtIpInit
                0x0000000008000934       0x38 Application/User/aiSystemPerformance.o
 .text.dwtReset
                0x000000000800096c       0x18 Application/User/aiSystemPerformance.o
 .text.dwtGetCycles
                0x0000000008000984       0x18 Application/User/aiSystemPerformance.o
 .text.cyclesCounterInit
                0x000000000800099c       0x3c Application/User/aiSystemPerformance.o
 .text.cyclesCounterStart
                0x00000000080009d8       0x24 Application/User/aiSystemPerformance.o
 .text.cyclesCounterEnd
                0x00000000080009fc       0xcc Application/User/aiSystemPerformance.o
 .text.systemCoreClock
                0x0000000008000ac8        0xe Application/User/aiSystemPerformance.o
 .text.dwtCyclesToTime
                0x0000000008000ad6      0x266 Application/User/aiSystemPerformance.o
 .text.devIdToStr
                0x0000000008000d3c      0x22c Application/User/aiSystemPerformance.o
 .text.bitToStr
                0x0000000008000f68       0x28 Application/User/aiSystemPerformance.o
 .text.logDeviceConf
                0x0000000008000f90      0x14c Application/User/aiSystemPerformance.o
 .text.disableInts
                0x00000000080010dc       0x20 Application/User/aiSystemPerformance.o
 .text.ioGetUint8
                0x00000000080010fc       0x54 Application/User/aiSystemPerformance.o
 .text._write   0x0000000008001150       0x5c Application/User/aiSystemPerformance.o
                0x0000000008001150                _write
 .text.aiLogErr
                0x00000000080011ac       0x48 Application/User/aiSystemPerformance.o
 .text.aiPrintLayoutBuffer
                0x00000000080011f4      0x3e8 Application/User/aiSystemPerformance.o
 .text.aiPrintNetworkInfo
                0x00000000080015dc      0x1b4 Application/User/aiSystemPerformance.o
 .text.aiBootstrap
                0x0000000008001790      0x1d0 Application/User/aiSystemPerformance.o
 .text.aiInit   0x0000000008001960       0x60 Application/User/aiSystemPerformance.o
 .text.aiDeInit
                0x00000000080019c0       0x98 Application/User/aiSystemPerformance.o
 .text.user_observer_cb
                0x0000000008001a58       0xfc Application/User/aiSystemPerformance.o
 .text.aiObserverInit
                0x0000000008001b54       0xd4 Application/User/aiSystemPerformance.o
                0x0000000008001b54                aiObserverInit
 .text.aiObserverDone
                0x0000000008001c28      0x2a4 Application/User/aiSystemPerformance.o
                0x0000000008001c28                aiObserverDone
 .text.aiTestPerformance
                0x0000000008001ecc      0x9e4 Application/User/aiSystemPerformance.o
 .text.aiTestConsole
                0x00000000080028b0       0x94 Application/User/aiSystemPerformance.o
 .text.aiSystemPerformanceInit
                0x0000000008002944       0x5c Application/User/aiSystemPerformance.o
                0x0000000008002944                aiSystemPerformanceInit
 .text.aiSystemPerformanceProcess
                0x00000000080029a0      0x188 Application/User/aiSystemPerformance.o
                0x00000000080029a0                aiSystemPerformanceProcess
 .text.MX_X_CUBE_AI_Init
                0x0000000008002b28       0x10 Application/User/app_x-cube-ai.o
                0x0000000008002b28                MX_X_CUBE_AI_Init
 .text.MX_X_CUBE_AI_Process
                0x0000000008002b38       0x14 Application/User/app_x-cube-ai.o
                0x0000000008002b38                MX_X_CUBE_AI_Process
 .text.ai_mnetwork_is_valid
                0x0000000008002b4c       0x56 Application/User/app_x-cube-ai.o
 *fill*         0x0000000008002ba2        0x2 
 .text.ai_mnetwork_handle
                0x0000000008002ba4       0x74 Application/User/app_x-cube-ai.o
 .text.ai_mnetwork_release_handle
                0x0000000008002c18       0x58 Application/User/app_x-cube-ai.o
 .text.ai_mnetwork_find
                0x0000000008002c70       0x60 Application/User/app_x-cube-ai.o
                0x0000000008002c70                ai_mnetwork_find
 .text.ai_mnetwork_create
                0x0000000008002cd0       0xd8 Application/User/app_x-cube-ai.o
                0x0000000008002cd0                ai_mnetwork_create
 .text.ai_mnetwork_destroy
                0x0000000008002da8       0x44 Application/User/app_x-cube-ai.o
                0x0000000008002da8                ai_mnetwork_destroy
 .text.ai_mnetwork_get_info
                0x0000000008002dec       0x36 Application/User/app_x-cube-ai.o
                0x0000000008002dec                ai_mnetwork_get_info
 .text.ai_mnetwork_get_error
                0x0000000008002e22       0x40 Application/User/app_x-cube-ai.o
                0x0000000008002e22                ai_mnetwork_get_error
 .text.ai_mnetwork_init
                0x0000000008002e62       0xa2 Application/User/app_x-cube-ai.o
                0x0000000008002e62                ai_mnetwork_init
 .text.ai_mnetwork_run
                0x0000000008002f04       0x38 Application/User/app_x-cube-ai.o
                0x0000000008002f04                ai_mnetwork_run
 .text.ai_mnetwork_get_private_handle
                0x0000000008002f3c       0x58 Application/User/app_x-cube-ai.o
                0x0000000008002f3c                ai_mnetwork_get_private_handle
 .text.ai_mnetwork_get_ext_data_activations
                0x0000000008002f94       0x4a Application/User/app_x-cube-ai.o
                0x0000000008002f94                ai_mnetwork_get_ext_data_activations
 *fill*         0x0000000008002fde        0x2 
 .text.SCB_EnableICache
                0x0000000008002fe0       0x40 Application/User/main.o
 .text.SCB_EnableDCache
                0x0000000008003020       0x80 Application/User/main.o
 .text.main     0x00000000080030a0       0x2e Application/User/main.o
                0x00000000080030a0                main
 *fill*         0x00000000080030ce        0x2 
 .text.SystemClock_Config
                0x00000000080030d0      0x170 Application/User/main.o
                0x00000000080030d0                SystemClock_Config
 .text.MX_CRC_Init
                0x0000000008003240       0x44 Application/User/main.o
 .text.MX_ETH_Init
                0x0000000008003284       0xa4 Application/User/main.o
 .text.MX_USART3_UART_Init
                0x0000000008003328       0x98 Application/User/main.o
                0x0000000008003328                MX_USART3_UART_Init
 .text.MX_USB_OTG_FS_PCD_Init
                0x00000000080033c0       0x64 Application/User/main.o
 .text.MX_GPIO_Init
                0x0000000008003424      0x168 Application/User/main.o
 .text.Error_Handler
                0x000000000800358c        0xe Application/User/main.o
                0x000000000800358c                Error_Handler
 *fill*         0x000000000800359a        0x2 
 .text.network_configure_activations
                0x000000000800359c       0x54 Application/User/network.o
 .text.network_configure_weights
                0x00000000080035f0       0x9c Application/User/network.o
 .text.ai_network_get_info
                0x000000000800368c       0xd0 Application/User/network.o
                0x000000000800368c                ai_network_get_info
 .text.ai_network_get_error
                0x000000000800375c       0x18 Application/User/network.o
                0x000000000800375c                ai_network_get_error
 .text.ai_network_create
                0x0000000008003774       0x2c Application/User/network.o
                0x0000000008003774                ai_network_create
 .text.ai_network_destroy
                0x00000000080037a0       0x18 Application/User/network.o
                0x00000000080037a0                ai_network_destroy
 .text.ai_network_init
                0x00000000080037b8       0x7e Application/User/network.o
                0x00000000080037b8                ai_network_init
 .text.ai_network_run
                0x0000000008003836       0x20 Application/User/network.o
                0x0000000008003836                ai_network_run
 .text.ai_network_forward
                0x0000000008003856       0x1e Application/User/network.o
                0x0000000008003856                ai_network_forward
 .text.ai_network_data_weights_get
                0x0000000008003874       0x14 Application/User/network_data.o
                0x0000000008003874                ai_network_data_weights_get
 .text.HAL_MspInit
                0x0000000008003888       0x34 Application/User/stm32h7xx_hal_msp.o
                0x0000000008003888                HAL_MspInit
 .text.HAL_CRC_MspInit
                0x00000000080038bc       0x44 Application/User/stm32h7xx_hal_msp.o
                0x00000000080038bc                HAL_CRC_MspInit
 .text.HAL_ETH_MspInit
                0x0000000008003900      0x19c Application/User/stm32h7xx_hal_msp.o
                0x0000000008003900                HAL_ETH_MspInit
 .text.HAL_UART_MspInit
                0x0000000008003a9c       0x94 Application/User/stm32h7xx_hal_msp.o
                0x0000000008003a9c                HAL_UART_MspInit
 .text.HAL_PCD_MspInit
                0x0000000008003b30       0xb0 Application/User/stm32h7xx_hal_msp.o
                0x0000000008003b30                HAL_PCD_MspInit
 .text.NMI_Handler
                0x0000000008003be0        0xe Application/User/stm32h7xx_it.o
                0x0000000008003be0                NMI_Handler
 .text.HardFault_Handler
                0x0000000008003bee        0x6 Application/User/stm32h7xx_it.o
                0x0000000008003bee                HardFault_Handler
 .text.MemManage_Handler
                0x0000000008003bf4        0x6 Application/User/stm32h7xx_it.o
                0x0000000008003bf4                MemManage_Handler
 .text.BusFault_Handler
                0x0000000008003bfa        0x6 Application/User/stm32h7xx_it.o
                0x0000000008003bfa                BusFault_Handler
 .text.UsageFault_Handler
                0x0000000008003c00        0x6 Application/User/stm32h7xx_it.o
                0x0000000008003c00                UsageFault_Handler
 .text.SVC_Handler
                0x0000000008003c06        0xe Application/User/stm32h7xx_it.o
                0x0000000008003c06                SVC_Handler
 .text.DebugMon_Handler
                0x0000000008003c14        0xe Application/User/stm32h7xx_it.o
                0x0000000008003c14                DebugMon_Handler
 .text.PendSV_Handler
                0x0000000008003c22        0xe Application/User/stm32h7xx_it.o
                0x0000000008003c22                PendSV_Handler
 .text.SysTick_Handler
                0x0000000008003c30        0xc Application/User/stm32h7xx_it.o
                0x0000000008003c30                SysTick_Handler
 .text._read    0x0000000008003c3c       0x3a Application/User/syscalls.o
                0x0000000008003c3c                _read
 .text._close   0x0000000008003c76       0x18 Application/User/syscalls.o
                0x0000000008003c76                _close
 .text._fstat   0x0000000008003c8e       0x20 Application/User/syscalls.o
                0x0000000008003c8e                _fstat
 .text._isatty  0x0000000008003cae       0x16 Application/User/syscalls.o
                0x0000000008003cae                _isatty
 .text._lseek   0x0000000008003cc4       0x1a Application/User/syscalls.o
                0x0000000008003cc4                _lseek
 *fill*         0x0000000008003cde        0x2 
 .text._sbrk    0x0000000008003ce0       0x58 Application/User/sysmem.o
                0x0000000008003ce0                _sbrk
 .text.SystemInit
                0x0000000008003d38       0xc4 Drivers/CMSIS/system_stm32h7xx.o
                0x0000000008003d38                SystemInit
 .text.HAL_Init
                0x0000000008003dfc       0x78 Drivers/STM32H7xx_HAL_Driver/stm32h7xx_hal.o
                0x0000000008003dfc                HAL_Init
 .text.HAL_InitTick
                0x0000000008003e74       0x6c Drivers/STM32H7xx_HAL_Driver/stm32h7xx_hal.o
                0x0000000008003e74                HAL_InitTick
 .text.HAL_IncTick
                0x0000000008003ee0       0x28 Drivers/STM32H7xx_HAL_Driver/stm32h7xx_hal.o
                0x0000000008003ee0                HAL_IncTick
 .text.HAL_GetTick
                0x0000000008003f08       0x18 Drivers/STM32H7xx_HAL_Driver/stm32h7xx_hal.o
                0x0000000008003f08                HAL_GetTick
 .text.HAL_Delay
                0x0000000008003f20       0x44 Drivers/STM32H7xx_HAL_Driver/stm32h7xx_hal.o
                0x0000000008003f20                HAL_Delay
 .text.HAL_GetHalVersion
                0x0000000008003f64       0x12 Drivers/STM32H7xx_HAL_Driver/stm32h7xx_hal.o
                0x0000000008003f64                HAL_GetHalVersion
 *fill*         0x0000000008003f76        0x2 
 .text.HAL_GetREVID
                0x0000000008003f78       0x18 Drivers/STM32H7xx_HAL_Driver/stm32h7xx_hal.o
                0x0000000008003f78                HAL_GetREVID
 .text.HAL_GetDEVID
                0x0000000008003f90       0x1c Drivers/STM32H7xx_HAL_Driver/stm32h7xx_hal.o
                0x0000000008003f90                HAL_GetDEVID
 .text.HAL_SYSCFG_ETHInterfaceSelect
                0x0000000008003fac       0x28 Drivers/STM32H7xx_HAL_Driver/stm32h7xx_hal.o
                0x0000000008003fac                HAL_SYSCFG_ETHInterfaceSelect
 .text.__NVIC_SetPriorityGrouping
                0x0000000008003fd4       0x48 Drivers/STM32H7xx_HAL_Driver/stm32h7xx_hal_cortex.o
 .text.__NVIC_GetPriorityGrouping
                0x000000000800401c       0x1c Drivers/STM32H7xx_HAL_Driver/stm32h7xx_hal_cortex.o
 .text.__NVIC_SetPriority
                0x0000000008004038       0x54 Drivers/STM32H7xx_HAL_Driver/stm32h7xx_hal_cortex.o
 .text.NVIC_EncodePriority
                0x000000000800408c       0x66 Drivers/STM32H7xx_HAL_Driver/stm32h7xx_hal_cortex.o
 *fill*         0x00000000080040f2        0x2 
 .text.SysTick_Config
                0x00000000080040f4       0x44 Drivers/STM32H7xx_HAL_Driver/stm32h7xx_hal_cortex.o
 .text.HAL_NVIC_SetPriorityGrouping
                0x0000000008004138       0x16 Drivers/STM32H7xx_HAL_Driver/stm32h7xx_hal_cortex.o
                0x0000000008004138                HAL_NVIC_SetPriorityGrouping
 .text.HAL_NVIC_SetPriority
                0x000000000800414e       0x34 Drivers/STM32H7xx_HAL_Driver/stm32h7xx_hal_cortex.o
                0x000000000800414e                HAL_NVIC_SetPriority
 .text.HAL_SYSTICK_Config
                0x0000000008004182       0x18 Drivers/STM32H7xx_HAL_Driver/stm32h7xx_hal_cortex.o
                0x0000000008004182                HAL_SYSTICK_Config
 *fill*         0x000000000800419a        0x2 
 .text.HAL_CRC_Init
                0x000000000800419c       0xc8 Drivers/STM32H7xx_HAL_Driver/stm32h7xx_hal_crc.o
                0x000000000800419c                HAL_CRC_Init
 .text.HAL_CRCEx_Polynomial_Set
                0x0000000008004264      0x10c Drivers/STM32H7xx_HAL_Driver/stm32h7xx_hal_crc_ex.o
                0x0000000008004264                HAL_CRCEx_Polynomial_Set
 .text.HAL_ETH_Init
                0x0000000008004370      0x1b4 Drivers/STM32H7xx_HAL_Driver/stm32h7xx_hal_eth.o
                0x0000000008004370                HAL_ETH_Init
 .text.ETH_SetMACConfig
                0x0000000008004524      0x238 Drivers/STM32H7xx_HAL_Driver/stm32h7xx_hal_eth.o
 .text.ETH_SetDMAConfig
                0x000000000800475c      0x10c Drivers/STM32H7xx_HAL_Driver/stm32h7xx_hal_eth.o
 .text.ETH_MACDMAConfig
                0x0000000008004868      0x13a Drivers/STM32H7xx_HAL_Driver/stm32h7xx_hal_eth.o
 *fill*         0x00000000080049a2        0x2 
 .text.ETH_MAC_MDIO_ClkConfig
                0x00000000080049a4       0xb0 Drivers/STM32H7xx_HAL_Driver/stm32h7xx_hal_eth.o
 .text.ETH_DMATxDescListInit
                0x0000000008004a54       0x8e Drivers/STM32H7xx_HAL_Driver/stm32h7xx_hal_eth.o
 .text.ETH_DMARxDescListInit
                0x0000000008004ae2       0xba Drivers/STM32H7xx_HAL_Driver/stm32h7xx_hal_eth.o
 .text.HAL_GPIO_Init
                0x0000000008004b9c      0x360 Drivers/STM32H7xx_HAL_Driver/stm32h7xx_hal_gpio.o
                0x0000000008004b9c                HAL_GPIO_Init
 .text.HAL_GPIO_WritePin
                0x0000000008004efc       0x32 Drivers/STM32H7xx_HAL_Driver/stm32h7xx_hal_gpio.o
                0x0000000008004efc                HAL_GPIO_WritePin
 .text.HAL_PCD_Init
                0x0000000008004f2e      0x248 Drivers/STM32H7xx_HAL_Driver/stm32h7xx_hal_pcd.o
                0x0000000008004f2e                HAL_PCD_Init
 *fill*         0x0000000008005176        0x2 
 .text.HAL_PCDEx_ActivateLPM
                0x0000000008005178       0x48 Drivers/STM32H7xx_HAL_Driver/stm32h7xx_hal_pcd_ex.o
                0x0000000008005178                HAL_PCDEx_ActivateLPM
 .text.HAL_PWREx_ConfigSupply
                0x00000000080051c0       0x74 Drivers/STM32H7xx_HAL_Driver/stm32h7xx_hal_pwr_ex.o
                0x00000000080051c0                HAL_PWREx_ConfigSupply
 .text.HAL_PWREx_EnableUSBVoltageDetector
                0x0000000008005234       0x20 Drivers/STM32H7xx_HAL_Driver/stm32h7xx_hal_pwr_ex.o
                0x0000000008005234                HAL_PWREx_EnableUSBVoltageDetector
 .text.HAL_RCC_OscConfig
                0x0000000008005254      0x7b0 Drivers/STM32H7xx_HAL_Driver/stm32h7xx_hal_rcc.o
                0x0000000008005254                HAL_RCC_OscConfig
 .text.HAL_RCC_ClockConfig
                0x0000000008005a04      0x36c Drivers/STM32H7xx_HAL_Driver/stm32h7xx_hal_rcc.o
                0x0000000008005a04                HAL_RCC_ClockConfig
 .text.HAL_RCC_GetSysClockFreq
                0x0000000008005d70      0x2e4 Drivers/STM32H7xx_HAL_Driver/stm32h7xx_hal_rcc.o
                0x0000000008005d70                HAL_RCC_GetSysClockFreq
 .text.HAL_RCC_GetHCLKFreq
                0x0000000008006054       0x60 Drivers/STM32H7xx_HAL_Driver/stm32h7xx_hal_rcc.o
                0x0000000008006054                HAL_RCC_GetHCLKFreq
 .text.HAL_RCC_GetPCLK1Freq
                0x00000000080060b4       0x2c Drivers/STM32H7xx_HAL_Driver/stm32h7xx_hal_rcc.o
                0x00000000080060b4                HAL_RCC_GetPCLK1Freq
 .text.HAL_RCC_GetPCLK2Freq
                0x00000000080060e0       0x2c Drivers/STM32H7xx_HAL_Driver/stm32h7xx_hal_rcc.o
                0x00000000080060e0                HAL_RCC_GetPCLK2Freq
 .text.HAL_RCCEx_PeriphCLKConfig
                0x000000000800610c      0xdbc Drivers/STM32H7xx_HAL_Driver/stm32h7xx_hal_rcc_ex.o
                0x000000000800610c                HAL_RCCEx_PeriphCLKConfig
 .text.HAL_RCCEx_GetD3PCLK1Freq
                0x0000000008006ec8       0x2c Drivers/STM32H7xx_HAL_Driver/stm32h7xx_hal_rcc_ex.o
                0x0000000008006ec8                HAL_RCCEx_GetD3PCLK1Freq
 .text.HAL_RCCEx_GetPLL2ClockFreq
                0x0000000008006ef4      0x298 Drivers/STM32H7xx_HAL_Driver/stm32h7xx_hal_rcc_ex.o
                0x0000000008006ef4                HAL_RCCEx_GetPLL2ClockFreq
 .text.HAL_RCCEx_GetPLL3ClockFreq
                0x000000000800718c      0x298 Drivers/STM32H7xx_HAL_Driver/stm32h7xx_hal_rcc_ex.o
                0x000000000800718c                HAL_RCCEx_GetPLL3ClockFreq
 .text.RCCEx_PLL2_Config
                0x0000000008007424      0x164 Drivers/STM32H7xx_HAL_Driver/stm32h7xx_hal_rcc_ex.o
 .text.RCCEx_PLL3_Config
                0x0000000008007588      0x164 Drivers/STM32H7xx_HAL_Driver/stm32h7xx_hal_rcc_ex.o
 .text.HAL_UART_Init
                0x00000000080076ec       0xa0 Drivers/STM32H7xx_HAL_Driver/stm32h7xx_hal_uart.o
                0x00000000080076ec                HAL_UART_Init
 .text.HAL_UART_Transmit
                0x000000000800778c      0x12c Drivers/STM32H7xx_HAL_Driver/stm32h7xx_hal_uart.o
                0x000000000800778c                HAL_UART_Transmit
 .text.HAL_UART_Receive
                0x00000000080078b8      0x1a0 Drivers/STM32H7xx_HAL_Driver/stm32h7xx_hal_uart.o
                0x00000000080078b8                HAL_UART_Receive
 .text.UART_SetConfig
                0x0000000008007a58     0x22fc Drivers/STM32H7xx_HAL_Driver/stm32h7xx_hal_uart.o
                0x0000000008007a58                UART_SetConfig
 .text.UART_AdvFeatureConfig
                0x0000000008009d54      0x144 Drivers/STM32H7xx_HAL_Driver/stm32h7xx_hal_uart.o
                0x0000000008009d54                UART_AdvFeatureConfig
 .text.UART_CheckIdleState
                0x0000000008009e98       0x90 Drivers/STM32H7xx_HAL_Driver/stm32h7xx_hal_uart.o
                0x0000000008009e98                UART_CheckIdleState
 .text.UART_WaitOnFlagUntilTimeout
                0x0000000008009f28      0x100 Drivers/STM32H7xx_HAL_Driver/stm32h7xx_hal_uart.o
                0x0000000008009f28                UART_WaitOnFlagUntilTimeout
 .text.HAL_UARTEx_DisableFifoMode
                0x000000000800a028       0x72 Drivers/STM32H7xx_HAL_Driver/stm32h7xx_hal_uart_ex.o
                0x000000000800a028                HAL_UARTEx_DisableFifoMode
 .text.HAL_UARTEx_SetTxFifoThreshold
                0x000000000800a09a       0x7c Drivers/STM32H7xx_HAL_Driver/stm32h7xx_hal_uart_ex.o
                0x000000000800a09a                HAL_UARTEx_SetTxFifoThreshold
 .text.HAL_UARTEx_SetRxFifoThreshold
                0x000000000800a116       0x7c Drivers/STM32H7xx_HAL_Driver/stm32h7xx_hal_uart_ex.o
                0x000000000800a116                HAL_UARTEx_SetRxFifoThreshold
 *fill*         0x000000000800a192        0x2 
 .text.UARTEx_SetNbDataToProcess
                0x000000000800a194       0xd0 Drivers/STM32H7xx_HAL_Driver/stm32h7xx_hal_uart_ex.o
 .text.USB_CoreInit
                0x000000000800a264       0xc4 Drivers/STM32H7xx_HAL_Driver/stm32h7xx_ll_usb.o
                0x000000000800a264                USB_CoreInit
 .text.USB_DisableGlobalInt
                0x000000000800a328       0x22 Drivers/STM32H7xx_HAL_Driver/stm32h7xx_ll_usb.o
                0x000000000800a328                USB_DisableGlobalInt
 .text.USB_SetCurrentMode
                0x000000000800a34a       0x54 Drivers/STM32H7xx_HAL_Driver/stm32h7xx_ll_usb.o
                0x000000000800a34a                USB_SetCurrentMode
 *fill*         0x000000000800a39e        0x2 
 .text.USB_DevInit
                0x000000000800a3a0      0x2bc Drivers/STM32H7xx_HAL_Driver/stm32h7xx_ll_usb.o
                0x000000000800a3a0                USB_DevInit
 .text.USB_FlushTxFifo
                0x000000000800a65c       0x4c Drivers/STM32H7xx_HAL_Driver/stm32h7xx_ll_usb.o
                0x000000000800a65c                USB_FlushTxFifo
 .text.USB_FlushRxFifo
                0x000000000800a6a8       0x44 Drivers/STM32H7xx_HAL_Driver/stm32h7xx_ll_usb.o
                0x000000000800a6a8                USB_FlushRxFifo
 .text.USB_SetDevSpeed
                0x000000000800a6ec       0x32 Drivers/STM32H7xx_HAL_Driver/stm32h7xx_ll_usb.o
                0x000000000800a6ec                USB_SetDevSpeed
 .text.USB_DevDisconnect
                0x000000000800a71e       0x30 Drivers/STM32H7xx_HAL_Driver/stm32h7xx_ll_usb.o
                0x000000000800a71e                USB_DevDisconnect
 *fill*         0x000000000800a74e        0x2 
 .text.USB_CoreReset
                0x000000000800a750       0x68 Drivers/STM32H7xx_HAL_Driver/stm32h7xx_ll_usb.o
 .text._platform_observer_node_exec_cb
                0x000000000800a7b8       0xf8 ../../Middlewares/ST/AI/Lib/NetworkRuntime511_CM7_GCC.a(ai_platform_interface.o)
 .text.ai_platform_runtime_get_revision
                0x000000000800a8b0       0x9c ../../Middlewares/ST/AI/Lib/NetworkRuntime511_CM7_GCC.a(ai_platform_interface.o)
                0x000000000800a8b0                ai_platform_runtime_get_revision
 .text.ai_platform_runtime_get_version
                0x000000000800a94c       0xc4 ../../Middlewares/ST/AI/Lib/NetworkRuntime511_CM7_GCC.a(ai_platform_interface.o)
                0x000000000800a94c                ai_platform_runtime_get_version
 .text.ai_platform_api_get_version
                0x000000000800aa10       0xc4 ../../Middlewares/ST/AI/Lib/NetworkRuntime511_CM7_GCC.a(ai_platform_interface.o)
                0x000000000800aa10                ai_platform_api_get_version
 .text.ai_platform_interface_api_get_version
                0x000000000800aad4       0xc4 ../../Middlewares/ST/AI/Lib/NetworkRuntime511_CM7_GCC.a(ai_platform_interface.o)
                0x000000000800aad4                ai_platform_interface_api_get_version
 .text.ai_platform_context_acquire
                0x000000000800ab98       0xa4 ../../Middlewares/ST/AI/Lib/NetworkRuntime511_CM7_GCC.a(ai_platform_interface.o)
                0x000000000800ab98                ai_platform_context_acquire
 .text.ai_platform_network_get_error
                0x000000000800ac3c      0x11c ../../Middlewares/ST/AI/Lib/NetworkRuntime511_CM7_GCC.a(ai_platform_interface.o)
                0x000000000800ac3c                ai_platform_network_get_error
 .text.ai_platform_api_get_network_report
                0x000000000800ad58      0x51c ../../Middlewares/ST/AI/Lib/NetworkRuntime511_CM7_GCC.a(ai_platform_interface.o)
                0x000000000800ad58                ai_platform_api_get_network_report
 .text.ai_platform_network_create
                0x000000000800b274      0x108 ../../Middlewares/ST/AI/Lib/NetworkRuntime511_CM7_GCC.a(ai_platform_interface.o)
                0x000000000800b274                ai_platform_network_create
 .text.ai_platform_network_destroy
                0x000000000800b37c      0x114 ../../Middlewares/ST/AI/Lib/NetworkRuntime511_CM7_GCC.a(ai_platform_interface.o)
                0x000000000800b37c                ai_platform_network_destroy
 .text.ai_platform_network_init
                0x000000000800b490      0x1d0 ../../Middlewares/ST/AI/Lib/NetworkRuntime511_CM7_GCC.a(ai_platform_interface.o)
                0x000000000800b490                ai_platform_network_init
 .text.ai_platform_network_post_init
                0x000000000800b660      0x158 ../../Middlewares/ST/AI/Lib/NetworkRuntime511_CM7_GCC.a(ai_platform_interface.o)
                0x000000000800b660                ai_platform_network_post_init
 .text.ai_platform_network_process
                0x000000000800b7b8      0x560 ../../Middlewares/ST/AI/Lib/NetworkRuntime511_CM7_GCC.a(ai_platform_interface.o)
                0x000000000800b7b8                ai_platform_network_process
 .text.ai_platform_observer_node_info
                0x000000000800bd18      0x150 ../../Middlewares/ST/AI/Lib/NetworkRuntime511_CM7_GCC.a(ai_platform_interface.o)
                0x000000000800bd18                ai_platform_observer_node_info
 .text.ai_platform_observer_register
                0x000000000800be68      0x1a0 ../../Middlewares/ST/AI/Lib/NetworkRuntime511_CM7_GCC.a(ai_platform_interface.o)
                0x000000000800be68                ai_platform_observer_register
 .text.ai_platform_observer_unregister
                0x000000000800c008      0x128 ../../Middlewares/ST/AI/Lib/NetworkRuntime511_CM7_GCC.a(ai_platform_interface.o)
                0x000000000800c008                ai_platform_observer_unregister
 .text.core_mem_alloc
                0x000000000800c130       0x1c ../../Middlewares/ST/AI/Lib/NetworkRuntime511_CM7_GCC.a(core_mem_manager.o)
                0x000000000800c130                core_mem_alloc
 .text.core_mem_free
                0x000000000800c14c       0x20 ../../Middlewares/ST/AI/Lib/NetworkRuntime511_CM7_GCC.a(core_mem_manager.o)
                0x000000000800c14c                core_mem_free
 .text.core_init
                0x000000000800c16c        0x4 ../../Middlewares/ST/AI/Lib/NetworkRuntime511_CM7_GCC.a(core_common.o)
                0x000000000800c16c                core_init
 .text.core_get_error
                0x000000000800c170        0xc ../../Middlewares/ST/AI/Lib/NetworkRuntime511_CM7_GCC.a(core_common.o)
                0x000000000800c170                core_get_error
 .text.core_set_error
                0x000000000800c17c       0x18 ../../Middlewares/ST/AI/Lib/NetworkRuntime511_CM7_GCC.a(core_common.o)
                0x000000000800c17c                core_set_error
 .text.ai_dict8_dot_array_f32
                0x000000000800c194      0x460 ../../Middlewares/ST/AI/Lib/NetworkRuntime511_CM7_GCC.a(layers_conv2d_generic_float.o)
                0x000000000800c194                ai_dict8_dot_array_f32
 .text.ai_dict4_dot_array_f32
                0x000000000800c5f4      0x17c ../../Middlewares/ST/AI/Lib/NetworkRuntime511_CM7_GCC.a(layers_conv2d_generic_float.o)
                0x000000000800c5f4                ai_dict4_dot_array_f32
 .text.forward_dense
                0x000000000800c770      0x44c ../../Middlewares/ST/AI/Lib/NetworkRuntime511_CM7_GCC.a(layers_conv2d_generic_float.o)
                0x000000000800c770                forward_dense
 .text.ai_check_custom_types
                0x000000000800cbbc       0x54 ../../Middlewares/ST/AI/Lib/NetworkRuntime511_CM7_GCC.a(layers.o)
                0x000000000800cbbc                ai_check_custom_types
 .text.ai_layer_type_name
                0x000000000800cc10      0x188 ../../Middlewares/ST/AI/Lib/NetworkRuntime511_CM7_GCC.a(layers.o)
                0x000000000800cc10                ai_layer_type_name
 .text.ai_layers_forward_all
                0x000000000800cd98       0x74 ../../Middlewares/ST/AI/Lib/NetworkRuntime511_CM7_GCC.a(layers.o)
                0x000000000800cd98                ai_layers_forward_all
 .text.ai_array_to_buffer_fmt
                0x000000000800ce0c       0x98 ../../Middlewares/ST/AI/Lib/NetworkRuntime511_CM7_GCC.a(ai_datatypes_format.o)
                0x000000000800ce0c                ai_array_to_buffer_fmt
 .text.ai_array_get_byte_size
                0x000000000800cea4       0x50 ../../Middlewares/ST/AI/Lib/NetworkRuntime511_CM7_GCC.a(ai_datatypes_format.o)
                0x000000000800cea4                ai_array_get_byte_size
 .text.__errno  0x000000000800cef4        0xc /opt/st/stm32cubeide_1.2.0/plugins/com.st.stm32cube.ide.mcu.externaltools.gnu-tools-for-stm32.7-2018-q2-update.linux64_1.0.0.201904181610/tools/bin/../lib/gcc/arm-none-eabi/7.3.1/../../../../arm-none-eabi/lib/thumb/v7e-m/fpv5/hard/libc_nano.a(lib_a-errno.o)
                0x000000000800cef4                __errno
 .text.__sflush_r
                0x000000000800cf00      0x10c /opt/st/stm32cubeide_1.2.0/plugins/com.st.stm32cube.ide.mcu.externaltools.gnu-tools-for-stm32.7-2018-q2-update.linux64_1.0.0.201904181610/tools/bin/../lib/gcc/arm-none-eabi/7.3.1/../../../../arm-none-eabi/lib/thumb/v7e-m/fpv5/hard/libc_nano.a(lib_a-fflush.o)
                0x000000000800cf00                __sflush_r
 .text._fflush_r
                0x000000000800d00c       0x54 /opt/st/stm32cubeide_1.2.0/plugins/com.st.stm32cube.ide.mcu.externaltools.gnu-tools-for-stm32.7-2018-q2-update.linux64_1.0.0.201904181610/tools/bin/../lib/gcc/arm-none-eabi/7.3.1/../../../../arm-none-eabi/lib/thumb/v7e-m/fpv5/hard/libc_nano.a(lib_a-fflush.o)
                0x000000000800d00c                _fflush_r
 .text.fflush   0x000000000800d060       0x24 /opt/st/stm32cubeide_1.2.0/plugins/com.st.stm32cube.ide.mcu.externaltools.gnu-tools-for-stm32.7-2018-q2-update.linux64_1.0.0.201904181610/tools/bin/../lib/gcc/arm-none-eabi/7.3.1/../../../../arm-none-eabi/lib/thumb/v7e-m/fpv5/hard/libc_nano.a(lib_a-fflush.o)
                0x000000000800d060                fflush
 .text.std      0x000000000800d084       0x48 /opt/st/stm32cubeide_1.2.0/plugins/com.st.stm32cube.ide.mcu.externaltools.gnu-tools-for-stm32.7-2018-q2-update.linux64_1.0.0.201904181610/tools/bin/../lib/gcc/arm-none-eabi/7.3.1/../../../../arm-none-eabi/lib/thumb/v7e-m/fpv5/hard/libc_nano.a(lib_a-findfp.o)
 .text._cleanup_r
                0x000000000800d0cc        0xc /opt/st/stm32cubeide_1.2.0/plugins/com.st.stm32cube.ide.mcu.externaltools.gnu-tools-for-stm32.7-2018-q2-update.linux64_1.0.0.201904181610/tools/bin/../lib/gcc/arm-none-eabi/7.3.1/../../../../arm-none-eabi/lib/thumb/v7e-m/fpv5/hard/libc_nano.a(lib_a-findfp.o)
                0x000000000800d0cc                _cleanup_r
 .text.__sfmoreglue
                0x000000000800d0d8       0x2c /opt/st/stm32cubeide_1.2.0/plugins/com.st.stm32cube.ide.mcu.externaltools.gnu-tools-for-stm32.7-2018-q2-update.linux64_1.0.0.201904181610/tools/bin/../lib/gcc/arm-none-eabi/7.3.1/../../../../arm-none-eabi/lib/thumb/v7e-m/fpv5/hard/libc_nano.a(lib_a-findfp.o)
                0x000000000800d0d8                __sfmoreglue
 .text.__sinit  0x000000000800d104       0x60 /opt/st/stm32cubeide_1.2.0/plugins/com.st.stm32cube.ide.mcu.externaltools.gnu-tools-for-stm32.7-2018-q2-update.linux64_1.0.0.201904181610/tools/bin/../lib/gcc/arm-none-eabi/7.3.1/../../../../arm-none-eabi/lib/thumb/v7e-m/fpv5/hard/libc_nano.a(lib_a-findfp.o)
                0x000000000800d104                __sinit
 .text.__sfp    0x000000000800d164       0x78 /opt/st/stm32cubeide_1.2.0/plugins/com.st.stm32cube.ide.mcu.externaltools.gnu-tools-for-stm32.7-2018-q2-update.linux64_1.0.0.201904181610/tools/bin/../lib/gcc/arm-none-eabi/7.3.1/../../../../arm-none-eabi/lib/thumb/v7e-m/fpv5/hard/libc_nano.a(lib_a-findfp.o)
                0x000000000800d164                __sfp
 .text._fwalk_reent
                0x000000000800d1dc       0x3c /opt/st/stm32cubeide_1.2.0/plugins/com.st.stm32cube.ide.mcu.externaltools.gnu-tools-for-stm32.7-2018-q2-update.linux64_1.0.0.201904181610/tools/bin/../lib/gcc/arm-none-eabi/7.3.1/../../../../arm-none-eabi/lib/thumb/v7e-m/fpv5/hard/libc_nano.a(lib_a-fwalk.o)
                0x000000000800d1dc                _fwalk_reent
 .text.__libc_init_array
                0x000000000800d218       0x48 /opt/st/stm32cubeide_1.2.0/plugins/com.st.stm32cube.ide.mcu.externaltools.gnu-tools-for-stm32.7-2018-q2-update.linux64_1.0.0.201904181610/tools/bin/../lib/gcc/arm-none-eabi/7.3.1/../../../../arm-none-eabi/lib/thumb/v7e-m/fpv5/hard/libc_nano.a(lib_a-init.o)
                0x000000000800d218                __libc_init_array
 .text.malloc   0x000000000800d260       0x10 /opt/st/stm32cubeide_1.2.0/plugins/com.st.stm32cube.ide.mcu.externaltools.gnu-tools-for-stm32.7-2018-q2-update.linux64_1.0.0.201904181610/tools/bin/../lib/gcc/arm-none-eabi/7.3.1/../../../../arm-none-eabi/lib/thumb/v7e-m/fpv5/hard/libc_nano.a(lib_a-malloc.o)
                0x000000000800d260                malloc
 .text.free     0x000000000800d270       0x10 /opt/st/stm32cubeide_1.2.0/plugins/com.st.stm32cube.ide.mcu.externaltools.gnu-tools-for-stm32.7-2018-q2-update.linux64_1.0.0.201904181610/tools/bin/../lib/gcc/arm-none-eabi/7.3.1/../../../../arm-none-eabi/lib/thumb/v7e-m/fpv5/hard/libc_nano.a(lib_a-malloc.o)
                0x000000000800d270                free
 .text.memcpy   0x000000000800d280       0x16 /opt/st/stm32cubeide_1.2.0/plugins/com.st.stm32cube.ide.mcu.externaltools.gnu-tools-for-stm32.7-2018-q2-update.linux64_1.0.0.201904181610/tools/bin/../lib/gcc/arm-none-eabi/7.3.1/../../../../arm-none-eabi/lib/thumb/v7e-m/fpv5/hard/libc_nano.a(lib_a-memcpy-stub.o)
                0x000000000800d280                memcpy
 .text.memset   0x000000000800d296       0x10 /opt/st/stm32cubeide_1.2.0/plugins/com.st.stm32cube.ide.mcu.externaltools.gnu-tools-for-stm32.7-2018-q2-update.linux64_1.0.0.201904181610/tools/bin/../lib/gcc/arm-none-eabi/7.3.1/../../../../arm-none-eabi/lib/thumb/v7e-m/fpv5/hard/libc_nano.a(lib_a-memset.o)
                0x000000000800d296                memset
 *fill*         0x000000000800d2a6        0x2 
 .text._free_r  0x000000000800d2a8       0x9c /opt/st/stm32cubeide_1.2.0/plugins/com.st.stm32cube.ide.mcu.externaltools.gnu-tools-for-stm32.7-2018-q2-update.linux64_1.0.0.201904181610/tools/bin/../lib/gcc/arm-none-eabi/7.3.1/../../../../arm-none-eabi/lib/thumb/v7e-m/fpv5/hard/libc_nano.a(lib_a-nano-freer.o)
                0x000000000800d2a8                _free_r
 .text._malloc_r
                0x000000000800d344       0xb4 /opt/st/stm32cubeide_1.2.0/plugins/com.st.stm32cube.ide.mcu.externaltools.gnu-tools-for-stm32.7-2018-q2-update.linux64_1.0.0.201904181610/tools/bin/../lib/gcc/arm-none-eabi/7.3.1/../../../../arm-none-eabi/lib/thumb/v7e-m/fpv5/hard/libc_nano.a(lib_a-nano-mallocr.o)
                0x000000000800d344                _malloc_r
 .text.printf   0x000000000800d3f8       0x30 /opt/st/stm32cubeide_1.2.0/plugins/com.st.stm32cube.ide.mcu.externaltools.gnu-tools-for-stm32.7-2018-q2-update.linux64_1.0.0.201904181610/tools/bin/../lib/gcc/arm-none-eabi/7.3.1/../../../../arm-none-eabi/lib/thumb/v7e-m/fpv5/hard/libc_nano.a(lib_a-printf.o)
                0x000000000800d3f8                printf
                0x000000000800d3f8                iprintf
 .text.putchar  0x000000000800d428       0x28 /opt/st/stm32cubeide_1.2.0/plugins/com.st.stm32cube.ide.mcu.externaltools.gnu-tools-for-stm32.7-2018-q2-update.linux64_1.0.0.201904181610/tools/bin/../lib/gcc/arm-none-eabi/7.3.1/../../../../arm-none-eabi/lib/thumb/v7e-m/fpv5/hard/libc_nano.a(lib_a-putchar.o)
                0x000000000800d428                putchar
 .text._puts_r  0x000000000800d450       0xb8 /opt/st/stm32cubeide_1.2.0/plugins/com.st.stm32cube.ide.mcu.externaltools.gnu-tools-for-stm32.7-2018-q2-update.linux64_1.0.0.201904181610/tools/bin/../lib/gcc/arm-none-eabi/7.3.1/../../../../arm-none-eabi/lib/thumb/v7e-m/fpv5/hard/libc_nano.a(lib_a-puts.o)
                0x000000000800d450                _puts_r
 .text.puts     0x000000000800d508       0x10 /opt/st/stm32cubeide_1.2.0/plugins/com.st.stm32cube.ide.mcu.externaltools.gnu-tools-for-stm32.7-2018-q2-update.linux64_1.0.0.201904181610/tools/bin/../lib/gcc/arm-none-eabi/7.3.1/../../../../arm-none-eabi/lib/thumb/v7e-m/fpv5/hard/libc_nano.a(lib_a-puts.o)
                0x000000000800d508                puts
 .text.srand    0x000000000800d518       0x48 /opt/st/stm32cubeide_1.2.0/plugins/com.st.stm32cube.ide.mcu.externaltools.gnu-tools-for-stm32.7-2018-q2-update.linux64_1.0.0.201904181610/tools/bin/../lib/gcc/arm-none-eabi/7.3.1/../../../../arm-none-eabi/lib/thumb/v7e-m/fpv5/hard/libc_nano.a(lib_a-rand.o)
                0x000000000800d518                srand
 .text.rand     0x000000000800d560       0x68 /opt/st/stm32cubeide_1.2.0/plugins/com.st.stm32cube.ide.mcu.externaltools.gnu-tools-for-stm32.7-2018-q2-update.linux64_1.0.0.201904181610/tools/bin/../lib/gcc/arm-none-eabi/7.3.1/../../../../arm-none-eabi/lib/thumb/v7e-m/fpv5/hard/libc_nano.a(lib_a-rand.o)
                0x000000000800d560                rand
 .text._sbrk_r  0x000000000800d5c8       0x20 /opt/st/stm32cubeide_1.2.0/plugins/com.st.stm32cube.ide.mcu.externaltools.gnu-tools-for-stm32.7-2018-q2-update.linux64_1.0.0.201904181610/tools/bin/../lib/gcc/arm-none-eabi/7.3.1/../../../../arm-none-eabi/lib/thumb/v7e-m/fpv5/hard/libc_nano.a(lib_a-sbrkr.o)
                0x000000000800d5c8                _sbrk_r
 .text.__sread  0x000000000800d5e8       0x22 /opt/st/stm32cubeide_1.2.0/plugins/com.st.stm32cube.ide.mcu.externaltools.gnu-tools-for-stm32.7-2018-q2-update.linux64_1.0.0.201904181610/tools/bin/../lib/gcc/arm-none-eabi/7.3.1/../../../../arm-none-eabi/lib/thumb/v7e-m/fpv5/hard/libc_nano.a(lib_a-stdio.o)
                0x000000000800d5e8                __sread
 .text.__swrite
                0x000000000800d60a       0x38 /opt/st/stm32cubeide_1.2.0/plugins/com.st.stm32cube.ide.mcu.externaltools.gnu-tools-for-stm32.7-2018-q2-update.linux64_1.0.0.201904181610/tools/bin/../lib/gcc/arm-none-eabi/7.3.1/../../../../arm-none-eabi/lib/thumb/v7e-m/fpv5/hard/libc_nano.a(lib_a-stdio.o)
                0x000000000800d60a                __swrite
 .text.__sseek  0x000000000800d642       0x24 /opt/st/stm32cubeide_1.2.0/plugins/com.st.stm32cube.ide.mcu.externaltools.gnu-tools-for-stm32.7-2018-q2-update.linux64_1.0.0.201904181610/tools/bin/../lib/gcc/arm-none-eabi/7.3.1/../../../../arm-none-eabi/lib/thumb/v7e-m/fpv5/hard/libc_nano.a(lib_a-stdio.o)
                0x000000000800d642                __sseek
 .text.__sclose
                0x000000000800d666        0x8 /opt/st/stm32cubeide_1.2.0/plugins/com.st.stm32cube.ide.mcu.externaltools.gnu-tools-for-stm32.7-2018-q2-update.linux64_1.0.0.201904181610/tools/bin/../lib/gcc/arm-none-eabi/7.3.1/../../../../arm-none-eabi/lib/thumb/v7e-m/fpv5/hard/libc_nano.a(lib_a-stdio.o)
                0x000000000800d666                __sclose
 .text.strncmp  0x000000000800d66e       0x24 /opt/st/stm32cubeide_1.2.0/plugins/com.st.stm32cube.ide.mcu.externaltools.gnu-tools-for-stm32.7-2018-q2-update.linux64_1.0.0.201904181610/tools/bin/../lib/gcc/arm-none-eabi/7.3.1/../../../../arm-none-eabi/lib/thumb/v7e-m/fpv5/hard/libc_nano.a(lib_a-strncmp.o)
                0x000000000800d66e                strncmp
 *fill*         0x000000000800d692        0x2 
 .text.__swbuf_r
                0x000000000800d694       0xa4 /opt/st/stm32cubeide_1.2.0/plugins/com.st.stm32cube.ide.mcu.externaltools.gnu-tools-for-stm32.7-2018-q2-update.linux64_1.0.0.201904181610/tools/bin/../lib/gcc/arm-none-eabi/7.3.1/../../../../arm-none-eabi/lib/thumb/v7e-m/fpv5/hard/libc_nano.a(lib_a-wbuf.o)
                0x000000000800d694                __swbuf_r
 .text._write_r
                0x000000000800d738       0x24 /opt/st/stm32cubeide_1.2.0/plugins/com.st.stm32cube.ide.mcu.externaltools.gnu-tools-for-stm32.7-2018-q2-update.linux64_1.0.0.201904181610/tools/bin/../lib/gcc/arm-none-eabi/7.3.1/../../../../arm-none-eabi/lib/thumb/v7e-m/fpv5/hard/libc_nano.a(lib_a-writer.o)
                0x000000000800d738                _write_r
 .text.__swsetup_r
                0x000000000800d75c       0xdc /opt/st/stm32cubeide_1.2.0/plugins/com.st.stm32cube.ide.mcu.externaltools.gnu-tools-for-stm32.7-2018-q2-update.linux64_1.0.0.201904181610/tools/bin/../lib/gcc/arm-none-eabi/7.3.1/../../../../arm-none-eabi/lib/thumb/v7e-m/fpv5/hard/libc_nano.a(lib_a-wsetup.o)
                0x000000000800d75c                __swsetup_r
 .text._close_r
                0x000000000800d838       0x20 /opt/st/stm32cubeide_1.2.0/plugins/com.st.stm32cube.ide.mcu.externaltools.gnu-tools-for-stm32.7-2018-q2-update.linux64_1.0.0.201904181610/tools/bin/../lib/gcc/arm-none-eabi/7.3.1/../../../../arm-none-eabi/lib/thumb/v7e-m/fpv5/hard/libc_nano.a(lib_a-closer.o)
                0x000000000800d838                _close_r
 .text._lseek_r
                0x000000000800d858       0x24 /opt/st/stm32cubeide_1.2.0/plugins/com.st.stm32cube.ide.mcu.externaltools.gnu-tools-for-stm32.7-2018-q2-update.linux64_1.0.0.201904181610/tools/bin/../lib/gcc/arm-none-eabi/7.3.1/../../../../arm-none-eabi/lib/thumb/v7e-m/fpv5/hard/libc_nano.a(lib_a-lseekr.o)
                0x000000000800d858                _lseek_r
 .text.__swhatbuf_r
                0x000000000800d87c       0x48 /opt/st/stm32cubeide_1.2.0/plugins/com.st.stm32cube.ide.mcu.externaltools.gnu-tools-for-stm32.7-2018-q2-update.linux64_1.0.0.201904181610/tools/bin/../lib/gcc/arm-none-eabi/7.3.1/../../../../arm-none-eabi/lib/thumb/v7e-m/fpv5/hard/libc_nano.a(lib_a-makebuf.o)
                0x000000000800d87c                __swhatbuf_r
 .text.__smakebuf_r
                0x000000000800d8c4       0x80 /opt/st/stm32cubeide_1.2.0/plugins/com.st.stm32cube.ide.mcu.externaltools.gnu-tools-for-stm32.7-2018-q2-update.linux64_1.0.0.201904181610/tools/bin/../lib/gcc/arm-none-eabi/7.3.1/../../../../arm-none-eabi/lib/thumb/v7e-m/fpv5/hard/libc_nano.a(lib_a-makebuf.o)
                0x000000000800d8c4                __smakebuf_r
 .text.__malloc_lock
                0x000000000800d944        0x2 /opt/st/stm32cubeide_1.2.0/plugins/com.st.stm32cube.ide.mcu.externaltools.gnu-tools-for-stm32.7-2018-q2-update.linux64_1.0.0.201904181610/tools/bin/../lib/gcc/arm-none-eabi/7.3.1/../../../../arm-none-eabi/lib/thumb/v7e-m/fpv5/hard/libc_nano.a(lib_a-mlock.o)
                0x000000000800d944                __malloc_lock
 .text.__malloc_unlock
                0x000000000800d946        0x2 /opt/st/stm32cubeide_1.2.0/plugins/com.st.stm32cube.ide.mcu.externaltools.gnu-tools-for-stm32.7-2018-q2-update.linux64_1.0.0.201904181610/tools/bin/../lib/gcc/arm-none-eabi/7.3.1/../../../../arm-none-eabi/lib/thumb/v7e-m/fpv5/hard/libc_nano.a(lib_a-mlock.o)
                0x000000000800d946                __malloc_unlock
 .text.__sfputc_r
                0x000000000800d948       0x2e /opt/st/stm32cubeide_1.2.0/plugins/com.st.stm32cube.ide.mcu.externaltools.gnu-tools-for-stm32.7-2018-q2-update.linux64_1.0.0.201904181610/tools/bin/../lib/gcc/arm-none-eabi/7.3.1/../../../../arm-none-eabi/lib/thumb/v7e-m/fpv5/hard/libc_nano.a(lib_a-nano-vfprintf.o)
 .text.__sfputs_r
                0x000000000800d976       0x24 /opt/st/stm32cubeide_1.2.0/plugins/com.st.stm32cube.ide.mcu.externaltools.gnu-tools-for-stm32.7-2018-q2-update.linux64_1.0.0.201904181610/tools/bin/../lib/gcc/arm-none-eabi/7.3.1/../../../../arm-none-eabi/lib/thumb/v7e-m/fpv5/hard/libc_nano.a(lib_a-nano-vfprintf.o)
                0x000000000800d976                __sfputs_r
 *fill*         0x000000000800d99a        0x2 
 .text._vfprintf_r
                0x000000000800d99c      0x22c /opt/st/stm32cubeide_1.2.0/plugins/com.st.stm32cube.ide.mcu.externaltools.gnu-tools-for-stm32.7-2018-q2-update.linux64_1.0.0.201904181610/tools/bin/../lib/gcc/arm-none-eabi/7.3.1/../../../../arm-none-eabi/lib/thumb/v7e-m/fpv5/hard/libc_nano.a(lib_a-nano-vfprintf.o)
                0x000000000800d99c                _vfiprintf_r
                0x000000000800d99c                _vfprintf_r
 .text._printf_common
                0x000000000800dbc8       0xea /opt/st/stm32cubeide_1.2.0/plugins/com.st.stm32cube.ide.mcu.externaltools.gnu-tools-for-stm32.7-2018-q2-update.linux64_1.0.0.201904181610/tools/bin/../lib/gcc/arm-none-eabi/7.3.1/../../../../arm-none-eabi/lib/thumb/v7e-m/fpv5/hard/libc_nano.a(lib_a-nano-vfprintf_i.o)
                0x000000000800dbc8                _printf_common
 *fill*         0x000000000800dcb2        0x2 
 .text._printf_i
                0x000000000800dcb4      0x224 /opt/st/stm32cubeide_1.2.0/plugins/com.st.stm32cube.ide.mcu.externaltools.gnu-tools-for-stm32.7-2018-q2-update.linux64_1.0.0.201904181610/tools/bin/../lib/gcc/arm-none-eabi/7.3.1/../../../../arm-none-eabi/lib/thumb/v7e-m/fpv5/hard/libc_nano.a(lib_a-nano-vfprintf_i.o)
                0x000000000800dcb4                _printf_i
 .text._putc_r  0x000000000800ded8       0x6c /opt/st/stm32cubeide_1.2.0/plugins/com.st.stm32cube.ide.mcu.externaltools.gnu-tools-for-stm32.7-2018-q2-update.linux64_1.0.0.201904181610/tools/bin/../lib/gcc/arm-none-eabi/7.3.1/../../../../arm-none-eabi/lib/thumb/v7e-m/fpv5/hard/libc_nano.a(lib_a-putc.o)
                0x000000000800ded8                _putc_r
 .text._read_r  0x000000000800df44       0x24 /opt/st/stm32cubeide_1.2.0/plugins/com.st.stm32cube.ide.mcu.externaltools.gnu-tools-for-stm32.7-2018-q2-update.linux64_1.0.0.201904181610/tools/bin/../lib/gcc/arm-none-eabi/7.3.1/../../../../arm-none-eabi/lib/thumb/v7e-m/fpv5/hard/libc_nano.a(lib_a-readr.o)
                0x000000000800df44                _read_r
 .text._fstat_r
                0x000000000800df68       0x24 /opt/st/stm32cubeide_1.2.0/plugins/com.st.stm32cube.ide.mcu.externaltools.gnu-tools-for-stm32.7-2018-q2-update.linux64_1.0.0.201904181610/tools/bin/../lib/gcc/arm-none-eabi/7.3.1/../../../../arm-none-eabi/lib/thumb/v7e-m/fpv5/hard/libc_nano.a(lib_a-fstatr.o)
                0x000000000800df68                _fstat_r
 .text._isatty_r
                0x000000000800df8c       0x20 /opt/st/stm32cubeide_1.2.0/plugins/com.st.stm32cube.ide.mcu.externaltools.gnu-tools-for-stm32.7-2018-q2-update.linux64_1.0.0.201904181610/tools/bin/../lib/gcc/arm-none-eabi/7.3.1/../../../../arm-none-eabi/lib/thumb/v7e-m/fpv5/hard/libc_nano.a(lib_a-isattyr.o)
                0x000000000800df8c                _isatty_r
 *(.glue_7)
 .glue_7        0x000000000800dfac        0x0 linker stubs
 *(.glue_7t)
 .glue_7t       0x000000000800dfac        0x0 linker stubs
 *(.eh_frame)
 .eh_frame      0x000000000800dfac        0x0 /opt/st/stm32cubeide_1.2.0/plugins/com.st.stm32cube.ide.mcu.externaltools.gnu-tools-for-stm32.7-2018-q2-update.linux64_1.0.0.201904181610/tools/bin/../lib/gcc/arm-none-eabi/7.3.1/thumb/v7e-m/fpv5/hard/crtbegin.o
 *(.init)
 .init          0x000000000800dfac        0x4 /opt/st/stm32cubeide_1.2.0/plugins/com.st.stm32cube.ide.mcu.externaltools.gnu-tools-for-stm32.7-2018-q2-update.linux64_1.0.0.201904181610/tools/bin/../lib/gcc/arm-none-eabi/7.3.1/thumb/v7e-m/fpv5/hard/crti.o
                0x000000000800dfac                _init
 .init          0x000000000800dfb0        0x8 /opt/st/stm32cubeide_1.2.0/plugins/com.st.stm32cube.ide.mcu.externaltools.gnu-tools-for-stm32.7-2018-q2-update.linux64_1.0.0.201904181610/tools/bin/../lib/gcc/arm-none-eabi/7.3.1/thumb/v7e-m/fpv5/hard/crtn.o
 *(.fini)
 .fini          0x000000000800dfb8        0x4 /opt/st/stm32cubeide_1.2.0/plugins/com.st.stm32cube.ide.mcu.externaltools.gnu-tools-for-stm32.7-2018-q2-update.linux64_1.0.0.201904181610/tools/bin/../lib/gcc/arm-none-eabi/7.3.1/thumb/v7e-m/fpv5/hard/crti.o
                0x000000000800dfb8                _fini
 .fini          0x000000000800dfbc        0x8 /opt/st/stm32cubeide_1.2.0/plugins/com.st.stm32cube.ide.mcu.externaltools.gnu-tools-for-stm32.7-2018-q2-update.linux64_1.0.0.201904181610/tools/bin/../lib/gcc/arm-none-eabi/7.3.1/thumb/v7e-m/fpv5/hard/crtn.o
                0x000000000800dfc4                . = ALIGN (0x4)
                0x000000000800dfc4                _etext = .

.vfp11_veneer   0x000000000800dfc4        0x0
 .vfp11_veneer  0x000000000800dfc4        0x0 linker stubs

.v4_bx          0x000000000800dfc4        0x0
 .v4_bx         0x000000000800dfc4        0x0 linker stubs

.iplt           0x000000000800dfc4        0x0
 .iplt          0x000000000800dfc4        0x0 /opt/st/stm32cubeide_1.2.0/plugins/com.st.stm32cube.ide.mcu.externaltools.gnu-tools-for-stm32.7-2018-q2-update.linux64_1.0.0.201904181610/tools/bin/../lib/gcc/arm-none-eabi/7.3.1/thumb/v7e-m/fpv5/hard/crtbegin.o

.rodata         0x000000000800dfc4      0xf9c
                0x000000000800dfc4                . = ALIGN (0x4)
 *(.rodata)
 .rodata        0x000000000800dfc4      0xcb9 Application/User/aiSystemPerformance.o
 *fill*         0x000000000800ec7d        0x3 
 .rodata        0x000000000800ec80        0x8 Application/User/app_x-cube-ai.o
 .rodata        0x000000000800ec88       0x6c Application/User/network.o
 .rodata        0x000000000800ecf4       0x10 Drivers/STM32H7xx_HAL_Driver/stm32h7xx_hal_uart_ex.o
 .rodata        0x000000000800ed04        0x4 ../../Middlewares/ST/AI/Lib/NetworkRuntime511_CM7_GCC.a(layers.o)
 *(.rodata*)
 .rodata.networks
                0x000000000800ed08       0x60 Application/User/app_x-cube-ai.o
 .rodata.dense_chain
                0x000000000800ed68        0x8 Application/User/network.o
 .rodata.dense_1_chain
                0x000000000800ed70        0x8 Application/User/network.o
 .rodata.s_network_weights.5656
                0x000000000800ed78       0x40 Application/User/network_data.o
 .rodata.D1CorePrescTable
                0x000000000800edb8       0x10 Drivers/CMSIS/system_stm32h7xx.o
                0x000000000800edb8                D1CorePrescTable
 .rodata.ai_platform_runtime_get_revision.str1.4
                0x000000000800edc8        0x0 ../../Middlewares/ST/AI/Lib/NetworkRuntime511_CM7_GCC.a(ai_platform_interface.o)
                                          0x1 (size before relaxing)
 .rodata.v.8034
                0x000000000800edc8        0x4 ../../Middlewares/ST/AI/Lib/NetworkRuntime511_CM7_GCC.a(ai_platform_interface.o)
 .rodata.v.8038
                0x000000000800edcc        0x4 ../../Middlewares/ST/AI/Lib/NetworkRuntime511_CM7_GCC.a(ai_platform_interface.o)
 .rodata.v.8042
                0x000000000800edd0        0x4 ../../Middlewares/ST/AI/Lib/NetworkRuntime511_CM7_GCC.a(ai_platform_interface.o)
 .rodata.ai_layer_type_name.str1.4
                0x000000000800edd4       0xf4 ../../Middlewares/ST/AI/Lib/NetworkRuntime511_CM7_GCC.a(layers.o)
                                         0xf5 (size before relaxing)
 .rodata.__sf_fake_stderr
                0x000000000800eec8       0x20 /opt/st/stm32cubeide_1.2.0/plugins/com.st.stm32cube.ide.mcu.externaltools.gnu-tools-for-stm32.7-2018-q2-update.linux64_1.0.0.201904181610/tools/bin/../lib/gcc/arm-none-eabi/7.3.1/../../../../arm-none-eabi/lib/thumb/v7e-m/fpv5/hard/libc_nano.a(lib_a-findfp.o)
                0x000000000800eec8                __sf_fake_stderr
 .rodata.__sf_fake_stdin
                0x000000000800eee8       0x20 /opt/st/stm32cubeide_1.2.0/plugins/com.st.stm32cube.ide.mcu.externaltools.gnu-tools-for-stm32.7-2018-q2-update.linux64_1.0.0.201904181610/tools/bin/../lib/gcc/arm-none-eabi/7.3.1/../../../../arm-none-eabi/lib/thumb/v7e-m/fpv5/hard/libc_nano.a(lib_a-findfp.o)
                0x000000000800eee8                __sf_fake_stdin
 .rodata.__sf_fake_stdout
                0x000000000800ef08       0x20 /opt/st/stm32cubeide_1.2.0/plugins/com.st.stm32cube.ide.mcu.externaltools.gnu-tools-for-stm32.7-2018-q2-update.linux64_1.0.0.201904181610/tools/bin/../lib/gcc/arm-none-eabi/7.3.1/../../../../arm-none-eabi/lib/thumb/v7e-m/fpv5/hard/libc_nano.a(lib_a-findfp.o)
                0x000000000800ef08                __sf_fake_stdout
 .rodata._global_impure_ptr
                0x000000000800ef28        0x4 /opt/st/stm32cubeide_1.2.0/plugins/com.st.stm32cube.ide.mcu.externaltools.gnu-tools-for-stm32.7-2018-q2-update.linux64_1.0.0.201904181610/tools/bin/../lib/gcc/arm-none-eabi/7.3.1/../../../../arm-none-eabi/lib/thumb/v7e-m/fpv5/hard/libc_nano.a(lib_a-impure.o)
                0x000000000800ef28                _global_impure_ptr
 .rodata._vfprintf_r.str1.1
                0x000000000800ef2c       0x11 /opt/st/stm32cubeide_1.2.0/plugins/com.st.stm32cube.ide.mcu.externaltools.gnu-tools-for-stm32.7-2018-q2-update.linux64_1.0.0.201904181610/tools/bin/../lib/gcc/arm-none-eabi/7.3.1/../../../../arm-none-eabi/lib/thumb/v7e-m/fpv5/hard/libc_nano.a(lib_a-nano-vfprintf.o)
 .rodata._printf_i.str1.1
                0x000000000800ef3d       0x22 /opt/st/stm32cubeide_1.2.0/plugins/com.st.stm32cube.ide.mcu.externaltools.gnu-tools-for-stm32.7-2018-q2-update.linux64_1.0.0.201904181610/tools/bin/../lib/gcc/arm-none-eabi/7.3.1/../../../../arm-none-eabi/lib/thumb/v7e-m/fpv5/hard/libc_nano.a(lib_a-nano-vfprintf_i.o)
                0x000000000800ef60                . = ALIGN (0x4)
 *fill*         0x000000000800ef5f        0x1 

.ARM.extab      0x000000000800ef60        0x0
                0x000000000800ef60                . = ALIGN (0x4)
 *(.ARM.extab* .gnu.linkonce.armextab.*)
                0x000000000800ef60                . = ALIGN (0x4)

.ARM            0x000000000800ef60        0x8
                0x000000000800ef60                . = ALIGN (0x4)
                0x000000000800ef60                __exidx_start = .
 *(.ARM.exidx*)
 .ARM.exidx     0x000000000800ef60        0x8 /opt/st/stm32cubeide_1.2.0/plugins/com.st.stm32cube.ide.mcu.externaltools.gnu-tools-for-stm32.7-2018-q2-update.linux64_1.0.0.201904181610/tools/bin/../lib/gcc/arm-none-eabi/7.3.1/thumb/v7e-m/fpv5/hard/libgcc.a(_udivmoddi4.o)
                0x000000000800ef68                __exidx_end = .
                0x000000000800ef68                . = ALIGN (0x4)

.rel.dyn        0x000000000800ef68        0x0
 .rel.iplt      0x000000000800ef68        0x0 /opt/st/stm32cubeide_1.2.0/plugins/com.st.stm32cube.ide.mcu.externaltools.gnu-tools-for-stm32.7-2018-q2-update.linux64_1.0.0.201904181610/tools/bin/../lib/gcc/arm-none-eabi/7.3.1/thumb/v7e-m/fpv5/hard/crtbegin.o

.preinit_array  0x000000000800ef68        0x0
                0x000000000800ef68                . = ALIGN (0x4)
                0x000000000800ef68                PROVIDE (__preinit_array_start = .)
 *(.preinit_array*)
                0x000000000800ef68                PROVIDE (__preinit_array_end = .)
                0x000000000800ef68                . = ALIGN (0x4)

.init_array     0x000000000800ef68        0x4
                0x000000000800ef68                . = ALIGN (0x4)
                0x000000000800ef68                PROVIDE (__init_array_start = .)
 *(SORT_BY_NAME(.init_array.*))
 *(.init_array*)
 .init_array    0x000000000800ef68        0x4 /opt/st/stm32cubeide_1.2.0/plugins/com.st.stm32cube.ide.mcu.externaltools.gnu-tools-for-stm32.7-2018-q2-update.linux64_1.0.0.201904181610/tools/bin/../lib/gcc/arm-none-eabi/7.3.1/thumb/v7e-m/fpv5/hard/crtbegin.o
                0x000000000800ef6c                PROVIDE (__init_array_end = .)
                0x000000000800ef6c                . = ALIGN (0x4)

.fini_array     0x000000000800ef6c        0x4
                0x000000000800ef6c                . = ALIGN (0x4)
                [!provide]                        PROVIDE (__fini_array_start = .)
 *(SORT_BY_NAME(.fini_array.*))
 *(.fini_array*)
 .fini_array    0x000000000800ef6c        0x4 /opt/st/stm32cubeide_1.2.0/plugins/com.st.stm32cube.ide.mcu.externaltools.gnu-tools-for-stm32.7-2018-q2-update.linux64_1.0.0.201904181610/tools/bin/../lib/gcc/arm-none-eabi/7.3.1/thumb/v7e-m/fpv5/hard/crtbegin.o
                [!provide]                        PROVIDE (__fini_array_end = .)
                0x000000000800ef70                . = ALIGN (0x4)
                0x000000000800ef70                _sidata = LOADADDR (.data)

.data           0x0000000024000000      0x3dc load address 0x000000000800ef70
                0x0000000024000000                . = ALIGN (0x4)
                0x0000000024000000                _sdata = .
 *(.data)
 *(.data*)
 .data.data_ins
                0x0000000024000000        0x4 Application/User/aiSystemPerformance.o
 .data.data_outs
                0x0000000024000004        0x4 Application/User/aiSystemPerformance.o
 .data.profiling_factor
                0x0000000024000008        0x4 Application/User/aiSystemPerformance.o
 .data.g_network
                0x000000002400000c       0x60 Application/User/network.o
 .data.dense_1_bias_array
                0x000000002400006c       0x10 Application/User/network.o
 .data.dense_1_weights_array
                0x000000002400007c       0x10 Application/User/network.o
 .data.dense_bias_array
                0x000000002400008c       0x10 Application/User/network.o
 .data.dense_weights_array
                0x000000002400009c       0x10 Application/User/network.o
 .data.input_0_output_array
                0x00000000240000ac       0x10 Application/User/network.o
 .data.dense_output_array
                0x00000000240000bc       0x10 Application/User/network.o
 .data.dense_1_output_array
                0x00000000240000cc       0x10 Application/User/network.o
 .data.dense_1_bias
                0x00000000240000dc       0x1c Application/User/network.o
 .data.dense_1_weights
                0x00000000240000f8       0x1c Application/User/network.o
 .data.dense_bias
                0x0000000024000114       0x1c Application/User/network.o
 .data.dense_weights
                0x0000000024000130       0x1c Application/User/network.o
 .data.input_0_output
                0x000000002400014c       0x1c Application/User/network.o
 .data.dense_output
                0x0000000024000168       0x1c Application/User/network.o
 .data.dense_1_output
                0x0000000024000184       0x1c Application/User/network.o
 .data.dense_layer
                0x00000000240001a0       0x18 Application/User/network.o
 .data.dense_1_layer
                0x00000000240001b8       0x18 Application/User/network.o
 .data.__compound_literal.0
                0x00000000240001d0       0x10 Application/User/network.o
 .data.__compound_literal.1
                0x00000000240001e0       0x10 Application/User/network.o
 .data.__compound_literal.2
                0x00000000240001f0       0x10 Application/User/network.o
 .data.__compound_literal.3
                0x0000000024000200       0x10 Application/User/network.o
 .data.__compound_literal.4
                0x0000000024000210       0x10 Application/User/network.o
 .data.__compound_literal.5
                0x0000000024000220       0x10 Application/User/network.o
 .data.__compound_literal.6
                0x0000000024000230       0x10 Application/User/network.o
 .data.__compound_literal.7
                0x0000000024000240       0x10 Application/User/network.o
 .data.__compound_literal.8
                0x0000000024000250       0x10 Application/User/network.o
 .data.__compound_literal.9
                0x0000000024000260       0x10 Application/User/network.o
 .data.__compound_literal.10
                0x0000000024000270       0x10 Application/User/network.o
 .data.__compound_literal.11
                0x0000000024000280       0x10 Application/User/network.o
 .data.__compound_literal.12
                0x0000000024000290       0x10 Application/User/network.o
 .data.__compound_literal.13
                0x00000000240002a0       0x10 Application/User/network.o
 .data.__compound_literal.14
                0x00000000240002b0        0x4 Application/User/network.o
 .data.__compound_literal.15
                0x00000000240002b4        0x4 Application/User/network.o
 .data.__compound_literal.16
                0x00000000240002b8        0x8 Application/User/network.o
 .data.__compound_literal.18
                0x00000000240002c0       0x30 Application/User/network.o
 .data.__compound_literal.19
                0x00000000240002f0        0x4 Application/User/network.o
 .data.__compound_literal.20
                0x00000000240002f4        0x4 Application/User/network.o
 .data.__compound_literal.21
                0x00000000240002f8        0x8 Application/User/network.o
 .data.__compound_literal.23
                0x0000000024000300       0x30 Application/User/network.o
 .data.__compound_literal.24
                0x0000000024000330        0x4 Application/User/network.o
 .data.__compound_literal.28
                0x0000000024000334        0xc Application/User/network.o
 .data.__compound_literal.29
                0x0000000024000340        0x4 Application/User/network.o
 .data.__compound_literal.33
                0x0000000024000344        0xc Application/User/network.o
 .data.__compound_literal.34
                0x0000000024000350       0x18 Application/User/network.o
 .data.SystemCoreClock
                0x0000000024000368        0x4 Drivers/CMSIS/system_stm32h7xx.o
                0x0000000024000368                SystemCoreClock
 .data.SystemD2Clock
                0x000000002400036c        0x4 Drivers/CMSIS/system_stm32h7xx.o
                0x000000002400036c                SystemD2Clock
 .data.uwTickPrio
                0x0000000024000370        0x4 Drivers/STM32H7xx_HAL_Driver/stm32h7xx_hal.o
                0x0000000024000370                uwTickPrio
 .data.uwTickFreq
                0x0000000024000374        0x1 Drivers/STM32H7xx_HAL_Driver/stm32h7xx_hal.o
                0x0000000024000374                uwTickFreq
 *fill*         0x0000000024000375        0x3 
 .data._impure_ptr
                0x0000000024000378        0x4 /opt/st/stm32cubeide_1.2.0/plugins/com.st.stm32cube.ide.mcu.externaltools.gnu-tools-for-stm32.7-2018-q2-update.linux64_1.0.0.201904181610/tools/bin/../lib/gcc/arm-none-eabi/7.3.1/../../../../arm-none-eabi/lib/thumb/v7e-m/fpv5/hard/libc_nano.a(lib_a-impure.o)
                0x0000000024000378                _impure_ptr
 .data.impure_data
                0x000000002400037c       0x60 /opt/st/stm32cubeide_1.2.0/plugins/com.st.stm32cube.ide.mcu.externaltools.gnu-tools-for-stm32.7-2018-q2-update.linux64_1.0.0.201904181610/tools/bin/../lib/gcc/arm-none-eabi/7.3.1/../../../../arm-none-eabi/lib/thumb/v7e-m/fpv5/hard/libc_nano.a(lib_a-impure.o)
                0x00000000240003dc                . = ALIGN (0x4)
                0x00000000240003dc                _edata = .

.igot.plt       0x00000000240003dc        0x0 load address 0x000000000800f34c
 .igot.plt      0x00000000240003dc        0x0 /opt/st/stm32cubeide_1.2.0/plugins/com.st.stm32cube.ide.mcu.externaltools.gnu-tools-for-stm32.7-2018-q2-update.linux64_1.0.0.201904181610/tools/bin/../lib/gcc/arm-none-eabi/7.3.1/thumb/v7e-m/fpv5/hard/crtbegin.o

.RxDecripSection
                0x00000000240003dc       0x60 load address 0x000000000800f34c
 .RxDecripSection
                0x00000000240003dc       0x60 Application/User/main.o
                0x00000000240003dc                DMARxDscrTab

.TxDecripSection
                0x000000002400043c       0x60 load address 0x000000000800f3ac
 .TxDecripSection
                0x000000002400043c       0x60 Application/User/main.o
                0x000000002400043c                DMATxDscrTab
                0x000000002400049c                . = ALIGN (0x4)

.bss            0x00000000240004a0      0x71c load address 0x000000000800f40c
                0x00000000240004a0                _sbss = .
                0x00000000240004a0                __bss_start__ = _sbss
 *(.bss)
 .bss           0x00000000240004a0       0x1c /opt/st/stm32cubeide_1.2.0/plugins/com.st.stm32cube.ide.mcu.externaltools.gnu-tools-for-stm32.7-2018-q2-update.linux64_1.0.0.201904181610/tools/bin/../lib/gcc/arm-none-eabi/7.3.1/thumb/v7e-m/fpv5/hard/crtbegin.o
 *(.bss*)
 .bss.cyclesCount
                0x00000000240004bc        0xc Application/User/aiSystemPerformance.o
 .bss.ia_malloc
                0x00000000240004c8       0x1c Application/User/aiSystemPerformance.o
 .bss.net_exec_ctx
                0x00000000240004e4       0x78 Application/User/aiSystemPerformance.o
                0x00000000240004e4                net_exec_ctx
 .bss.activations
                0x000000002400055c       0x14 Application/User/aiSystemPerformance.o
 .bss.hidden_mode
                0x0000000024000570        0x1 Application/User/aiSystemPerformance.o
 *fill*         0x0000000024000571        0x7 
 .bss.u_observer_ctx
                0x0000000024000578       0x28 Application/User/aiSystemPerformance.o
 .bss.profiling_mode
                0x00000000240005a0        0x1 Application/User/aiSystemPerformance.o
 *fill*         0x00000000240005a1        0x3 
 .bss.gnetworks
                0x00000000240005a4       0x38 Application/User/app_x-cube-ai.o
 .bss.__compound_literal.17
                0x00000000240005dc        0x4 Application/User/network.o
 .bss.__compound_literal.22
                0x00000000240005e0        0x4 Application/User/network.o
 .bss.__compound_literal.25
                0x00000000240005e4       0x18 Application/User/network.o
 .bss.__compound_literal.26
                0x00000000240005fc       0x10 Application/User/network.o
 .bss.__compound_literal.27
                0x000000002400060c        0x8 Application/User/network.o
 .bss.__compound_literal.30
                0x0000000024000614       0x18 Application/User/network.o
 .bss.__compound_literal.31
                0x000000002400062c       0x10 Application/User/network.o
 .bss.__compound_literal.32
                0x000000002400063c        0x8 Application/User/network.o
 .bss.heap_end.6424
                0x0000000024000644        0x4 Application/User/sysmem.o
 .bss.__malloc_free_list
                0x0000000024000648        0x4 /opt/st/stm32cubeide_1.2.0/plugins/com.st.stm32cube.ide.mcu.externaltools.gnu-tools-for-stm32.7-2018-q2-update.linux64_1.0.0.201904181610/tools/bin/../lib/gcc/arm-none-eabi/7.3.1/../../../../arm-none-eabi/lib/thumb/v7e-m/fpv5/hard/libc_nano.a(lib_a-nano-mallocr.o)
                0x0000000024000648                __malloc_free_list
 .bss.__malloc_sbrk_start
                0x000000002400064c        0x4 /opt/st/stm32cubeide_1.2.0/plugins/com.st.stm32cube.ide.mcu.externaltools.gnu-tools-for-stm32.7-2018-q2-update.linux64_1.0.0.201904181610/tools/bin/../lib/gcc/arm-none-eabi/7.3.1/../../../../arm-none-eabi/lib/thumb/v7e-m/fpv5/hard/libc_nano.a(lib_a-nano-mallocr.o)
                0x000000002400064c                __malloc_sbrk_start
 *(COMMON)
 COMMON         0x0000000024000650        0x8 Application/User/aiSystemPerformance.o
                0x0000000024000650                data_out_1
                0x0000000024000654                data_in_1
 COMMON         0x0000000024000658      0x55c Application/User/main.o
                0x0000000024000658                huart3
                0x00000000240006e4                hpcd_USB_OTG_FS
                0x0000000024000aec                hcrc
                0x0000000024000b10                heth
                0x0000000024000b80                TxConfig
 COMMON         0x0000000024000bb4        0x4 Drivers/STM32H7xx_HAL_Driver/stm32h7xx_hal.o
                0x0000000024000bb4                uwTick
 COMMON         0x0000000024000bb8        0x4 /opt/st/stm32cubeide_1.2.0/plugins/com.st.stm32cube.ide.mcu.externaltools.gnu-tools-for-stm32.7-2018-q2-update.linux64_1.0.0.201904181610/tools/bin/../lib/gcc/arm-none-eabi/7.3.1/../../../../arm-none-eabi/lib/thumb/v7e-m/fpv5/hard/libc_nano.a(lib_a-reent.o)
                0x0000000024000bb8                errno
                0x0000000024000bbc                . = ALIGN (0x4)
                0x0000000024000bbc                _ebss = .
                0x0000000024000bbc                __bss_end__ = _ebss

._user_heap_stack
                0x0000000024000bbc      0xa04 load address 0x000000000800f40c
                0x0000000024000bc0                . = ALIGN (0x8)
 *fill*         0x0000000024000bbc        0x4 
                0x0000000024000bc0                PROVIDE (end = .)
                [!provide]                        PROVIDE (_end = .)
                0x0000000024000dc0                . = (. + _Min_Heap_Size)
 *fill*         0x0000000024000bc0      0x200 
                0x00000000240015c0                . = (. + _Min_Stack_Size)
 *fill*         0x0000000024000dc0      0x800 
                0x00000000240015c0                . = ALIGN (0x8)

/DISCARD/
 libc.a(*)
 libm.a(*)
 libgcc.a(*)

.ARM.attributes
                0x0000000000000000       0x2e
 *(.ARM.attributes)
 .ARM.attributes
                0x0000000000000000       0x20 /opt/st/stm32cubeide_1.2.0/plugins/com.st.stm32cube.ide.mcu.externaltools.gnu-tools-for-stm32.7-2018-q2-update.linux64_1.0.0.201904181610/tools/bin/../lib/gcc/arm-none-eabi/7.3.1/thumb/v7e-m/fpv5/hard/crti.o
 .ARM.attributes
                0x0000000000000020       0x32 /opt/st/stm32cubeide_1.2.0/plugins/com.st.stm32cube.ide.mcu.externaltools.gnu-tools-for-stm32.7-2018-q2-update.linux64_1.0.0.201904181610/tools/bin/../lib/gcc/arm-none-eabi/7.3.1/thumb/v7e-m/fpv5/hard/crtbegin.o
 .ARM.attributes
                0x0000000000000052       0x21 Application/Startup/startup_stm32h743zitx.o
 .ARM.attributes
                0x0000000000000073       0x37 Application/User/aiSystemPerformance.o
 .ARM.attributes
                0x00000000000000aa       0x37 Application/User/app_x-cube-ai.o
 .ARM.attributes
                0x00000000000000e1       0x37 Application/User/main.o
 .ARM.attributes
                0x0000000000000118       0x37 Application/User/network.o
 .ARM.attributes
                0x000000000000014f       0x37 Application/User/network_data.o
 .ARM.attributes
                0x0000000000000186       0x37 Application/User/stm32h7xx_hal_msp.o
 .ARM.attributes
                0x00000000000001bd       0x37 Application/User/stm32h7xx_it.o
 .ARM.attributes
                0x00000000000001f4       0x37 Application/User/syscalls.o
 .ARM.attributes
                0x000000000000022b       0x37 Application/User/sysmem.o
 .ARM.attributes
                0x0000000000000262       0x37 Drivers/CMSIS/system_stm32h7xx.o
 .ARM.attributes
                0x0000000000000299       0x37 Drivers/STM32H7xx_HAL_Driver/stm32h7xx_hal.o
 .ARM.attributes
                0x00000000000002d0       0x37 Drivers/STM32H7xx_HAL_Driver/stm32h7xx_hal_cortex.o
 .ARM.attributes
                0x0000000000000307       0x37 Drivers/STM32H7xx_HAL_Driver/stm32h7xx_hal_crc.o
 .ARM.attributes
                0x000000000000033e       0x37 Drivers/STM32H7xx_HAL_Driver/stm32h7xx_hal_crc_ex.o
 .ARM.attributes
                0x0000000000000375       0x37 Drivers/STM32H7xx_HAL_Driver/stm32h7xx_hal_eth.o
 .ARM.attributes
                0x00000000000003ac       0x37 Drivers/STM32H7xx_HAL_Driver/stm32h7xx_hal_gpio.o
 .ARM.attributes
                0x00000000000003e3       0x37 Drivers/STM32H7xx_HAL_Driver/stm32h7xx_hal_pcd.o
 .ARM.attributes
                0x000000000000041a       0x37 Drivers/STM32H7xx_HAL_Driver/stm32h7xx_hal_pcd_ex.o
 .ARM.attributes
                0x0000000000000451       0x37 Drivers/STM32H7xx_HAL_Driver/stm32h7xx_hal_pwr_ex.o
 .ARM.attributes
                0x0000000000000488       0x37 Drivers/STM32H7xx_HAL_Driver/stm32h7xx_hal_rcc.o
 .ARM.attributes
                0x00000000000004bf       0x37 Drivers/STM32H7xx_HAL_Driver/stm32h7xx_hal_rcc_ex.o
 .ARM.attributes
                0x00000000000004f6       0x37 Drivers/STM32H7xx_HAL_Driver/stm32h7xx_hal_uart.o
 .ARM.attributes
                0x000000000000052d       0x37 Drivers/STM32H7xx_HAL_Driver/stm32h7xx_hal_uart_ex.o
 .ARM.attributes
                0x0000000000000564       0x37 Drivers/STM32H7xx_HAL_Driver/stm32h7xx_ll_usb.o
 .ARM.attributes
                0x000000000000059b       0x33 ../../Middlewares/ST/AI/Lib/NetworkRuntime511_CM7_GCC.a(ai_platform_interface.o)
 .ARM.attributes
                0x00000000000005ce       0x33 ../../Middlewares/ST/AI/Lib/NetworkRuntime511_CM7_GCC.a(core_mem_manager.o)
 .ARM.attributes
                0x0000000000000601       0x33 ../../Middlewares/ST/AI/Lib/NetworkRuntime511_CM7_GCC.a(core_common.o)
 .ARM.attributes
                0x0000000000000634       0x33 ../../Middlewares/ST/AI/Lib/NetworkRuntime511_CM7_GCC.a(layers_conv2d_generic_float.o)
 .ARM.attributes
                0x0000000000000667       0x33 ../../Middlewares/ST/AI/Lib/NetworkRuntime511_CM7_GCC.a(layers.o)
 .ARM.attributes
                0x000000000000069a       0x33 ../../Middlewares/ST/AI/Lib/NetworkRuntime511_CM7_GCC.a(ai_datatypes_format.o)
 .ARM.attributes
                0x00000000000006cd       0x32 /opt/st/stm32cubeide_1.2.0/plugins/com.st.stm32cube.ide.mcu.externaltools.gnu-tools-for-stm32.7-2018-q2-update.linux64_1.0.0.201904181610/tools/bin/../lib/gcc/arm-none-eabi/7.3.1/../../../../arm-none-eabi/lib/thumb/v7e-m/fpv5/hard/libc_nano.a(lib_a-errno.o)
 .ARM.attributes
                0x00000000000006ff       0x32 /opt/st/stm32cubeide_1.2.0/plugins/com.st.stm32cube.ide.mcu.externaltools.gnu-tools-for-stm32.7-2018-q2-update.linux64_1.0.0.201904181610/tools/bin/../lib/gcc/arm-none-eabi/7.3.1/../../../../arm-none-eabi/lib/thumb/v7e-m/fpv5/hard/libc_nano.a(lib_a-fflush.o)
 .ARM.attributes